2026-09-17 20:02:38.563 [restartedMain] INFO  project_backend.BackendApplication - Starting BackendApplication using Java 17.0.18 with PID 22464 (D:\HOC_LAP_TRINH\AI_Application\2. Project Example Holiday\Example Project Holiday\qivora\Backend\build\classes\java\main started by HUY HOAN in D:\HOC_LAP_TRINH\AI_Application\2. Project Example Holiday\Example Project Holiday\qivora\Backend)
2026-09-17 20:02:38.566 [restartedMain] INFO  project_backend.BackendApplication - No active profile set, falling back to 1 default profile: "default"
2026-09-17 20:02:43.246 [restartedMain] INFO  com.zaxxer.hikari.HikariDataSource - HikariPool-1 - Starting...
2026-09-17 20:02:44.325 [restartedMain] INFO  com.zaxxer.hikari.pool.HikariPool - HikariPool-1 - Added connection org.postgresql.jdbc.PgConnection@4b296f4e
2026-09-17 20:02:44.329 [restartedMain] INFO  com.zaxxer.hikari.HikariDataSource - HikariPool-1 - Start completed.
2026-09-17 20:02:52.244 [restartedMain] INFO  project_backend.BackendApplication - Started BackendApplication in 14.184 seconds (process running for 15.32)
2026-09-17 20:03:42.038 [http-nio-8080-exec-7] INFO  project_backend.aspect.AppAspect - User: anonymousUser | Chức năng: login() | Thời gian thực hiện: 1454 ms
2026-09-17 20:03:44.121 [http-nio-8080-exec-8] INFO  project_backend.aspect.AppAspect - User: Anonymous | Chức năng: isCheckBlacklist() | Thời gian thực hiện: 1717 ms
2026-09-17 20:03:44.121 [http-nio-8080-exec-10] INFO  project_backend.aspect.AppAspect - User: Anonymous | Chức năng: isCheckBlacklist() | Thời gian thực hiện: 1713 ms
2026-09-17 20:03:44.121 [http-nio-8080-exec-9] INFO  project_backend.aspect.AppAspect - User: Anonymous | Chức năng: isCheckBlacklist() | Thời gian thực hiện: 1713 ms
2026-09-17 20:03:44.146 [http-nio-8080-exec-8] INFO  project_backend.aspect.AppAspect - User: test | Chức năng: getCurrentUser() | Thời gian thực hiện: 6 ms
2026-09-17 20:03:44.161 [http-nio-8080-exec-1] INFO  project_backend.aspect.AppAspect - User: Anonymous | Chức năng: isCheckBlacklist() | Thời gian thực hiện: 2 ms
2026-09-17 20:03:44.179 [http-nio-8080-exec-1] INFO  project_backend.aspect.AppAspect - User: test | Chức năng: getCurrentUser() | Thời gian thực hiện: 7 ms
2026-09-17 20:03:44.242 [http-nio-8080-exec-9] INFO  project_backend.aspect.AppAspect - User: test | Chức năng: getMyAttemptHistory() | Thời gian thực hiện: 104 ms
2026-09-17 20:03:44.266 [http-nio-8080-exec-2] INFO  project_backend.aspect.AppAspect - User: Anonymous | Chức năng: isCheckBlacklist() | Thời gian thực hiện: 2 ms
2026-09-17 20:03:44.274 [http-nio-8080-exec-10] INFO  project_backend.aspect.AppAspect - User: test | Chức năng: getTopRankings() | Thời gian thực hiện: 124 ms
2026-09-17 20:03:44.283 [http-nio-8080-exec-2] INFO  project_backend.aspect.AppAspect - User: test | Chức năng: getMyAttemptHistory() | Thời gian thực hiện: 7 ms
2026-09-17 20:03:44.294 [http-nio-8080-exec-3] INFO  project_backend.aspect.AppAspect - User: Anonymous | Chức năng: isCheckBlacklist() | Thời gian thực hiện: 1 ms
2026-09-17 20:03:44.313 [http-nio-8080-exec-3] INFO  project_backend.aspect.AppAspect - User: test | Chức năng: getTopRankings() | Thời gian thực hiện: 10 ms
2026-09-17 20:03:52.074 [http-nio-8080-exec-5] INFO  project_backend.aspect.AppAspect - User: Anonymous | Chức năng: isCheckBlacklist() | Thời gian thực hiện: 1 ms
2026-09-17 20:03:52.270 [http-nio-8080-exec-5] INFO  project_backend.aspect.AppAspect - User: test | Chức năng: login() | Thời gian thực hiện: 182 ms
2026-09-17 20:03:52.343 [http-nio-8080-exec-4] INFO  project_backend.aspect.AppAspect - User: Anonymous | Chức năng: isCheckBlacklist() | Thời gian thực hiện: 1 ms
2026-09-17 20:03:52.343 [http-nio-8080-exec-7] INFO  project_backend.aspect.AppAspect - User: Anonymous | Chức năng: isCheckBlacklist() | Thời gian thực hiện: 1 ms
2026-09-17 20:03:52.344 [http-nio-8080-exec-6] INFO  project_backend.aspect.AppAspect - User: Anonymous | Chức năng: isCheckBlacklist() | Thời gian thực hiện: 1 ms
2026-09-17 20:03:52.353 [http-nio-8080-exec-4] INFO  project_backend.aspect.AppAspect - User: test | Chức năng: getCurrentUser() | Thời gian thực hiện: 4 ms
2026-09-17 20:03:52.357 [http-nio-8080-exec-6] INFO  project_backend.aspect.AppAspect - User: test | Chức năng: getMyAttemptHistory() | Thời gian thực hiện: 8 ms
2026-09-17 20:03:52.358 [http-nio-8080-exec-7] INFO  project_backend.aspect.AppAspect - User: test | Chức năng: getTopRankings() | Thời gian thực hiện: 9 ms
2026-09-17 20:03:52.365 [http-nio-8080-exec-8] INFO  project_backend.aspect.AppAspect - User: Anonymous | Chức năng: isCheckBlacklist() | Thời gian thực hiện: 2 ms
2026-09-17 20:03:52.368 [http-nio-8080-exec-1] INFO  project_backend.aspect.AppAspect - User: Anonymous | Chức năng: isCheckBlacklist() | Thời gian thực hiện: 1 ms
2026-09-17 20:03:52.368 [http-nio-8080-exec-9] INFO  project_backend.aspect.AppAspect - User: Anonymous | Chức năng: isCheckBlacklist() | Thời gian thực hiện: 1 ms
2026-09-17 20:03:52.373 [http-nio-8080-exec-8] INFO  project_backend.aspect.AppAspect - User: test | Chức năng: getCurrentUser() | Thời gian thực hiện: 3 ms
2026-09-17 20:03:52.380 [http-nio-8080-exec-9] INFO  project_backend.aspect.AppAspect - User: test | Chức năng: getTopRankings() | Thời gian thực hiện: 7 ms
2026-09-17 20:03:52.383 [http-nio-8080-exec-1] INFO  project_backend.aspect.AppAspect - User: test | Chức năng: getMyAttemptHistory() | Thời gian thực hiện: 10 ms
2026-09-17 20:04:27.226 [http-nio-8080-exec-10] INFO  project_backend.aspect.AppAspect - User: Anonymous | Chức năng: isCheckBlacklist() | Thời gian thực hiện: 31 ms
2026-09-17 20:04:27.400 [http-nio-8080-exec-10] INFO  project_backend.aspect.AppAspect - User: test | Chức năng: getCurrentUser() | Thời gian thực hiện: 6 ms
2026-09-17 20:04:27.440 [http-nio-8080-exec-2] INFO  project_backend.aspect.AppAspect - User: Anonymous | Chức năng: isCheckBlacklist() | Thời gian thực hiện: 1 ms
2026-09-17 20:04:27.475 [http-nio-8080-exec-2] INFO  project_backend.aspect.AppAspect - User: test | Chức năng: getCurrentUser() | Thời gian thực hiện: 3 ms
2026-09-17 20:04:35.908 [http-nio-8080-exec-3] INFO  project_backend.aspect.AppAspect - User: Anonymous | Chức năng: isCheckBlacklist() | Thời gian thực hiện: 11 ms
2026-09-17 20:04:35.936 [http-nio-8080-exec-3] INFO  project_backend.aspect.AppAspect - User: test | Chức năng: getCurrentUser() | Thời gian thực hiện: 6 ms
2026-09-17 20:04:35.954 [http-nio-8080-exec-5] INFO  project_backend.aspect.AppAspect - User: Anonymous | Chức năng: isCheckBlacklist() | Thời gian thực hiện: 3 ms
2026-09-17 20:04:35.970 [http-nio-8080-exec-5] INFO  project_backend.aspect.AppAspect - User: test | Chức năng: getCurrentUser() | Thời gian thực hiện: 6 ms
2026-09-17 20:04:40.238 [http-nio-8080-exec-4] INFO  project_backend.aspect.AppAspect - User: Anonymous | Chức năng: isCheckBlacklist() | Thời gian thực hiện: 1 ms
2026-09-17 20:04:40.248 [http-nio-8080-exec-4] INFO  project_backend.aspect.AppAspect - User: test | Chức năng: getCurrentUser() | Thời gian thực hiện: 3 ms
2026-09-17 20:04:40.257 [http-nio-8080-exec-7] INFO  project_backend.aspect.AppAspect - User: Anonymous | Chức năng: isCheckBlacklist() | Thời gian thực hiện: 0 ms
2026-09-17 20:04:40.271 [http-nio-8080-exec-7] INFO  project_backend.aspect.AppAspect - User: test | Chức năng: getCurrentUser() | Thời gian thực hiện: 3 ms
2026-09-17 20:04:44.497 [http-nio-8080-exec-6] INFO  project_backend.aspect.AppAspect - User: Anonymous | Chức năng: isCheckBlacklist() | Thời gian thực hiện: 1 ms
2026-09-17 20:04:44.504 [http-nio-8080-exec-8] INFO  project_backend.aspect.AppAspect - User: Anonymous | Chức năng: isCheckBlacklist() | Thời gian thực hiện: 2 ms
2026-09-17 20:04:44.508 [http-nio-8080-exec-6] INFO  project_backend.aspect.AppAspect - User: test | Chức năng: getCurrentUser() | Thời gian thực hiện: 2 ms
2026-09-17 20:04:44.556 [http-nio-8080-exec-9] INFO  project_backend.aspect.AppAspect - User: Anonymous | Chức năng: isCheckBlacklist() | Thời gian thực hiện: 1 ms
2026-09-17 20:04:44.567 [http-nio-8080-exec-9] INFO  project_backend.aspect.AppAspect - User: test | Chức năng: getCurrentUser() | Thời gian thực hiện: 3 ms
2026-09-17 20:04:45.056 [http-nio-8080-exec-8] INFO  project_backend.aspect.AppAspect - User: test | Chức năng: findMyQuizzes() | Thời gian thực hiện: 501 ms
2026-09-17 20:04:45.127 [http-nio-8080-exec-1] INFO  project_backend.aspect.AppAspect - User: Anonymous | Chức năng: isCheckBlacklist() | Thời gian thực hiện: 2 ms
2026-09-17 20:04:45.140 [http-nio-8080-exec-1] INFO  project_backend.aspect.AppAspect - User: test | Chức năng: findMyQuizzes() | Thời gian thực hiện: 3 ms
2026-09-17 20:04:52.074 [http-nio-8080-exec-10] INFO  project_backend.aspect.AppAspect - User: Anonymous | Chức năng: isCheckBlacklist() | Thời gian thực hiện: 1 ms
2026-09-17 20:04:52.084 [http-nio-8080-exec-10] INFO  project_backend.aspect.AppAspect - User: test | Chức năng: getCurrentUser() | Thời gian thực hiện: 2 ms
2026-09-17 20:04:52.094 [http-nio-8080-exec-2] INFO  project_backend.aspect.AppAspect - User: Anonymous | Chức năng: isCheckBlacklist() | Thời gian thực hiện: 2 ms
2026-09-17 20:04:52.108 [http-nio-8080-exec-2] INFO  project_backend.aspect.AppAspect - User: test | Chức năng: getCurrentUser() | Thời gian thực hiện: 5 ms
2026-09-17 20:05:00.201 [http-nio-8080-exec-3] INFO  project_backend.aspect.AppAspect - User: Anonymous | Chức năng: isCheckBlacklist() | Thời gian thực hiện: 1 ms
2026-09-17 20:05:00.209 [http-nio-8080-exec-3] INFO  project_backend.aspect.AppAspect - User: test | Chức năng: getCurrentUser() | Thời gian thực hiện: 2 ms
2026-09-17 20:05:00.217 [http-nio-8080-exec-5] INFO  project_backend.aspect.AppAspect - User: Anonymous | Chức năng: isCheckBlacklist() | Thời gian thực hiện: 1 ms
2026-09-17 20:05:00.232 [http-nio-8080-exec-5] INFO  project_backend.aspect.AppAspect - User: test | Chức năng: getCurrentUser() | Thời gian thực hiện: 5 ms
2026-09-17 20:05:50.262 [http-nio-8080-exec-4] INFO  project_backend.aspect.AppAspect - User: Anonymous | Chức năng: isCheckBlacklist() | Thời gian thực hiện: 1 ms
2026-09-17 20:05:51.204 [http-nio-8080-exec-4] INFO  project_backend.aspect.AppAspect - User: test | Chức năng: createManualQuiz() | Thời gian thực hiện: 297 ms
2026-09-17 20:06:09.699 [http-nio-8080-exec-7] INFO  project_backend.aspect.AppAspect - User: Anonymous | Chức năng: isCheckBlacklist() | Thời gian thực hiện: 2 ms
2026-09-17 20:06:09.905 [http-nio-8080-exec-7] INFO  project_backend.aspect.AppAspect - User: test | Chức năng: findQuizSummaryByCode() | Thời gian thực hiện: 126 ms
2026-09-17 20:06:09.922 [http-nio-8080-exec-6] INFO  project_backend.aspect.AppAspect - User: Anonymous | Chức năng: isCheckBlacklist() | Thời gian thực hiện: 1 ms
2026-09-17 20:06:09.947 [http-nio-8080-exec-6] INFO  project_backend.aspect.AppAspect - User: test | Chức năng: findQuizSummaryByCode() | Thời gian thực hiện: 16 ms
2026-09-17 20:06:13.660 [http-nio-8080-exec-9] INFO  project_backend.aspect.AppAspect - User: Anonymous | Chức năng: isCheckBlacklist() | Thời gian thực hiện: 1 ms
2026-09-17 20:06:13.950 [http-nio-8080-exec-9] INFO  project_backend.aspect.AppAspect - User: test | Chức năng: startQuizByCode() | Thời gian thực hiện: 271 ms
2026-09-17 20:06:20.915 [http-nio-8080-exec-8] INFO  project_backend.aspect.AppAspect - User: Anonymous | Chức năng: isCheckBlacklist() | Thời gian thực hiện: 2 ms
2026-09-17 20:06:20.932 [http-nio-8080-exec-8] INFO  project_backend.aspect.AppAspect - User: test | Chức năng: getCurrentUser() | Thời gian thực hiện: 6 ms
2026-09-17 20:06:20.943 [http-nio-8080-exec-1] INFO  project_backend.aspect.AppAspect - User: Anonymous | Chức năng: isCheckBlacklist() | Thời gian thực hiện: 2 ms
2026-09-17 20:06:20.957 [http-nio-8080-exec-1] INFO  project_backend.aspect.AppAspect - User: test | Chức năng: getCurrentUser() | Thời gian thực hiện: 3 ms
2026-09-17 20:06:28.234 [http-nio-8080-exec-10] INFO  project_backend.aspect.AppAspect - User: Anonymous | Chức năng: isCheckBlacklist() | Thời gian thực hiện: 2 ms
2026-09-17 20:06:28.247 [http-nio-8080-exec-10] INFO  project_backend.aspect.AppAspect - User: test | Chức năng: findQuizSummaryByCode() | Thời gian thực hiện: 6 ms
2026-09-17 20:06:28.256 [http-nio-8080-exec-2] INFO  project_backend.aspect.AppAspect - User: Anonymous | Chức năng: isCheckBlacklist() | Thời gian thực hiện: 1 ms
2026-09-17 20:06:28.271 [http-nio-8080-exec-2] INFO  project_backend.aspect.AppAspect - User: test | Chức năng: findQuizSummaryByCode() | Thời gian thực hiện: 7 ms
2026-09-17 20:06:31.504 [http-nio-8080-exec-3] INFO  project_backend.aspect.AppAspect - User: Anonymous | Chức năng: isCheckBlacklist() | Thời gian thực hiện: 2 ms
2026-09-17 20:06:31.514 [http-nio-8080-exec-3] INFO  project_backend.aspect.AppAspect - User: test | Chức năng: getCurrentUser() | Thời gian thực hiện: 4 ms
2026-09-17 20:06:31.524 [http-nio-8080-exec-5] INFO  project_backend.aspect.AppAspect - User: Anonymous | Chức năng: isCheckBlacklist() | Thời gian thực hiện: 1 ms
2026-09-17 20:06:31.534 [http-nio-8080-exec-5] INFO  project_backend.aspect.AppAspect - User: test | Chức năng: getCurrentUser() | Thời gian thực hiện: 3 ms
2026-09-17 20:16:49.084 [http-nio-8080-exec-8] INFO  project_backend.aspect.AppAspect - User: anonymousUser | Chức năng: login() | Thời gian thực hiện: 525 ms
2026-09-17 20:16:49.276 [http-nio-8080-exec-2] INFO  project_backend.aspect.AppAspect - User: Anonymous | Chức năng: isCheckBlacklist() | Thời gian thực hiện: 51 ms
2026-09-17 20:16:49.276 [http-nio-8080-exec-10] INFO  project_backend.aspect.AppAspect - User: Anonymous | Chức năng: isCheckBlacklist() | Thời gian thực hiện: 52 ms
2026-09-17 20:16:49.276 [http-nio-8080-exec-1] INFO  project_backend.aspect.AppAspect - User: Anonymous | Chức năng: isCheckBlacklist() | Thời gian thực hiện: 52 ms
2026-09-17 20:16:49.310 [http-nio-8080-exec-1] INFO  project_backend.aspect.AppAspect - User: test | Chức năng: getCurrentUser() | Thời gian thực hiện: 6 ms
2026-09-17 20:16:49.323 [http-nio-8080-exec-3] INFO  project_backend.aspect.AppAspect - User: Anonymous | Chức năng: isCheckBlacklist() | Thời gian thực hiện: 2 ms
2026-09-17 20:16:49.332 [http-nio-8080-exec-3] INFO  project_backend.aspect.AppAspect - User: test | Chức năng: getCurrentUser() | Thời gian thực hiện: 4 ms
2026-09-17 20:16:49.384 [http-nio-8080-exec-2] INFO  project_backend.aspect.AppAspect - User: test | Chức năng: getTopRankings() | Thời gian thực hiện: 63 ms
2026-09-17 20:16:49.397 [http-nio-8080-exec-5] INFO  project_backend.aspect.AppAspect - User: Anonymous | Chức năng: isCheckBlacklist() | Thời gian thực hiện: 1 ms
2026-09-17 20:16:49.414 [http-nio-8080-exec-10] INFO  project_backend.aspect.AppAspect - User: test | Chức năng: getMyAttemptHistory() | Thời gian thực hiện: 110 ms
2026-09-17 20:16:49.415 [http-nio-8080-exec-5] INFO  project_backend.aspect.AppAspect - User: test | Chức năng: getTopRankings() | Thời gian thực hiện: 8 ms
2026-09-17 20:16:49.479 [http-nio-8080-exec-7] INFO  project_backend.aspect.AppAspect - User: Anonymous | Chức năng: isCheckBlacklist() | Thời gian thực hiện: 1 ms
2026-09-17 20:16:49.499 [http-nio-8080-exec-7] INFO  project_backend.aspect.AppAspect - User: test | Chức năng: getMyAttemptHistory() | Thời gian thực hiện: 10 ms
2026-09-17 20:16:52.419 [http-nio-8080-exec-4] INFO  project_backend.aspect.AppAspect - User: Anonymous | Chức năng: isCheckBlacklist() | Thời gian thực hiện: 1 ms
2026-09-17 20:16:52.419 [http-nio-8080-exec-6] INFO  project_backend.aspect.AppAspect - User: Anonymous | Chức năng: isCheckBlacklist() | Thời gian thực hiện: 1 ms
2026-09-17 20:16:52.428 [http-nio-8080-exec-4] INFO  project_backend.aspect.AppAspect - User: test | Chức năng: getCurrentUser() | Thời gian thực hiện: 2 ms
2026-09-17 20:16:52.436 [http-nio-8080-exec-9] INFO  project_backend.aspect.AppAspect - User: Anonymous | Chức năng: isCheckBlacklist() | Thời gian thực hiện: 1 ms
2026-09-17 20:16:52.443 [http-nio-8080-exec-9] INFO  project_backend.aspect.AppAspect - User: test | Chức năng: getCurrentUser() | Thời gian thực hiện: 1 ms
2026-09-17 20:16:52.513 [http-nio-8080-exec-6] INFO  project_backend.aspect.AppAspect - User: test | Chức năng: findMyQuizzes() | Thời gian thực hiện: 84 ms
2026-09-17 20:16:52.524 [http-nio-8080-exec-8] INFO  project_backend.aspect.AppAspect - User: Anonymous | Chức năng: isCheckBlacklist() | Thời gian thực hiện: 0 ms
2026-09-17 20:16:52.544 [http-nio-8080-exec-8] INFO  project_backend.aspect.AppAspect - User: test | Chức năng: findMyQuizzes() | Thời gian thực hiện: 13 ms
2026-09-17 20:16:58.844 [http-nio-8080-exec-1] INFO  project_backend.aspect.AppAspect - User: Anonymous | Chức năng: isCheckBlacklist() | Thời gian thực hiện: 1 ms
2026-09-17 20:16:58.978 [http-nio-8080-exec-1] INFO  project_backend.aspect.AppAspect - User: test | Chức năng: getMyQuizManageDetail() | Thời gian thực hiện: 117 ms
2026-09-17 20:17:16.208 [http-nio-8080-exec-3] INFO  project_backend.aspect.AppAspect - User: Anonymous | Chức năng: isCheckBlacklist() | Thời gian thực hiện: 1 ms
2026-09-17 20:17:16.210 [http-nio-8080-exec-2] INFO  project_backend.aspect.AppAspect - User: Anonymous | Chức năng: isCheckBlacklist() | Thời gian thực hiện: 1 ms
2026-09-17 20:17:16.210 [http-nio-8080-exec-5] INFO  project_backend.aspect.AppAspect - User: Anonymous | Chức năng: isCheckBlacklist() | Thời gian thực hiện: 1 ms
2026-09-17 20:17:16.217 [http-nio-8080-exec-3] INFO  project_backend.aspect.AppAspect - User: test | Chức năng: getCurrentUser() | Thời gian thực hiện: 2 ms
2026-09-17 20:17:16.221 [http-nio-8080-exec-2] INFO  project_backend.aspect.AppAspect - User: test | Chức năng: getMyAttemptHistory() | Thời gian thực hiện: 6 ms
2026-09-17 20:17:16.222 [http-nio-8080-exec-5] INFO  project_backend.aspect.AppAspect - User: test | Chức năng: getTopRankings() | Thời gian thực hiện: 7 ms
2026-09-17 20:17:16.235 [http-nio-8080-exec-10] INFO  project_backend.aspect.AppAspect - User: Anonymous | Chức năng: isCheckBlacklist() | Thời gian thực hiện: 1 ms
2026-09-17 20:17:16.245 [http-nio-8080-exec-10] INFO  project_backend.aspect.AppAspect - User: test | Chức năng: getCurrentUser() | Thời gian thực hiện: 4 ms
2026-09-17 20:17:16.253 [http-nio-8080-exec-7] INFO  project_backend.aspect.AppAspect - User: Anonymous | Chức năng: isCheckBlacklist() | Thời gian thực hiện: 1 ms
2026-09-17 20:17:16.254 [http-nio-8080-exec-4] INFO  project_backend.aspect.AppAspect - User: Anonymous | Chức năng: isCheckBlacklist() | Thời gian thực hiện: 1 ms
2026-09-17 20:17:16.268 [http-nio-8080-exec-7] INFO  project_backend.aspect.AppAspect - User: test | Chức năng: getMyAttemptHistory() | Thời gian thực hiện: 6 ms
2026-09-17 20:17:16.273 [http-nio-8080-exec-4] INFO  project_backend.aspect.AppAspect - User: test | Chức năng: getTopRankings() | Thời gian thực hiện: 11 ms
2026-09-17 20:17:18.215 [http-nio-8080-exec-9] INFO  project_backend.aspect.AppAspect - User: Anonymous | Chức năng: isCheckBlacklist() | Thời gian thực hiện: 2 ms
2026-09-17 20:17:18.215 [http-nio-8080-exec-6] INFO  project_backend.aspect.AppAspect - User: Anonymous | Chức năng: isCheckBlacklist() | Thời gian thực hiện: 2 ms
2026-09-17 20:17:18.225 [http-nio-8080-exec-9] INFO  project_backend.aspect.AppAspect - User: test | Chức năng: getCurrentUser() | Thời gian thực hiện: 4 ms
2026-09-17 20:17:18.229 [http-nio-8080-exec-6] INFO  project_backend.aspect.AppAspect - User: test | Chức năng: findMyQuizzes() | Thời gian thực hiện: 7 ms
2026-09-17 20:17:18.237 [http-nio-8080-exec-8] INFO  project_backend.aspect.AppAspect - User: Anonymous | Chức năng: isCheckBlacklist() | Thời gian thực hiện: 1 ms
2026-09-17 20:17:18.240 [http-nio-8080-exec-1] INFO  project_backend.aspect.AppAspect - User: Anonymous | Chức năng: isCheckBlacklist() | Thời gian thực hiện: 1 ms
2026-09-17 20:17:18.249 [http-nio-8080-exec-8] INFO  project_backend.aspect.AppAspect - User: test | Chức năng: getCurrentUser() | Thời gian thực hiện: 4 ms
2026-09-17 20:17:18.255 [http-nio-8080-exec-1] INFO  project_backend.aspect.AppAspect - User: test | Chức năng: findMyQuizzes() | Thời gian thực hiện: 9 ms
2026-09-17 20:17:18.943 [http-nio-8080-exec-3] INFO  project_backend.aspect.AppAspect - User: Anonymous | Chức năng: isCheckBlacklist() | Thời gian thực hiện: 1 ms
2026-09-17 20:17:18.949 [http-nio-8080-exec-2] INFO  project_backend.aspect.AppAspect - User: Anonymous | Chức năng: isCheckBlacklist() | Thời gian thực hiện: 1 ms
2026-09-17 20:17:18.950 [http-nio-8080-exec-5] INFO  project_backend.aspect.AppAspect - User: Anonymous | Chức năng: isCheckBlacklist() | Thời gian thực hiện: 1 ms
2026-09-17 20:17:18.957 [http-nio-8080-exec-3] INFO  project_backend.aspect.AppAspect - User: test | Chức năng: getCurrentUser() | Thời gian thực hiện: 3 ms
2026-09-17 20:17:18.965 [http-nio-8080-exec-10] INFO  project_backend.aspect.AppAspect - User: Anonymous | Chức năng: isCheckBlacklist() | Thời gian thực hiện: 1 ms
2026-09-17 20:17:18.966 [http-nio-8080-exec-5] INFO  project_backend.aspect.AppAspect - User: test | Chức năng: getTopRankings() | Thời gian thực hiện: 9 ms
2026-09-17 20:17:18.967 [http-nio-8080-exec-2] INFO  project_backend.aspect.AppAspect - User: test | Chức năng: getMyAttemptHistory() | Thời gian thực hiện: 10 ms
2026-09-17 20:17:18.977 [http-nio-8080-exec-10] INFO  project_backend.aspect.AppAspect - User: test | Chức năng: getCurrentUser() | Thời gian thực hiện: 4 ms
2026-09-17 20:17:18.986 [http-nio-8080-exec-4] INFO  project_backend.aspect.AppAspect - User: Anonymous | Chức năng: isCheckBlacklist() | Thời gian thực hiện: 9 ms
2026-09-17 20:17:18.986 [http-nio-8080-exec-7] INFO  project_backend.aspect.AppAspect - User: Anonymous | Chức năng: isCheckBlacklist() | Thời gian thực hiện: 9 ms
2026-09-17 20:17:18.995 [http-nio-8080-exec-7] INFO  project_backend.aspect.AppAspect - User: test | Chức năng: getTopRankings() | Thời gian thực hiện: 4 ms
2026-09-17 20:17:18.995 [http-nio-8080-exec-4] INFO  project_backend.aspect.AppAspect - User: test | Chức năng: getMyAttemptHistory() | Thời gian thực hiện: 5 ms
2026-09-17 20:17:21.229 [http-nio-8080-exec-9] INFO  project_backend.aspect.AppAspect - User: Anonymous | Chức năng: isCheckBlacklist() | Thời gian thực hiện: 1 ms
2026-09-17 20:17:21.229 [http-nio-8080-exec-6] INFO  project_backend.aspect.AppAspect - User: Anonymous | Chức năng: isCheckBlacklist() | Thời gian thực hiện: 1 ms
2026-09-17 20:17:21.239 [http-nio-8080-exec-9] INFO  project_backend.aspect.AppAspect - User: test | Chức năng: getCurrentUser() | Thời gian thực hiện: 3 ms
2026-09-17 20:17:21.244 [http-nio-8080-exec-6] INFO  project_backend.aspect.AppAspect - User: test | Chức năng: findMyQuizzes() | Thời gian thực hiện: 8 ms
2026-09-17 20:17:21.247 [http-nio-8080-exec-8] INFO  project_backend.aspect.AppAspect - User: Anonymous | Chức năng: isCheckBlacklist() | Thời gian thực hiện: 1 ms
2026-09-17 20:17:21.252 [http-nio-8080-exec-1] INFO  project_backend.aspect.AppAspect - User: Anonymous | Chức năng: isCheckBlacklist() | Thời gian thực hiện: 2 ms
2026-09-17 20:17:21.253 [http-nio-8080-exec-8] INFO  project_backend.aspect.AppAspect - User: test | Chức năng: getCurrentUser() | Thời gian thực hiện: 2 ms
2026-09-17 20:17:21.263 [http-nio-8080-exec-1] INFO  project_backend.aspect.AppAspect - User: test | Chức năng: findMyQuizzes() | Thời gian thực hiện: 6 ms
2026-09-17 20:17:24.440 [http-nio-8080-exec-3] INFO  project_backend.aspect.AppAspect - User: Anonymous | Chức năng: isCheckBlacklist() | Thời gian thực hiện: 1 ms
2026-09-17 20:17:24.447 [http-nio-8080-exec-3] INFO  project_backend.aspect.AppAspect - User: test | Chức năng: getCurrentUser() | Thời gian thực hiện: 2 ms
2026-09-17 20:17:24.454 [http-nio-8080-exec-5] INFO  project_backend.aspect.AppAspect - User: Anonymous | Chức năng: isCheckBlacklist() | Thời gian thực hiện: 1 ms
2026-09-17 20:17:24.461 [http-nio-8080-exec-5] INFO  project_backend.aspect.AppAspect - User: test | Chức năng: getCurrentUser() | Thời gian thực hiện: 2 ms
2026-09-17 20:17:25.650 [http-nio-8080-exec-10] INFO  project_backend.aspect.AppAspect - User: Anonymous | Chức năng: isCheckBlacklist() | Thời gian thực hiện: 1 ms
2026-09-17 20:17:25.650 [http-nio-8080-exec-2] INFO  project_backend.aspect.AppAspect - User: Anonymous | Chức năng: isCheckBlacklist() | Thời gian thực hiện: 1 ms
2026-09-17 20:17:25.657 [http-nio-8080-exec-2] INFO  project_backend.aspect.AppAspect - User: test | Chức năng: getCurrentUser() | Thời gian thực hiện: 2 ms
2026-09-17 20:17:25.662 [http-nio-8080-exec-10] INFO  project_backend.aspect.AppAspect - User: test | Chức năng: findMyQuizzes() | Thời gian thực hiện: 7 ms
2026-09-17 20:17:25.666 [http-nio-8080-exec-4] INFO  project_backend.aspect.AppAspect - User: Anonymous | Chức năng: isCheckBlacklist() | Thời gian thực hiện: 1 ms
2026-09-17 20:17:25.669 [http-nio-8080-exec-7] INFO  project_backend.aspect.AppAspect - User: Anonymous | Chức năng: isCheckBlacklist() | Thời gian thực hiện: 1 ms
2026-09-17 20:17:25.674 [http-nio-8080-exec-4] INFO  project_backend.aspect.AppAspect - User: test | Chức năng: getCurrentUser() | Thời gian thực hiện: 3 ms
2026-09-17 20:17:25.683 [http-nio-8080-exec-7] INFO  project_backend.aspect.AppAspect - User: test | Chức năng: findMyQuizzes() | Thời gian thực hiện: 9 ms
2026-09-17 20:19:21.023 [http-nio-8080-exec-9] INFO  project_backend.aspect.AppAspect - User: Anonymous | Chức năng: isCheckBlacklist() | Thời gian thực hiện: 29 ms
2026-09-17 20:19:21.225 [http-nio-8080-exec-9] INFO  project_backend.aspect.AppAspect - User: test | Chức năng: getCurrentUser() | Thời gian thực hiện: 6 ms
2026-09-17 20:19:21.285 [http-nio-8080-exec-6] INFO  project_backend.aspect.AppAspect - User: Anonymous | Chức năng: isCheckBlacklist() | Thời gian thực hiện: 6 ms
2026-09-17 20:19:21.296 [http-nio-8080-exec-6] INFO  project_backend.aspect.AppAspect - User: test | Chức năng: getCurrentUser() | Thời gian thực hiện: 4 ms
2026-09-17 20:19:22.089 [http-nio-8080-exec-1] INFO  project_backend.aspect.AppAspect - User: Anonymous | Chức năng: isCheckBlacklist() | Thời gian thực hiện: 5 ms
2026-09-17 20:19:22.089 [http-nio-8080-exec-8] INFO  project_backend.aspect.AppAspect - User: Anonymous | Chức năng: isCheckBlacklist() | Thời gian thực hiện: 6 ms
2026-09-17 20:19:22.097 [http-nio-8080-exec-8] INFO  project_backend.aspect.AppAspect - User: test | Chức năng: getCurrentUser() | Thời gian thực hiện: 3 ms
2026-09-17 20:19:22.109 [http-nio-8080-exec-3] INFO  project_backend.aspect.AppAspect - User: Anonymous | Chức năng: isCheckBlacklist() | Thời gian thực hiện: 1 ms
2026-09-17 20:19:22.115 [http-nio-8080-exec-3] INFO  project_backend.aspect.AppAspect - User: test | Chức năng: getCurrentUser() | Thời gian thực hiện: 2 ms
2026-09-17 20:19:22.148 [http-nio-8080-exec-1] INFO  project_backend.aspect.AppAspect - User: test | Chức năng: findMyQuizzes() | Thời gian thực hiện: 46 ms
2026-09-17 20:19:22.160 [http-nio-8080-exec-5] INFO  project_backend.aspect.AppAspect - User: Anonymous | Chức năng: isCheckBlacklist() | Thời gian thực hiện: 2 ms
2026-09-17 20:19:22.175 [http-nio-8080-exec-5] INFO  project_backend.aspect.AppAspect - User: test | Chức năng: findMyQuizzes() | Thời gian thực hiện: 8 ms
2026-09-17 20:19:22.791 [http-nio-8080-exec-2] INFO  project_backend.aspect.AppAspect - User: Anonymous | Chức năng: isCheckBlacklist() | Thời gian thực hiện: 1 ms
2026-09-17 20:19:22.791 [http-nio-8080-exec-10] INFO  project_backend.aspect.AppAspect - User: Anonymous | Chức năng: isCheckBlacklist() | Thời gian thực hiện: 1 ms
2026-09-17 20:19:22.792 [http-nio-8080-exec-4] INFO  project_backend.aspect.AppAspect - User: Anonymous | Chức năng: isCheckBlacklist() | Thời gian thực hiện: 2 ms
2026-09-17 20:19:22.802 [http-nio-8080-exec-2] INFO  project_backend.aspect.AppAspect - User: test | Chức năng: getCurrentUser() | Thời gian thực hiện: 3 ms
2026-09-17 20:19:22.813 [http-nio-8080-exec-7] INFO  project_backend.aspect.AppAspect - User: Anonymous | Chức năng: isCheckBlacklist() | Thời gian thực hiện: 1 ms
2026-09-17 20:19:22.822 [http-nio-8080-exec-7] INFO  project_backend.aspect.AppAspect - User: test | Chức năng: getCurrentUser() | Thời gian thực hiện: 2 ms
2026-09-17 20:19:22.851 [http-nio-8080-exec-10] INFO  project_backend.aspect.AppAspect - User: test | Chức năng: getMyAttemptHistory() | Thời gian thực hiện: 52 ms
2026-09-17 20:19:22.854 [http-nio-8080-exec-4] INFO  project_backend.aspect.AppAspect - User: test | Chức năng: getTopRankings() | Thời gian thực hiện: 54 ms
2026-09-17 20:19:22.872 [http-nio-8080-exec-9] INFO  project_backend.aspect.AppAspect - User: Anonymous | Chức năng: isCheckBlacklist() | Thời gian thực hiện: 1 ms
2026-09-17 20:19:22.872 [http-nio-8080-exec-6] INFO  project_backend.aspect.AppAspect - User: Anonymous | Chức năng: isCheckBlacklist() | Thời gian thực hiện: 1 ms
2026-09-17 20:19:22.884 [http-nio-8080-exec-9] INFO  project_backend.aspect.AppAspect - User: test | Chức năng: getMyAttemptHistory() | Thời gian thực hiện: 5 ms
2026-09-17 20:19:22.884 [http-nio-8080-exec-6] INFO  project_backend.aspect.AppAspect - User: test | Chức năng: getTopRankings() | Thời gian thực hiện: 5 ms
2026-09-17 20:19:23.991 [http-nio-8080-exec-3] INFO  project_backend.aspect.AppAspect - User: Anonymous | Chức năng: isCheckBlacklist() | Thời gian thực hiện: 1 ms
2026-09-17 20:19:23.991 [http-nio-8080-exec-8] INFO  project_backend.aspect.AppAspect - User: Anonymous | Chức năng: isCheckBlacklist() | Thời gian thực hiện: 1 ms
2026-09-17 20:19:23.999 [http-nio-8080-exec-8] INFO  project_backend.aspect.AppAspect - User: test | Chức năng: getCurrentUser() | Thời gian thực hiện: 2 ms
2026-09-17 20:19:24.010 [http-nio-8080-exec-1] INFO  project_backend.aspect.AppAspect - User: Anonymous | Chức năng: isCheckBlacklist() | Thời gian thực hiện: 1 ms
2026-09-17 20:19:24.011 [http-nio-8080-exec-3] INFO  project_backend.aspect.AppAspect - User: test | Chức năng: findMyQuizzes() | Thời gian thực hiện: 14 ms
2026-09-17 20:19:24.020 [http-nio-8080-exec-1] INFO  project_backend.aspect.AppAspect - User: test | Chức năng: getCurrentUser() | Thời gian thực hiện: 3 ms
2026-09-17 20:19:24.021 [http-nio-8080-exec-5] INFO  project_backend.aspect.AppAspect - User: Anonymous | Chức năng: isCheckBlacklist() | Thời gian thực hiện: 1 ms
2026-09-17 20:19:24.040 [http-nio-8080-exec-5] INFO  project_backend.aspect.AppAspect - User: test | Chức năng: findMyQuizzes() | Thời gian thực hiện: 10 ms
2026-09-17 20:19:30.473 [http-nio-8080-exec-2] INFO  project_backend.aspect.AppAspect - User: Anonymous | Chức năng: isCheckBlacklist() | Thời gian thực hiện: 1 ms
2026-09-17 20:19:30.473 [http-nio-8080-exec-7] INFO  project_backend.aspect.AppAspect - User: Anonymous | Chức năng: isCheckBlacklist() | Thời gian thực hiện: 1 ms
2026-09-17 20:19:30.473 [http-nio-8080-exec-10] INFO  project_backend.aspect.AppAspect - User: Anonymous | Chức năng: isCheckBlacklist() | Thời gian thực hiện: 1 ms
2026-09-17 20:19:30.482 [http-nio-8080-exec-2] INFO  project_backend.aspect.AppAspect - User: test | Chức năng: getCurrentUser() | Thời gian thực hiện: 4 ms
2026-09-17 20:19:30.484 [http-nio-8080-exec-7] INFO  project_backend.aspect.AppAspect - User: test | Chức năng: getMyAttemptHistory() | Thời gian thực hiện: 6 ms
2026-09-17 20:19:30.484 [http-nio-8080-exec-10] INFO  project_backend.aspect.AppAspect - User: test | Chức năng: getTopRankings() | Thời gian thực hiện: 5 ms
2026-09-17 20:19:30.503 [http-nio-8080-exec-4] INFO  project_backend.aspect.AppAspect - User: Anonymous | Chức năng: isCheckBlacklist() | Thời gian thực hiện: 1 ms
2026-09-17 20:19:30.504 [http-nio-8080-exec-9] INFO  project_backend.aspect.AppAspect - User: Anonymous | Chức năng: isCheckBlacklist() | Thời gian thực hiện: 1 ms
2026-09-17 20:19:30.504 [http-nio-8080-exec-6] INFO  project_backend.aspect.AppAspect - User: Anonymous | Chức năng: isCheckBlacklist() | Thời gian thực hiện: 1 ms
2026-09-17 20:19:30.515 [http-nio-8080-exec-4] INFO  project_backend.aspect.AppAspect - User: test | Chức năng: getCurrentUser() | Thời gian thực hiện: 4 ms
2026-09-17 20:19:30.517 [http-nio-8080-exec-9] INFO  project_backend.aspect.AppAspect - User: test | Chức năng: getTopRankings() | Thời gian thực hiện: 6 ms
2026-09-17 20:19:30.518 [http-nio-8080-exec-6] INFO  project_backend.aspect.AppAspect - User: test | Chức năng: getMyAttemptHistory() | Thời gian thực hiện: 7 ms
2026-09-17 20:19:33.695 [http-nio-8080-exec-8] INFO  project_backend.aspect.AppAspect - User: Anonymous | Chức năng: isCheckBlacklist() | Thời gian thực hiện: 1 ms
2026-09-17 20:19:33.723 [http-nio-8080-exec-8] INFO  project_backend.aspect.AppAspect - User: test | Chức năng: findQuizSummaryByCode() | Thời gian thực hiện: 11 ms
2026-09-17 20:19:33.734 [http-nio-8080-exec-3] INFO  project_backend.aspect.AppAspect - User: Anonymous | Chức năng: isCheckBlacklist() | Thời gian thực hiện: 1 ms
2026-09-17 20:19:33.746 [http-nio-8080-exec-3] INFO  project_backend.aspect.AppAspect - User: test | Chức năng: findQuizSummaryByCode() | Thời gian thực hiện: 6 ms
2026-09-17 20:19:45.080 [http-nio-8080-exec-1] INFO  project_backend.aspect.AppAspect - User: Anonymous | Chức năng: isCheckBlacklist() | Thời gian thực hiện: 1 ms
2026-09-17 20:19:45.355 [http-nio-8080-exec-1] INFO  project_backend.aspect.AppAspect - User: test | Chức năng: startQuizByCode() | Thời gian thực hiện: 240 ms
2026-09-17 20:19:59.234 [http-nio-8080-exec-5] INFO  project_backend.aspect.AppAspect - User: Anonymous | Chức năng: isCheckBlacklist() | Thời gian thực hiện: 1 ms
2026-09-17 20:19:59.917 [http-nio-8080-exec-5] INFO  project_backend.aspect.AppAspect - User: test | Chức năng: submitQuiz() | Thời gian thực hiện: 448 ms
2026-09-17 20:20:14.474 [http-nio-8080-exec-2] INFO  project_backend.aspect.AppAspect - User: Anonymous | Chức năng: isCheckBlacklist() | Thời gian thực hiện: 1 ms
2026-09-17 20:20:14.482 [http-nio-8080-exec-2] INFO  project_backend.aspect.AppAspect - User: test | Chức năng: getCurrentUser() | Thời gian thực hiện: 2 ms
2026-09-17 20:20:14.489 [http-nio-8080-exec-7] INFO  project_backend.aspect.AppAspect - User: Anonymous | Chức năng: isCheckBlacklist() | Thời gian thực hiện: 1 ms
2026-09-17 20:20:14.497 [http-nio-8080-exec-7] INFO  project_backend.aspect.AppAspect - User: test | Chức năng: getCurrentUser() | Thời gian thực hiện: 2 ms
2026-09-17 20:20:19.911 [http-nio-8080-exec-10] INFO  project_backend.aspect.AppAspect - User: Anonymous | Chức năng: isCheckBlacklist() | Thời gian thực hiện: 1 ms
2026-09-17 20:20:19.929 [http-nio-8080-exec-10] INFO  project_backend.aspect.AppAspect - User: test | Chức năng: findQuizSummaryByCode() | Thời gian thực hiện: 10 ms
2026-09-17 20:20:19.939 [http-nio-8080-exec-4] INFO  project_backend.aspect.AppAspect - User: Anonymous | Chức năng: isCheckBlacklist() | Thời gian thực hiện: 1 ms
2026-09-17 20:20:19.952 [http-nio-8080-exec-4] INFO  project_backend.aspect.AppAspect - User: test | Chức năng: findQuizSummaryByCode() | Thời gian thực hiện: 5 ms
2026-09-17 20:20:45.036 [http-nio-8080-exec-9] INFO  project_backend.aspect.AppAspect - User: Anonymous | Chức năng: isCheckBlacklist() | Thời gian thực hiện: 2 ms
2026-09-17 20:20:45.214 [http-nio-8080-exec-9] INFO  project_backend.aspect.AppAspect - User: test | Chức năng: startQuizByCode() | Thời gian thực hiện: 172 ms
2026-09-17 20:20:47.035 [http-nio-8080-exec-6] INFO  project_backend.aspect.AppAspect - User: Anonymous | Chức năng: isCheckBlacklist() | Thời gian thực hiện: 2 ms
2026-09-17 20:20:50.360 [http-nio-8080-exec-8] INFO  project_backend.aspect.AppAspect - User: Anonymous | Chức năng: isCheckBlacklist() | Thời gian thực hiện: 2 ms
2026-09-17 20:20:53.244 [http-nio-8080-exec-3] INFO  project_backend.aspect.AppAspect - User: Anonymous | Chức năng: isCheckBlacklist() | Thời gian thực hiện: 1 ms
2026-09-17 20:20:56.699 [http-nio-8080-exec-1] INFO  project_backend.aspect.AppAspect - User: Anonymous | Chức năng: isCheckBlacklist() | Thời gian thực hiện: 1 ms
2026-09-17 20:20:56.712 [http-nio-8080-exec-1] INFO  project_backend.aspect.AppAspect - User: test | Chức năng: findQuizSummaryByCode() | Thời gian thực hiện: 7 ms
2026-09-17 20:20:56.722 [http-nio-8080-exec-5] INFO  project_backend.aspect.AppAspect - User: Anonymous | Chức năng: isCheckBlacklist() | Thời gian thực hiện: 1 ms
2026-09-17 20:20:56.732 [http-nio-8080-exec-5] INFO  project_backend.aspect.AppAspect - User: test | Chức năng: findQuizSummaryByCode() | Thời gian thực hiện: 5 ms
2026-09-17 20:20:58.354 [http-nio-8080-exec-2] INFO  project_backend.aspect.AppAspect - User: Anonymous | Chức năng: isCheckBlacklist() | Thời gian thực hiện: 1 ms
2026-09-17 20:20:58.504 [http-nio-8080-exec-2] INFO  project_backend.aspect.AppAspect - User: test | Chức năng: startQuizByCode() | Thời gian thực hiện: 142 ms
2026-09-17 20:21:00.188 [http-nio-8080-exec-7] INFO  project_backend.aspect.AppAspect - User: Anonymous | Chức năng: isCheckBlacklist() | Thời gian thực hiện: 1 ms
2026-09-17 20:21:02.453 [http-nio-8080-exec-10] INFO  project_backend.aspect.AppAspect - User: Anonymous | Chức năng: isCheckBlacklist() | Thời gian thực hiện: 2 ms
2026-09-17 20:21:02.518 [http-nio-8080-exec-10] INFO  project_backend.aspect.AppAspect - User: test | Chức năng: submitQuiz() | Thời gian thực hiện: 53 ms
2026-09-17 20:21:06.215 [http-nio-8080-exec-4] INFO  project_backend.aspect.AppAspect - User: Anonymous | Chức năng: isCheckBlacklist() | Thời gian thực hiện: 1 ms
2026-09-17 20:21:06.224 [http-nio-8080-exec-4] INFO  project_backend.aspect.AppAspect - User: test | Chức năng: getCurrentUser() | Thời gian thực hiện: 2 ms
2026-09-17 20:21:06.234 [http-nio-8080-exec-9] INFO  project_backend.aspect.AppAspect - User: Anonymous | Chức năng: isCheckBlacklist() | Thời gian thực hiện: 1 ms
2026-09-17 20:21:06.243 [http-nio-8080-exec-9] INFO  project_backend.aspect.AppAspect - User: test | Chức năng: getCurrentUser() | Thời gian thực hiện: 3 ms
2026-09-17 20:21:08.568 [http-nio-8080-exec-6] INFO  project_backend.aspect.AppAspect - User: Anonymous | Chức năng: isCheckBlacklist() | Thời gian thực hiện: 2 ms
2026-09-17 20:21:08.665 [http-nio-8080-exec-6] INFO  project_backend.aspect.AppAspect - User: test | Chức năng: findPublicQuizzes() | Thời gian thực hiện: 77 ms
2026-09-17 20:21:09.792 [http-nio-8080-exec-8] INFO  project_backend.aspect.AppAspect - User: Anonymous | Chức năng: isCheckBlacklist() | Thời gian thực hiện: 1 ms
2026-09-17 20:21:09.816 [http-nio-8080-exec-8] INFO  project_backend.aspect.AppAspect - User: test | Chức năng: findPublicQuizzes() | Thời gian thực hiện: 14 ms
2026-09-17 20:21:13.001 [http-nio-8080-exec-3] INFO  project_backend.aspect.AppAspect - User: Anonymous | Chức năng: isCheckBlacklist() | Thời gian thực hiện: 3 ms
2026-09-17 20:21:13.014 [http-nio-8080-exec-3] INFO  project_backend.aspect.AppAspect - User: test | Chức năng: getCurrentUser() | Thời gian thực hiện: 4 ms
2026-09-17 20:21:13.027 [http-nio-8080-exec-1] INFO  project_backend.aspect.AppAspect - User: Anonymous | Chức năng: isCheckBlacklist() | Thời gian thực hiện: 2 ms
2026-09-17 20:21:13.038 [http-nio-8080-exec-1] INFO  project_backend.aspect.AppAspect - User: test | Chức năng: getCurrentUser() | Thời gian thực hiện: 2 ms
2026-09-17 20:21:17.750 [http-nio-8080-exec-5] INFO  project_backend.aspect.AppAspect - User: Anonymous | Chức năng: isCheckBlacklist() | Thời gian thực hiện: 1 ms
2026-09-17 20:21:17.765 [http-nio-8080-exec-5] INFO  project_backend.aspect.AppAspect - User: test | Chức năng: getCurrentUser() | Thời gian thực hiện: 5 ms
2026-09-17 20:21:17.776 [http-nio-8080-exec-2] INFO  project_backend.aspect.AppAspect - User: Anonymous | Chức năng: isCheckBlacklist() | Thời gian thực hiện: 1 ms
2026-09-17 20:21:17.787 [http-nio-8080-exec-2] INFO  project_backend.aspect.AppAspect - User: test | Chức năng: getCurrentUser() | Thời gian thực hiện: 3 ms
2026-09-17 20:21:18.509 [http-nio-8080-exec-10] INFO  project_backend.aspect.AppAspect - User: Anonymous | Chức năng: isCheckBlacklist() | Thời gian thực hiện: 1 ms
2026-09-17 20:21:18.509 [http-nio-8080-exec-4] INFO  project_backend.aspect.AppAspect - User: Anonymous | Chức năng: isCheckBlacklist() | Thời gian thực hiện: 1 ms
2026-09-17 20:21:18.509 [http-nio-8080-exec-7] INFO  project_backend.aspect.AppAspect - User: Anonymous | Chức năng: isCheckBlacklist() | Thời gian thực hiện: 1 ms
2026-09-17 20:21:18.515 [http-nio-8080-exec-7] INFO  project_backend.aspect.AppAspect - User: test | Chức năng: getCurrentUser() | Thời gian thực hiện: 1 ms
2026-09-17 20:21:18.521 [http-nio-8080-exec-4] INFO  project_backend.aspect.AppAspect - User: test | Chức năng: getTopRankings() | Thời gian thực hiện: 7 ms
2026-09-17 20:21:18.521 [http-nio-8080-exec-10] INFO  project_backend.aspect.AppAspect - User: test | Chức năng: getMyAttemptHistory() | Thời gian thực hiện: 7 ms
2026-09-17 20:21:18.522 [http-nio-8080-exec-9] INFO  project_backend.aspect.AppAspect - User: Anonymous | Chức năng: isCheckBlacklist() | Thời gian thực hiện: 0 ms
2026-09-17 20:21:18.530 [http-nio-8080-exec-9] INFO  project_backend.aspect.AppAspect - User: test | Chức năng: getCurrentUser() | Thời gian thực hiện: 2 ms
2026-09-17 20:21:18.534 [http-nio-8080-exec-6] INFO  project_backend.aspect.AppAspect - User: Anonymous | Chức năng: isCheckBlacklist() | Thời gian thực hiện: 1 ms
2026-09-17 20:21:18.534 [http-nio-8080-exec-8] INFO  project_backend.aspect.AppAspect - User: Anonymous | Chức năng: isCheckBlacklist() | Thời gian thực hiện: 0 ms
2026-09-17 20:21:18.546 [http-nio-8080-exec-8] INFO  project_backend.aspect.AppAspect - User: test | Chức năng: getMyAttemptHistory() | Thời gian thực hiện: 6 ms
2026-09-17 20:21:18.546 [http-nio-8080-exec-6] INFO  project_backend.aspect.AppAspect - User: test | Chức năng: getTopRankings() | Thời gian thực hiện: 7 ms
2026-09-17 20:21:19.423 [http-nio-8080-exec-3] INFO  project_backend.aspect.AppAspect - User: Anonymous | Chức năng: isCheckBlacklist() | Thời gian thực hiện: 2 ms
2026-09-17 20:21:19.434 [http-nio-8080-exec-3] INFO  project_backend.aspect.AppAspect - User: test | Chức năng: getCurrentUser() | Thời gian thực hiện: 2 ms
2026-09-17 20:21:19.444 [http-nio-8080-exec-1] INFO  project_backend.aspect.AppAspect - User: Anonymous | Chức năng: isCheckBlacklist() | Thời gian thực hiện: 1 ms
2026-09-17 20:21:19.451 [http-nio-8080-exec-1] INFO  project_backend.aspect.AppAspect - User: test | Chức năng: getCurrentUser() | Thời gian thực hiện: 2 ms
2026-09-17 20:21:20.758 [http-nio-8080-exec-2] INFO  project_backend.aspect.AppAspect - User: Anonymous | Chức năng: isCheckBlacklist() | Thời gian thực hiện: 1 ms
2026-09-17 20:21:20.758 [http-nio-8080-exec-5] INFO  project_backend.aspect.AppAspect - User: Anonymous | Chức năng: isCheckBlacklist() | Thời gian thực hiện: 0 ms
2026-09-17 20:21:20.764 [http-nio-8080-exec-5] INFO  project_backend.aspect.AppAspect - User: test | Chức năng: getCurrentUser() | Thời gian thực hiện: 1 ms
2026-09-17 20:21:20.772 [http-nio-8080-exec-2] INFO  project_backend.aspect.AppAspect - User: test | Chức năng: findMyQuizzes() | Thời gian thực hiện: 9 ms
2026-09-17 20:21:20.778 [http-nio-8080-exec-7] INFO  project_backend.aspect.AppAspect - User: Anonymous | Chức năng: isCheckBlacklist() | Thời gian thực hiện: 4 ms
2026-09-17 20:21:20.785 [http-nio-8080-exec-10] INFO  project_backend.aspect.AppAspect - User: Anonymous | Chức năng: isCheckBlacklist() | Thời gian thực hiện: 2 ms
2026-09-17 20:21:20.787 [http-nio-8080-exec-7] INFO  project_backend.aspect.AppAspect - User: test | Chức năng: getCurrentUser() | Thời gian thực hiện: 4 ms
2026-09-17 20:21:20.798 [http-nio-8080-exec-10] INFO  project_backend.aspect.AppAspect - User: test | Chức năng: findMyQuizzes() | Thời gian thực hiện: 5 ms
2026-09-17 20:21:21.758 [http-nio-8080-exec-4] INFO  project_backend.aspect.AppAspect - User: Anonymous | Chức năng: isCheckBlacklist() | Thời gian thực hiện: 2 ms
2026-09-17 20:21:21.766 [http-nio-8080-exec-4] INFO  project_backend.aspect.AppAspect - User: test | Chức năng: getCurrentUser() | Thời gian thực hiện: 2 ms
2026-09-17 20:21:21.775 [http-nio-8080-exec-9] INFO  project_backend.aspect.AppAspect - User: Anonymous | Chức năng: isCheckBlacklist() | Thời gian thực hiện: 1 ms
2026-09-17 20:21:21.780 [http-nio-8080-exec-9] INFO  project_backend.aspect.AppAspect - User: test | Chức năng: getCurrentUser() | Thời gian thực hiện: 2 ms
2026-09-17 20:21:22.758 [http-nio-8080-exec-8] INFO  project_backend.aspect.AppAspect - User: Anonymous | Chức năng: isCheckBlacklist() | Thời gian thực hiện: 2 ms
2026-09-17 20:21:22.778 [http-nio-8080-exec-8] INFO  project_backend.aspect.AppAspect - User: test | Chức năng: findPublicQuizzes() | Thời gian thực hiện: 13 ms
2026-09-17 20:22:52.566 [http-nio-8080-exec-3] INFO  project_backend.aspect.AppAspect - User: Anonymous | Chức năng: isCheckBlacklist() | Thời gian thực hiện: 85 ms
2026-09-17 20:22:52.566 [http-nio-8080-exec-6] INFO  project_backend.aspect.AppAspect - User: Anonymous | Chức năng: isCheckBlacklist() | Thời gian thực hiện: 87 ms
2026-09-17 20:22:52.992 [http-nio-8080-exec-3] INFO  project_backend.aspect.AppAspect - User: test | Chức năng: getCurrentUser() | Thời gian thực hiện: 27 ms
2026-09-17 20:22:53.055 [http-nio-8080-exec-6] INFO  project_backend.aspect.AppAspect - User: test | Chức năng: findPublicQuizzes() | Thời gian thực hiện: 90 ms
2026-09-17 20:26:28.147 [http-nio-8080-exec-5] INFO  project_backend.aspect.AppAspect - User: Anonymous | Chức năng: isCheckBlacklist() | Thời gian thực hiện: 75 ms
2026-09-17 20:26:28.147 [http-nio-8080-exec-1] INFO  project_backend.aspect.AppAspect - User: Anonymous | Chức năng: isCheckBlacklist() | Thời gian thực hiện: 76 ms
2026-09-17 20:26:28.312 [http-nio-8080-exec-1] INFO  project_backend.aspect.AppAspect - User: test | Chức năng: getCurrentUser() | Thời gian thực hiện: 5 ms
2026-09-17 20:26:28.340 [http-nio-8080-exec-2] INFO  project_backend.aspect.AppAspect - User: Anonymous | Chức năng: isCheckBlacklist() | Thời gian thực hiện: 1 ms
2026-09-17 20:26:28.345 [http-nio-8080-exec-2] INFO  project_backend.aspect.AppAspect - User: test | Chức năng: getCurrentUser() | Thời gian thực hiện: 2 ms
2026-09-17 20:26:28.363 [http-nio-8080-exec-5] INFO  project_backend.aspect.AppAspect - User: test | Chức năng: findMyQuizzes() | Thời gian thực hiện: 36 ms
2026-09-17 20:26:28.375 [http-nio-8080-exec-7] INFO  project_backend.aspect.AppAspect - User: Anonymous | Chức năng: isCheckBlacklist() | Thời gian thực hiện: 1 ms
2026-09-17 20:26:28.391 [http-nio-8080-exec-7] INFO  project_backend.aspect.AppAspect - User: test | Chức năng: findMyQuizzes() | Thời gian thực hiện: 13 ms
2026-09-17 20:28:49.274 [http-nio-8080-exec-1] INFO  project_backend.aspect.AppAspect - User: anonymousUser | Chức năng: login() | Thời gian thực hiện: 431 ms
2026-09-17 20:28:49.516 [http-nio-8080-exec-2] INFO  project_backend.aspect.AppAspect - User: Anonymous | Chức năng: isCheckBlacklist() | Thời gian thực hiện: 28 ms
2026-09-17 20:28:49.518 [http-nio-8080-exec-7] INFO  project_backend.aspect.AppAspect - User: Anonymous | Chức năng: isCheckBlacklist() | Thời gian thực hiện: 30 ms
2026-09-17 20:28:49.518 [http-nio-8080-exec-5] INFO  project_backend.aspect.AppAspect - User: Anonymous | Chức năng: isCheckBlacklist() | Thời gian thực hiện: 30 ms
2026-09-17 20:28:49.566 [http-nio-8080-exec-2] INFO  project_backend.aspect.AppAspect - User: test | Chức năng: getCurrentUser() | Thời gian thực hiện: 3 ms
2026-09-17 20:28:49.574 [http-nio-8080-exec-4] INFO  project_backend.aspect.AppAspect - User: Anonymous | Chức năng: isCheckBlacklist() | Thời gian thực hiện: 1 ms
2026-09-17 20:28:49.583 [http-nio-8080-exec-4] INFO  project_backend.aspect.AppAspect - User: test | Chức năng: getCurrentUser() | Thời gian thực hiện: 2 ms
2026-09-17 20:28:49.660 [http-nio-8080-exec-5] INFO  project_backend.aspect.AppAspect - User: test | Chức năng: getMyAttemptHistory() | Thời gian thực hiện: 91 ms
2026-09-17 20:28:49.663 [http-nio-8080-exec-7] INFO  project_backend.aspect.AppAspect - User: test | Chức năng: getTopRankings() | Thời gian thực hiện: 46 ms
2026-09-17 20:28:49.678 [http-nio-8080-exec-10] INFO  project_backend.aspect.AppAspect - User: Anonymous | Chức năng: isCheckBlacklist() | Thời gian thực hiện: 0 ms
2026-09-17 20:28:49.680 [http-nio-8080-exec-9] INFO  project_backend.aspect.AppAspect - User: Anonymous | Chức năng: isCheckBlacklist() | Thời gian thực hiện: 1 ms
2026-09-17 20:28:49.688 [http-nio-8080-exec-10] INFO  project_backend.aspect.AppAspect - User: test | Chức năng: getMyAttemptHistory() | Thời gian thực hiện: 6 ms
2026-09-17 20:28:49.688 [http-nio-8080-exec-9] INFO  project_backend.aspect.AppAspect - User: test | Chức năng: getTopRankings() | Thời gian thực hiện: 6 ms
2026-09-17 20:29:47.423 [http-nio-8080-exec-8] INFO  project_backend.aspect.AppAspect - User: Anonymous | Chức năng: isCheckBlacklist() | Thời gian thực hiện: 39 ms
2026-09-17 20:29:47.924 [http-nio-8080-exec-8] INFO  project_backend.aspect.AppAspect - User: test | Chức năng: login() | Thời gian thực hiện: 257 ms
2026-09-17 20:29:48.345 [http-nio-8080-exec-6] INFO  project_backend.aspect.AppAspect - User: Anonymous | Chức năng: isCheckBlacklist() | Thời gian thực hiện: 1 ms
2026-09-17 20:29:48.345 [http-nio-8080-exec-3] INFO  project_backend.aspect.AppAspect - User: Anonymous | Chức năng: isCheckBlacklist() | Thời gian thực hiện: 1 ms
2026-09-17 20:29:48.347 [http-nio-8080-exec-1] INFO  project_backend.aspect.AppAspect - User: Anonymous | Chức năng: isCheckBlacklist() | Thời gian thực hiện: 1 ms
2026-09-17 20:29:48.395 [http-nio-8080-exec-3] INFO  project_backend.aspect.AppAspect - User: test | Chức năng: getCurrentUser() | Thời gian thực hiện: 9 ms
2026-09-17 20:29:48.431 [http-nio-8080-exec-2] INFO  project_backend.aspect.AppAspect - User: Anonymous | Chức năng: isCheckBlacklist() | Thời gian thực hiện: 8 ms
2026-09-17 20:29:48.451 [http-nio-8080-exec-2] INFO  project_backend.aspect.AppAspect - User: test | Chức năng: getCurrentUser() | Thời gian thực hiện: 5 ms
2026-09-17 20:29:48.541 [http-nio-8080-exec-6] INFO  project_backend.aspect.AppAspect - User: test | Chức năng: getMyAttemptHistory() | Thời gian thực hiện: 186 ms
2026-09-17 20:29:48.632 [http-nio-8080-exec-4] INFO  project_backend.aspect.AppAspect - User: Anonymous | Chức năng: isCheckBlacklist() | Thời gian thực hiện: 69 ms
2026-09-17 20:29:49.556 [http-nio-8080-exec-4] INFO  project_backend.aspect.AppAspect - User: test | Chức năng: getMyAttemptHistory() | Thời gian thực hiện: 11 ms
2026-09-17 20:29:49.564 [http-nio-8080-exec-1] INFO  project_backend.aspect.AppAspect - User: test | Chức năng: getTopRankings() | Thời gian thực hiện: 1144 ms
2026-09-17 20:29:49.581 [http-nio-8080-exec-5] INFO  project_backend.aspect.AppAspect - User: Anonymous | Chức năng: isCheckBlacklist() | Thời gian thực hiện: 1 ms
2026-09-17 20:29:49.614 [http-nio-8080-exec-5] INFO  project_backend.aspect.AppAspect - User: test | Chức năng: getTopRankings() | Thời gian thực hiện: 26 ms
2026-09-17 20:29:55.573 [http-nio-8080-exec-7] INFO  project_backend.aspect.AppAspect - User: Anonymous | Chức năng: isCheckBlacklist() | Thời gian thực hiện: 1 ms
2026-09-17 20:29:55.617 [http-nio-8080-exec-7] INFO  project_backend.aspect.AppAspect - User: test | Chức năng: findQuizSummaryByCode() | Thời gian thực hiện: 26 ms
2026-09-17 20:29:55.628 [http-nio-8080-exec-10] INFO  project_backend.aspect.AppAspect - User: Anonymous | Chức năng: isCheckBlacklist() | Thời gian thực hiện: 1 ms
2026-09-17 20:29:55.639 [http-nio-8080-exec-10] INFO  project_backend.aspect.AppAspect - User: test | Chức năng: findQuizSummaryByCode() | Thời gian thực hiện: 5 ms
2026-09-17 20:29:57.079 [http-nio-8080-exec-9] INFO  project_backend.aspect.AppAspect - User: Anonymous | Chức năng: isCheckBlacklist() | Thời gian thực hiện: 1 ms
2026-09-17 20:29:57.280 [http-nio-8080-exec-9] INFO  project_backend.aspect.AppAspect - User: test | Chức năng: startQuizByCode() | Thời gian thực hiện: 187 ms
2026-09-17 20:29:59.655 [http-nio-8080-exec-8] INFO  project_backend.aspect.AppAspect - User: Anonymous | Chức năng: isCheckBlacklist() | Thời gian thực hiện: 1 ms
2026-09-17 20:29:59.921 [http-nio-8080-exec-8] INFO  project_backend.aspect.AppAspect - User: test | Chức năng: submitQuiz() | Thời gian thực hiện: 54 ms
2026-09-17 20:30:02.241 [http-nio-8080-exec-3] INFO  project_backend.aspect.AppAspect - User: Anonymous | Chức năng: isCheckBlacklist() | Thời gian thực hiện: 1 ms
2026-09-17 20:30:02.248 [http-nio-8080-exec-3] INFO  project_backend.aspect.AppAspect - User: test | Chức năng: getCurrentUser() | Thời gian thực hiện: 3 ms
2026-09-17 20:30:02.265 [http-nio-8080-exec-2] INFO  project_backend.aspect.AppAspect - User: Anonymous | Chức năng: isCheckBlacklist() | Thời gian thực hiện: 1 ms
2026-09-17 20:30:02.270 [http-nio-8080-exec-6] INFO  project_backend.aspect.AppAspect - User: Anonymous | Chức năng: isCheckBlacklist() | Thời gian thực hiện: 1 ms
2026-09-17 20:30:02.276 [http-nio-8080-exec-6] INFO  project_backend.aspect.AppAspect - User: test | Chức năng: getCurrentUser() | Thời gian thực hiện: 2 ms
2026-09-17 20:30:02.304 [http-nio-8080-exec-2] INFO  project_backend.aspect.AppAspect - User: test | Chức năng: findMyQuizzes() | Thời gian thực hiện: 33 ms
2026-09-17 20:30:02.315 [http-nio-8080-exec-4] INFO  project_backend.aspect.AppAspect - User: Anonymous | Chức năng: isCheckBlacklist() | Thời gian thực hiện: 1 ms
2026-09-17 20:30:02.322 [http-nio-8080-exec-4] INFO  project_backend.aspect.AppAspect - User: test | Chức năng: findMyQuizzes() | Thời gian thực hiện: 3 ms
2026-09-17 20:30:15.672 [http-nio-8080-exec-7] INFO  project_backend.aspect.AppAspect - User: Anonymous | Chức năng: isCheckBlacklist() | Thời gian thực hiện: 14 ms
2026-09-17 20:30:15.673 [http-nio-8080-exec-1] INFO  project_backend.aspect.AppAspect - User: Anonymous | Chức năng: isCheckBlacklist() | Thời gian thực hiện: 14 ms
2026-09-17 20:30:15.673 [http-nio-8080-exec-5] INFO  project_backend.aspect.AppAspect - User: Anonymous | Chức năng: isCheckBlacklist() | Thời gian thực hiện: 14 ms
2026-09-17 20:30:15.728 [http-nio-8080-exec-1] INFO  project_backend.aspect.AppAspect - User: test | Chức năng: getCurrentUser() | Thời gian thực hiện: 3 ms
2026-09-17 20:30:15.746 [http-nio-8080-exec-10] INFO  project_backend.aspect.AppAspect - User: Anonymous | Chức năng: isCheckBlacklist() | Thời gian thực hiện: 1 ms
2026-09-17 20:30:15.748 [http-nio-8080-exec-5] INFO  project_backend.aspect.AppAspect - User: test | Chức năng: getMyAttemptHistory() | Thời gian thực hiện: 23 ms
2026-09-17 20:30:15.752 [http-nio-8080-exec-10] INFO  project_backend.aspect.AppAspect - User: test | Chức năng: getCurrentUser() | Thời gian thực hiện: 2 ms
2026-09-17 20:30:15.753 [http-nio-8080-exec-7] INFO  project_backend.aspect.AppAspect - User: test | Chức năng: getTopRankings() | Thời gian thực hiện: 28 ms
2026-09-17 20:30:15.764 [http-nio-8080-exec-9] INFO  project_backend.aspect.AppAspect - User: Anonymous | Chức năng: isCheckBlacklist() | Thời gian thực hiện: 0 ms
2026-09-17 20:30:15.765 [http-nio-8080-exec-8] INFO  project_backend.aspect.AppAspect - User: Anonymous | Chức năng: isCheckBlacklist() | Thời gian thực hiện: 1 ms
2026-09-17 20:30:15.772 [http-nio-8080-exec-8] INFO  project_backend.aspect.AppAspect - User: test | Chức năng: getTopRankings() | Thời gian thực hiện: 4 ms
2026-09-17 20:30:15.772 [http-nio-8080-exec-9] INFO  project_backend.aspect.AppAspect - User: test | Chức năng: getMyAttemptHistory() | Thời gian thực hiện: 5 ms
2026-09-17 20:30:34.955 [http-nio-8080-exec-3] INFO  project_backend.aspect.AppAspect - User: Anonymous | Chức năng: isCheckBlacklist() | Thời gian thực hiện: 1 ms
2026-09-17 20:30:34.980 [http-nio-8080-exec-3] INFO  project_backend.aspect.AppAspect - User: test | Chức năng: findQuizSummaryByCode() | Thời gian thực hiện: 15 ms
2026-09-17 20:30:34.990 [http-nio-8080-exec-6] INFO  project_backend.aspect.AppAspect - User: Anonymous | Chức năng: isCheckBlacklist() | Thời gian thực hiện: 0 ms
2026-09-17 20:30:35.001 [http-nio-8080-exec-6] INFO  project_backend.aspect.AppAspect - User: test | Chức năng: findQuizSummaryByCode() | Thời gian thực hiện: 7 ms
2026-09-17 20:30:36.822 [http-nio-8080-exec-2] INFO  project_backend.aspect.AppAspect - User: Anonymous | Chức năng: isCheckBlacklist() | Thời gian thực hiện: 1 ms
2026-09-17 20:30:36.823 [http-nio-8080-exec-1] INFO  project_backend.aspect.AppAspect - User: Anonymous | Chức năng: isCheckBlacklist() | Thời gian thực hiện: 1 ms
2026-09-17 20:30:36.823 [http-nio-8080-exec-4] INFO  project_backend.aspect.AppAspect - User: Anonymous | Chức năng: isCheckBlacklist() | Thời gian thực hiện: 1 ms
2026-09-17 20:30:36.827 [http-nio-8080-exec-2] INFO  project_backend.aspect.AppAspect - User: test | Chức năng: getCurrentUser() | Thời gian thực hiện: 1 ms
2026-09-17 20:30:36.833 [http-nio-8080-exec-1] INFO  project_backend.aspect.AppAspect - User: test | Chức năng: getTopRankings() | Thời gian thực hiện: 7 ms
2026-09-17 20:30:36.837 [http-nio-8080-exec-5] INFO  project_backend.aspect.AppAspect - User: Anonymous | Chức năng: isCheckBlacklist() | Thời gian thực hiện: 2 ms
2026-09-17 20:30:36.843 [http-nio-8080-exec-5] INFO  project_backend.aspect.AppAspect - User: test | Chức năng: getCurrentUser() | Thời gian thực hiện: 2 ms
2026-09-17 20:30:36.844 [http-nio-8080-exec-10] INFO  project_backend.aspect.AppAspect - User: Anonymous | Chức năng: isCheckBlacklist() | Thời gian thực hiện: 1 ms
2026-09-17 20:30:36.853 [http-nio-8080-exec-10] INFO  project_backend.aspect.AppAspect - User: test | Chức năng: getTopRankings() | Thời gian thực hiện: 5 ms
2026-09-17 20:30:36.862 [http-nio-8080-exec-4] INFO  project_backend.aspect.AppAspect - User: test | Chức năng: getMyAttemptHistory() | Thời gian thực hiện: 9 ms
2026-09-17 20:30:36.870 [http-nio-8080-exec-7] INFO  project_backend.aspect.AppAspect - User: Anonymous | Chức năng: isCheckBlacklist() | Thời gian thực hiện: 1 ms
2026-09-17 20:30:36.878 [http-nio-8080-exec-7] INFO  project_backend.aspect.AppAspect - User: test | Chức năng: getMyAttemptHistory() | Thời gian thực hiện: 4 ms
2026-09-17 20:30:45.657 [http-nio-8080-exec-9] INFO  project_backend.aspect.AppAspect - User: Anonymous | Chức năng: isCheckBlacklist() | Thời gian thực hiện: 0 ms
2026-09-17 20:30:46.563 [http-nio-8080-exec-9] INFO  project_backend.aspect.AppAspect - User: test | Chức năng: blacklistToken() | Thời gian thực hiện: 396 ms
2026-09-17 20:30:46.568 [http-nio-8080-exec-9] INFO  project_backend.aspect.AppAspect - User: test | Chức năng: blacklistToken() | Thời gian thực hiện: 1 ms
2026-09-17 20:30:46.568 [http-nio-8080-exec-9] INFO  project_backend.aspect.AppAspect - User: test | Chức năng: logout() | Thời gian thực hiện: 864 ms
2026-09-17 20:30:53.368 [http-nio-8080-exec-8] INFO  project_backend.aspect.AppAspect - User: anonymousUser | Chức năng: login() | Thời gian thực hiện: 240 ms
2026-09-17 20:30:53.454 [http-nio-8080-exec-6] INFO  project_backend.aspect.AppAspect - User: Anonymous | Chức năng: isCheckBlacklist() | Thời gian thực hiện: 0 ms
2026-09-17 20:30:53.454 [http-nio-8080-exec-3] INFO  project_backend.aspect.AppAspect - User: Anonymous | Chức năng: isCheckBlacklist() | Thời gian thực hiện: 0 ms
2026-09-17 20:30:53.454 [http-nio-8080-exec-2] INFO  project_backend.aspect.AppAspect - User: Anonymous | Chức năng: isCheckBlacklist() | Thời gian thực hiện: 0 ms
2026-09-17 20:30:53.458 [http-nio-8080-exec-6] INFO  project_backend.aspect.AppAspect - User: test | Chức năng: getCurrentUser() | Thời gian thực hiện: 1 ms
2026-09-17 20:30:53.461 [http-nio-8080-exec-3] INFO  project_backend.aspect.AppAspect - User: test | Chức năng: getMyAttemptHistory() | Thời gian thực hiện: 4 ms
2026-09-17 20:30:53.468 [http-nio-8080-exec-1] INFO  project_backend.aspect.AppAspect - User: Anonymous | Chức năng: isCheckBlacklist() | Thời gian thực hiện: 1 ms
2026-09-17 20:30:53.470 [http-nio-8080-exec-5] INFO  project_backend.aspect.AppAspect - User: Anonymous | Chức năng: isCheckBlacklist() | Thời gian thực hiện: 1 ms
2026-09-17 20:30:53.474 [http-nio-8080-exec-1] INFO  project_backend.aspect.AppAspect - User: test | Chức năng: getCurrentUser() | Thời gian thực hiện: 3 ms
2026-09-17 20:30:53.479 [http-nio-8080-exec-5] INFO  project_backend.aspect.AppAspect - User: test | Chức năng: getMyAttemptHistory() | Thời gian thực hiện: 5 ms
2026-09-17 20:30:53.482 [http-nio-8080-exec-2] INFO  project_backend.aspect.AppAspect - User: test | Chức năng: getTopRankings() | Thời gian thực hiện: 6 ms
2026-09-17 20:30:53.490 [http-nio-8080-exec-10] INFO  project_backend.aspect.AppAspect - User: Anonymous | Chức năng: isCheckBlacklist() | Thời gian thực hiện: 1 ms
2026-09-17 20:30:53.503 [http-nio-8080-exec-10] INFO  project_backend.aspect.AppAspect - User: test | Chức năng: getTopRankings() | Thời gian thực hiện: 7 ms
2026-09-17 20:30:58.110 [http-nio-8080-exec-4] INFO  project_backend.aspect.AppAspect - User: Anonymous | Chức năng: isCheckBlacklist() | Thời gian thực hiện: 1 ms
2026-09-17 20:30:58.117 [http-nio-8080-exec-4] INFO  project_backend.aspect.AppAspect - User: test | Chức năng: getCurrentUser() | Thời gian thực hiện: 2 ms
2026-09-17 20:30:58.128 [http-nio-8080-exec-7] INFO  project_backend.aspect.AppAspect - User: Anonymous | Chức năng: isCheckBlacklist() | Thời gian thực hiện: 1 ms
2026-09-17 20:30:58.133 [http-nio-8080-exec-7] INFO  project_backend.aspect.AppAspect - User: test | Chức năng: getCurrentUser() | Thời gian thực hiện: 2 ms
2026-09-17 20:31:36.901 [http-nio-8080-exec-9] INFO  project_backend.aspect.AppAspect - User: Anonymous | Chức năng: isCheckBlacklist() | Thời gian thực hiện: 1 ms
2026-09-17 20:31:57.408 [http-nio-8080-exec-8] INFO  project_backend.aspect.AppAspect - User: Anonymous | Chức năng: isCheckBlacklist() | Thời gian thực hiện: 1 ms
2026-09-17 20:31:57.412 [http-nio-8080-exec-8] INFO  project_backend.aspect.AppAspect - User: test | Chức năng: getCurrentUser() | Thời gian thực hiện: 1 ms
2026-09-17 20:31:57.421 [http-nio-8080-exec-6] INFO  project_backend.aspect.AppAspect - User: Anonymous | Chức năng: isCheckBlacklist() | Thời gian thực hiện: 1 ms
2026-09-17 20:31:57.426 [http-nio-8080-exec-6] INFO  project_backend.aspect.AppAspect - User: test | Chức năng: getCurrentUser() | Thời gian thực hiện: 2 ms
2026-09-17 20:32:19.415 [http-nio-8080-exec-3] INFO  project_backend.aspect.AppAspect - User: Anonymous | Chức năng: isCheckBlacklist() | Thời gian thực hiện: 1 ms
2026-09-17 20:32:19.735 [http-nio-8080-exec-3] INFO  project_backend.aspect.AppAspect - User: test | Chức năng: createManualQuiz() | Thời gian thực hiện: 222 ms
2026-09-17 20:32:27.824 [http-nio-8080-exec-1] INFO  project_backend.aspect.AppAspect - User: Anonymous | Chức năng: isCheckBlacklist() | Thời gian thực hiện: 1 ms
2026-09-17 20:32:27.846 [http-nio-8080-exec-1] INFO  project_backend.aspect.AppAspect - User: test | Chức năng: findQuizSummaryByCode() | Thời gian thực hiện: 12 ms
2026-09-17 20:32:27.854 [http-nio-8080-exec-5] INFO  project_backend.aspect.AppAspect - User: Anonymous | Chức năng: isCheckBlacklist() | Thời gian thực hiện: 0 ms
2026-09-17 20:32:27.862 [http-nio-8080-exec-5] INFO  project_backend.aspect.AppAspect - User: test | Chức năng: findQuizSummaryByCode() | Thời gian thực hiện: 5 ms
2026-09-17 20:32:27.875 [http-nio-8080-exec-2] INFO  project_backend.aspect.AppAspect - User: Anonymous | Chức năng: isCheckBlacklist() | Thời gian thực hiện: 1 ms
2026-09-17 20:32:27.896 [http-nio-8080-exec-2] INFO  project_backend.aspect.AppAspect - User: test | Chức năng: startQuizByCode() | Thời gian thực hiện: 16 ms
2026-09-17 20:32:31.463 [http-nio-8080-exec-10] INFO  project_backend.aspect.AppAspect - User: Anonymous | Chức năng: isCheckBlacklist() | Thời gian thực hiện: 1 ms
2026-09-17 20:32:31.509 [http-nio-8080-exec-10] INFO  project_backend.aspect.AppAspect - User: test | Chức năng: submitQuiz() | Thời gian thực hiện: 34 ms
2026-09-17 20:32:33.585 [http-nio-8080-exec-4] INFO  project_backend.aspect.AppAspect - User: Anonymous | Chức năng: isCheckBlacklist() | Thời gian thực hiện: 1 ms
2026-09-17 20:32:33.585 [http-nio-8080-exec-7] INFO  project_backend.aspect.AppAspect - User: Anonymous | Chức năng: isCheckBlacklist() | Thời gian thực hiện: 0 ms
2026-09-17 20:32:33.601 [http-nio-8080-exec-4] INFO  project_backend.aspect.AppAspect - User: test | Chức năng: getCurrentUser() | Thời gian thực hiện: 2 ms
2026-09-17 20:32:33.608 [http-nio-8080-exec-9] INFO  project_backend.aspect.AppAspect - User: Anonymous | Chức năng: isCheckBlacklist() | Thời gian thực hiện: 1 ms
2026-09-17 20:32:33.609 [http-nio-8080-exec-7] INFO  project_backend.aspect.AppAspect - User: test | Chức năng: findMyQuizzes() | Thời gian thực hiện: 12 ms
2026-09-17 20:32:33.613 [http-nio-8080-exec-9] INFO  project_backend.aspect.AppAspect - User: test | Chức năng: getCurrentUser() | Thời gian thực hiện: 2 ms
2026-09-17 20:32:33.620 [http-nio-8080-exec-8] INFO  project_backend.aspect.AppAspect - User: Anonymous | Chức năng: isCheckBlacklist() | Thời gian thực hiện: 0 ms
2026-09-17 20:32:33.629 [http-nio-8080-exec-8] INFO  project_backend.aspect.AppAspect - User: test | Chức năng: findMyQuizzes() | Thời gian thực hiện: 6 ms
2026-09-17 20:32:57.897 [http-nio-8080-exec-6] INFO  project_backend.aspect.AppAspect - User: Anonymous | Chức năng: isCheckBlacklist() | Thời gian thực hiện: 6 ms
2026-09-17 20:32:58.024 [http-nio-8080-exec-6] INFO  project_backend.aspect.AppAspect - User: test | Chức năng: deleteQuiz() | Thời gian thực hiện: 106 ms
2026-09-17 20:32:58.074 [http-nio-8080-exec-3] INFO  project_backend.aspect.AppAspect - User: Anonymous | Chức năng: isCheckBlacklist() | Thời gian thực hiện: 2 ms
2026-09-17 20:32:58.080 [http-nio-8080-exec-3] INFO  project_backend.aspect.AppAspect - User: test | Chức năng: findMyQuizzes() | Thời gian thực hiện: 3 ms
2026-09-17 20:33:42.804 [lettuce-nioEventLoop-4-1] INFO  io.lettuce.core.protocol.CommandHandler - null Unexpected exception during request: java.net.SocketException: Connection reset
java.net.SocketException: Connection reset
	at java.base/sun.nio.ch.SocketChannelImpl.throwConnectionReset(SocketChannelImpl.java:394)
	at java.base/sun.nio.ch.SocketChannelImpl.read(SocketChannelImpl.java:426)
	at io.netty.buffer.AdaptivePoolingAllocator$AdaptiveByteBuf.setBytes(AdaptivePoolingAllocator.java:2018)
	at io.netty.buffer.AbstractByteBuf.writeBytes(AbstractByteBuf.java:1139)
	at io.netty.channel.socket.nio.NioSocketChannel.doReadBytes(NioSocketChannel.java:350)
	at io.netty.channel.nio.AbstractNioByteChannel$NioByteUnsafe.read(AbstractNioByteChannel.java:161)
	at io.netty.channel.nio.AbstractNioChannel$AbstractNioUnsafe.handle(AbstractNioChannel.java:445)
	at io.netty.channel.nio.NioIoHandler$DefaultNioRegistration.handle(NioIoHandler.java:388)
	at io.netty.channel.nio.NioIoHandler.processSelectedKey(NioIoHandler.java:596)
	at io.netty.channel.nio.NioIoHandler.processSelectedKeysOptimized(NioIoHandler.java:571)
	at io.netty.channel.nio.NioIoHandler.processSelectedKeys(NioIoHandler.java:512)
	at io.netty.channel.nio.NioIoHandler.run(NioIoHandler.java:484)
	at io.netty.channel.SingleThreadIoEventLoop.runIo(SingleThreadIoEventLoop.java:225)
	at io.netty.channel.SingleThreadIoEventLoop.run(SingleThreadIoEventLoop.java:196)
	at io.netty.util.concurrent.SingleThreadEventExecutor$5.run(SingleThreadEventExecutor.java:1195)
	at io.netty.util.internal.ThreadExecutorMap$2.run(ThreadExecutorMap.java:74)
	at io.netty.util.concurrent.FastThreadLocalRunnable.run(FastThreadLocalRunnable.java:30)
	at java.base/java.lang.Thread.run(Thread.java:840)
2026-09-17 20:33:43.775 [lettuce-eventExecutorLoop-1-1] INFO  io.lettuce.core.protocol.ConnectionWatchdog - Reconnecting, last destination was /127.0.0.1:6379
2026-09-17 20:33:49.001 [lettuce-eventExecutorLoop-1-12] INFO  io.lettuce.core.protocol.ConnectionWatchdog - Reconnecting, last destination was 127.0.0.1/<unresolved>:6379
2026-09-17 20:33:53.554 [SpringApplicationShutdownHook] INFO  com.zaxxer.hikari.HikariDataSource - HikariPool-1 - Shutdown initiated...
2026-09-17 20:33:53.649 [SpringApplicationShutdownHook] INFO  com.zaxxer.hikari.HikariDataSource - HikariPool-1 - Shutdown completed.
