2026-09-10 13:49:08.101 [restartedMain] INFO  project_backend.BackendApplication - Starting BackendApplication using Java 17.0.18 with PID 22056 (D:\HOC_LAP_TRINH\AI_Application\2. Project Example Holiday\Example Project Holiday\qivora\Backend\build\classes\java\main started by HUY HOAN in D:\HOC_LAP_TRINH\AI_Application\2. Project Example Holiday\Example Project Holiday\qivora\Backend)
2026-09-10 13:49:08.103 [restartedMain] INFO  project_backend.BackendApplication - No active profile set, falling back to 1 default profile: "default"
2026-09-10 13:49:10.837 [restartedMain] INFO  com.zaxxer.hikari.HikariDataSource - HikariPool-1 - Starting...
2026-09-10 13:49:11.129 [restartedMain] INFO  com.zaxxer.hikari.pool.HikariPool - HikariPool-1 - Added connection org.postgresql.jdbc.PgConnection@6337aa82
2026-09-10 13:49:11.132 [restartedMain] INFO  com.zaxxer.hikari.HikariDataSource - HikariPool-1 - Start completed.
2026-09-10 13:49:20.558 [restartedMain] INFO  project_backend.BackendApplication - Started BackendApplication in 13.236 seconds (process running for 14.46)
2026-09-10 13:52:36.598 [http-nio-8080-exec-9] INFO  project_backend.aspect.AppAspect - User: anonymousUser | Chức năng: register() | Thời gian thực hiện: 359 ms
2026-09-10 13:52:40.671 [http-nio-8080-exec-10] INFO  project_backend.aspect.AppAspect - User: anonymousUser | Chức năng: login() | Thời gian thực hiện: 598 ms
2026-09-10 13:52:41.984 [http-nio-8080-exec-1] INFO  project_backend.aspect.AppAspect - User: Anonymous | Chức năng: isCheckBlacklist() | Thời gian thực hiện: 1217 ms
2026-09-10 13:52:41.984 [http-nio-8080-exec-2] INFO  project_backend.aspect.AppAspect - User: Anonymous | Chức năng: isCheckBlacklist() | Thời gian thực hiện: 1217 ms
2026-09-10 13:52:41.984 [http-nio-8080-exec-3] INFO  project_backend.aspect.AppAspect - User: Anonymous | Chức năng: isCheckBlacklist() | Thời gian thực hiện: 1217 ms
2026-09-10 13:52:42.003 [http-nio-8080-exec-3] INFO  project_backend.aspect.AppAspect - User: test | Chức năng: getCurrentUser() | Thời gian thực hiện: 5 ms
2026-09-10 13:52:42.011 [http-nio-8080-exec-4] INFO  project_backend.aspect.AppAspect - User: Anonymous | Chức năng: isCheckBlacklist() | Thời gian thực hiện: 0 ms
2026-09-10 13:52:42.031 [http-nio-8080-exec-4] INFO  project_backend.aspect.AppAspect - User: test | Chức năng: getCurrentUser() | Thời gian thực hiện: 6 ms
2026-09-10 13:52:42.069 [http-nio-8080-exec-2] INFO  project_backend.aspect.AppAspect - User: test | Chức năng: getMyAttemptHistory() | Thời gian thực hiện: 66 ms
2026-09-10 13:52:42.087 [http-nio-8080-exec-5] INFO  project_backend.aspect.AppAspect - User: Anonymous | Chức năng: isCheckBlacklist() | Thời gian thực hiện: 0 ms
2026-09-10 13:52:42.094 [http-nio-8080-exec-1] INFO  project_backend.aspect.AppAspect - User: test | Chức năng: getTopRankings() | Thời gian thực hiện: 88 ms
2026-09-10 13:52:42.114 [http-nio-8080-exec-5] INFO  project_backend.aspect.AppAspect - User: test | Chức năng: getMyAttemptHistory() | Thời gian thực hiện: 12 ms
2026-09-10 13:52:42.116 [http-nio-8080-exec-6] INFO  project_backend.aspect.AppAspect - User: Anonymous | Chức năng: isCheckBlacklist() | Thời gian thực hiện: 2 ms
2026-09-10 13:52:42.133 [http-nio-8080-exec-6] INFO  project_backend.aspect.AppAspect - User: test | Chức năng: getTopRankings() | Thời gian thực hiện: 7 ms
2026-09-10 13:52:53.983 [http-nio-8080-exec-7] INFO  project_backend.aspect.AppAspect - User: Anonymous | Chức năng: isCheckBlacklist() | Thời gian thực hiện: 1 ms
2026-09-10 13:52:54.175 [http-nio-8080-exec-7] INFO  project_backend.aspect.AppAspect - User: test | Chức năng: login() | Thời gian thực hiện: 185 ms
2026-09-10 13:52:54.242 [http-nio-8080-exec-8] INFO  project_backend.aspect.AppAspect - User: Anonymous | Chức năng: isCheckBlacklist() | Thời gian thực hiện: 1 ms
2026-09-10 13:52:54.242 [http-nio-8080-exec-10] INFO  project_backend.aspect.AppAspect - User: Anonymous | Chức năng: isCheckBlacklist() | Thời gian thực hiện: 1 ms
2026-09-10 13:52:54.242 [http-nio-8080-exec-9] INFO  project_backend.aspect.AppAspect - User: Anonymous | Chức năng: isCheckBlacklist() | Thời gian thực hiện: 1 ms
2026-09-10 13:52:54.252 [http-nio-8080-exec-8] INFO  project_backend.aspect.AppAspect - User: test | Chức năng: getCurrentUser() | Thời gian thực hiện: 4 ms
2026-09-10 13:52:54.253 [http-nio-8080-exec-10] INFO  project_backend.aspect.AppAspect - User: test | Chức năng: getTopRankings() | Thời gian thực hiện: 5 ms
2026-09-10 13:52:54.253 [http-nio-8080-exec-9] INFO  project_backend.aspect.AppAspect - User: test | Chức năng: getMyAttemptHistory() | Thời gian thực hiện: 5 ms
2026-09-10 13:52:54.266 [http-nio-8080-exec-3] INFO  project_backend.aspect.AppAspect - User: Anonymous | Chức năng: isCheckBlacklist() | Thời gian thực hiện: 2 ms
2026-09-10 13:52:54.268 [http-nio-8080-exec-2] INFO  project_backend.aspect.AppAspect - User: Anonymous | Chức năng: isCheckBlacklist() | Thời gian thực hiện: 1 ms
2026-09-10 13:52:54.268 [http-nio-8080-exec-4] INFO  project_backend.aspect.AppAspect - User: Anonymous | Chức năng: isCheckBlacklist() | Thời gian thực hiện: 1 ms
2026-09-10 13:52:54.276 [http-nio-8080-exec-3] INFO  project_backend.aspect.AppAspect - User: test | Chức năng: getCurrentUser() | Thời gian thực hiện: 3 ms
2026-09-10 13:52:54.278 [http-nio-8080-exec-2] INFO  project_backend.aspect.AppAspect - User: test | Chức năng: getTopRankings() | Thời gian thực hiện: 5 ms
2026-09-10 13:52:54.281 [http-nio-8080-exec-4] INFO  project_backend.aspect.AppAspect - User: test | Chức năng: getMyAttemptHistory() | Thời gian thực hiện: 8 ms
2026-09-10 13:53:09.870 [http-nio-8080-exec-1] INFO  project_backend.aspect.AppAspect - User: Anonymous | Chức năng: isCheckBlacklist() | Thời gian thực hiện: 1 ms
2026-09-10 13:53:09.876 [http-nio-8080-exec-1] INFO  project_backend.aspect.AppAspect - User: test | Chức năng: getCurrentUser() | Thời gian thực hiện: 0 ms
2026-09-10 13:53:09.876 [http-nio-8080-exec-5] INFO  project_backend.aspect.AppAspect - User: Anonymous | Chức năng: isCheckBlacklist() | Thời gian thực hiện: 0 ms
2026-09-10 13:53:09.894 [http-nio-8080-exec-5] INFO  project_backend.aspect.AppAspect - User: test | Chức năng: getCurrentUser() | Thời gian thực hiện: 2 ms
2026-09-10 13:53:11.960 [http-nio-8080-exec-6] INFO  project_backend.aspect.AppAspect - User: Anonymous | Chức năng: isCheckBlacklist() | Thời gian thực hiện: 3 ms
2026-09-10 13:53:11.967 [http-nio-8080-exec-8] INFO  project_backend.aspect.AppAspect - User: Anonymous | Chức năng: isCheckBlacklist() | Thời gian thực hiện: 2 ms
2026-09-10 13:53:11.967 [http-nio-8080-exec-7] INFO  project_backend.aspect.AppAspect - User: Anonymous | Chức năng: isCheckBlacklist() | Thời gian thực hiện: 2 ms
2026-09-10 13:53:11.973 [http-nio-8080-exec-6] INFO  project_backend.aspect.AppAspect - User: test | Chức năng: getCurrentUser() | Thời gian thực hiện: 2 ms
2026-09-10 13:53:11.981 [http-nio-8080-exec-7] INFO  project_backend.aspect.AppAspect - User: test | Chức năng: getMyAttemptHistory() | Thời gian thực hiện: 7 ms
2026-09-10 13:53:11.983 [http-nio-8080-exec-8] INFO  project_backend.aspect.AppAspect - User: test | Chức năng: getTopRankings() | Thời gian thực hiện: 9 ms
2026-09-10 13:53:11.987 [http-nio-8080-exec-9] INFO  project_backend.aspect.AppAspect - User: Anonymous | Chức năng: isCheckBlacklist() | Thời gian thực hiện: 2 ms
2026-09-10 13:53:11.994 [http-nio-8080-exec-10] INFO  project_backend.aspect.AppAspect - User: Anonymous | Chức năng: isCheckBlacklist() | Thời gian thực hiện: 1 ms
2026-09-10 13:53:11.997 [http-nio-8080-exec-3] INFO  project_backend.aspect.AppAspect - User: Anonymous | Chức năng: isCheckBlacklist() | Thời gian thực hiện: 2 ms
2026-09-10 13:53:11.997 [http-nio-8080-exec-9] INFO  project_backend.aspect.AppAspect - User: test | Chức năng: getCurrentUser() | Thời gian thực hiện: 2 ms
2026-09-10 13:53:12.008 [http-nio-8080-exec-10] INFO  project_backend.aspect.AppAspect - User: test | Chức năng: getMyAttemptHistory() | Thời gian thực hiện: 7 ms
2026-09-10 13:53:12.012 [http-nio-8080-exec-3] INFO  project_backend.aspect.AppAspect - User: test | Chức năng: getTopRankings() | Thời gian thực hiện: 5 ms
2026-09-10 13:53:13.609 [http-nio-8080-exec-2] INFO  project_backend.aspect.AppAspect - User: Anonymous | Chức năng: isCheckBlacklist() | Thời gian thực hiện: 1 ms
2026-09-10 13:53:13.616 [http-nio-8080-exec-2] INFO  project_backend.aspect.AppAspect - User: test | Chức năng: getCurrentUser() | Thời gian thực hiện: 4 ms
2026-09-10 13:53:13.626 [http-nio-8080-exec-4] INFO  project_backend.aspect.AppAspect - User: Anonymous | Chức năng: isCheckBlacklist() | Thời gian thực hiện: 2 ms
2026-09-10 13:53:13.633 [http-nio-8080-exec-4] INFO  project_backend.aspect.AppAspect - User: test | Chức năng: getCurrentUser() | Thời gian thực hiện: 3 ms
2026-09-10 13:53:15.581 [http-nio-8080-exec-6] INFO  project_backend.aspect.AppAspect - User: Anonymous | Chức năng: isCheckBlacklist() | Thời gian thực hiện: 0 ms
2026-09-10 13:53:15.582 [http-nio-8080-exec-1] INFO  project_backend.aspect.AppAspect - User: Anonymous | Chức năng: isCheckBlacklist() | Thời gian thực hiện: 1 ms
2026-09-10 13:53:15.582 [http-nio-8080-exec-5] INFO  project_backend.aspect.AppAspect - User: Anonymous | Chức năng: isCheckBlacklist() | Thời gian thực hiện: 1 ms
2026-09-10 13:53:15.596 [http-nio-8080-exec-1] INFO  project_backend.aspect.AppAspect - User: test | Chức năng: getCurrentUser() | Thời gian thực hiện: 6 ms
2026-09-10 13:53:15.596 [http-nio-8080-exec-5] INFO  project_backend.aspect.AppAspect - User: test | Chức năng: getMyAttemptHistory() | Thời gian thực hiện: 6 ms
2026-09-10 13:53:15.598 [http-nio-8080-exec-6] INFO  project_backend.aspect.AppAspect - User: test | Chức năng: getTopRankings() | Thời gian thực hiện: 8 ms
2026-09-10 13:53:15.605 [http-nio-8080-exec-8] INFO  project_backend.aspect.AppAspect - User: Anonymous | Chức năng: isCheckBlacklist() | Thời gian thực hiện: 0 ms
2026-09-10 13:53:15.605 [http-nio-8080-exec-7] INFO  project_backend.aspect.AppAspect - User: Anonymous | Chức năng: isCheckBlacklist() | Thời gian thực hiện: 0 ms
2026-09-10 13:53:15.605 [http-nio-8080-exec-9] INFO  project_backend.aspect.AppAspect - User: Anonymous | Chức năng: isCheckBlacklist() | Thời gian thực hiện: 0 ms
2026-09-10 13:53:15.621 [http-nio-8080-exec-7] INFO  project_backend.aspect.AppAspect - User: test | Chức năng: getMyAttemptHistory() | Thời gian thực hiện: 8 ms
2026-09-10 13:53:15.621 [http-nio-8080-exec-8] INFO  project_backend.aspect.AppAspect - User: test | Chức năng: getCurrentUser() | Thời gian thực hiện: 8 ms
2026-09-10 13:53:15.621 [http-nio-8080-exec-9] INFO  project_backend.aspect.AppAspect - User: test | Chức năng: getTopRankings() | Thời gian thực hiện: 8 ms
2026-09-10 13:53:17.177 [http-nio-8080-exec-10] INFO  project_backend.aspect.AppAspect - User: Anonymous | Chức năng: isCheckBlacklist() | Thời gian thực hiện: 0 ms
2026-09-10 13:53:17.192 [http-nio-8080-exec-10] INFO  project_backend.aspect.AppAspect - User: test | Chức năng: getCurrentUser() | Thời gian thực hiện: 4 ms
2026-09-10 13:53:17.200 [http-nio-8080-exec-3] INFO  project_backend.aspect.AppAspect - User: Anonymous | Chức năng: isCheckBlacklist() | Thời gian thực hiện: 3 ms
2026-09-10 13:53:17.208 [http-nio-8080-exec-3] INFO  project_backend.aspect.AppAspect - User: test | Chức năng: getCurrentUser() | Thời gian thực hiện: 0 ms
2026-09-10 13:53:18.630 [http-nio-8080-exec-2] INFO  project_backend.aspect.AppAspect - User: Anonymous | Chức năng: isCheckBlacklist() | Thời gian thực hiện: 0 ms
2026-09-10 13:53:18.632 [http-nio-8080-exec-5] INFO  project_backend.aspect.AppAspect - User: Anonymous | Chức năng: isCheckBlacklist() | Thời gian thực hiện: 0 ms
2026-09-10 13:53:18.632 [http-nio-8080-exec-4] INFO  project_backend.aspect.AppAspect - User: Anonymous | Chức năng: isCheckBlacklist() | Thời gian thực hiện: 0 ms
2026-09-10 13:53:18.632 [http-nio-8080-exec-2] INFO  project_backend.aspect.AppAspect - User: test | Chức năng: getCurrentUser() | Thời gian thực hiện: 0 ms
2026-09-10 13:53:18.642 [http-nio-8080-exec-4] INFO  project_backend.aspect.AppAspect - User: test | Chức năng: getMyAttemptHistory() | Thời gian thực hiện: 10 ms
2026-09-10 13:53:18.644 [http-nio-8080-exec-5] INFO  project_backend.aspect.AppAspect - User: test | Chức năng: getTopRankings() | Thời gian thực hiện: 12 ms
2026-09-10 13:53:18.644 [http-nio-8080-exec-1] INFO  project_backend.aspect.AppAspect - User: Anonymous | Chức năng: isCheckBlacklist() | Thời gian thực hiện: 1 ms
2026-09-10 13:53:18.655 [http-nio-8080-exec-8] INFO  project_backend.aspect.AppAspect - User: Anonymous | Chức năng: isCheckBlacklist() | Thời gian thực hiện: 1 ms
2026-09-10 13:53:18.655 [http-nio-8080-exec-6] INFO  project_backend.aspect.AppAspect - User: Anonymous | Chức năng: isCheckBlacklist() | Thời gian thực hiện: 1 ms
2026-09-10 13:53:18.658 [http-nio-8080-exec-1] INFO  project_backend.aspect.AppAspect - User: test | Chức năng: getCurrentUser() | Thời gian thực hiện: 8 ms
2026-09-10 13:53:18.668 [http-nio-8080-exec-6] INFO  project_backend.aspect.AppAspect - User: test | Chức năng: getMyAttemptHistory() | Thời gian thực hiện: 5 ms
2026-09-10 13:53:18.670 [http-nio-8080-exec-8] INFO  project_backend.aspect.AppAspect - User: test | Chức năng: getTopRankings() | Thời gian thực hiện: 7 ms
2026-09-10 13:53:20.930 [http-nio-8080-exec-7] INFO  project_backend.aspect.AppAspect - User: Anonymous | Chức năng: isCheckBlacklist() | Thời gian thực hiện: 2 ms
2026-09-10 13:53:20.937 [http-nio-8080-exec-7] INFO  project_backend.aspect.AppAspect - User: test | Chức năng: getCurrentUser() | Thời gian thực hiện: 2 ms
2026-09-10 13:53:20.937 [http-nio-8080-exec-9] INFO  project_backend.aspect.AppAspect - User: Anonymous | Chức năng: isCheckBlacklist() | Thời gian thực hiện: 0 ms
2026-09-10 13:53:20.953 [http-nio-8080-exec-9] INFO  project_backend.aspect.AppAspect - User: test | Chức năng: getCurrentUser() | Thời gian thực hiện: 3 ms
2026-09-10 13:53:22.741 [http-nio-8080-exec-3] INFO  project_backend.aspect.AppAspect - User: Anonymous | Chức năng: isCheckBlacklist() | Thời gian thực hiện: 1 ms
2026-09-10 13:53:22.741 [http-nio-8080-exec-10] INFO  project_backend.aspect.AppAspect - User: Anonymous | Chức năng: isCheckBlacklist() | Thời gian thực hiện: 1 ms
2026-09-10 13:53:22.749 [http-nio-8080-exec-10] INFO  project_backend.aspect.AppAspect - User: test | Chức năng: getCurrentUser() | Thời gian thực hiện: 2 ms
2026-09-10 13:53:22.758 [http-nio-8080-exec-2] INFO  project_backend.aspect.AppAspect - User: Anonymous | Chức năng: isCheckBlacklist() | Thời gian thực hiện: 3 ms
2026-09-10 13:53:22.766 [http-nio-8080-exec-2] INFO  project_backend.aspect.AppAspect - User: test | Chức năng: getCurrentUser() | Thời gian thực hiện: 1 ms
2026-09-10 13:53:22.772 [http-nio-8080-exec-3] INFO  project_backend.aspect.AppAspect - User: test | Chức năng: findMyQuizzes() | Thời gian thực hiện: 23 ms
2026-09-10 13:53:22.779 [http-nio-8080-exec-4] INFO  project_backend.aspect.AppAspect - User: Anonymous | Chức năng: isCheckBlacklist() | Thời gian thực hiện: 0 ms
2026-09-10 13:53:22.793 [http-nio-8080-exec-4] INFO  project_backend.aspect.AppAspect - User: test | Chức năng: findMyQuizzes() | Thời gian thực hiện: 3 ms
2026-09-10 13:53:41.228 [http-nio-8080-exec-5] INFO  project_backend.aspect.AppAspect - User: Anonymous | Chức năng: isCheckBlacklist() | Thời gian thực hiện: 2 ms
2026-09-10 13:53:41.234 [http-nio-8080-exec-6] INFO  project_backend.aspect.AppAspect - User: Anonymous | Chức năng: isCheckBlacklist() | Thời gian thực hiện: 0 ms
2026-09-10 13:53:41.234 [http-nio-8080-exec-1] INFO  project_backend.aspect.AppAspect - User: Anonymous | Chức năng: isCheckBlacklist() | Thời gian thực hiện: 1 ms
2026-09-10 13:53:41.237 [http-nio-8080-exec-5] INFO  project_backend.aspect.AppAspect - User: test | Chức năng: getCurrentUser() | Thời gian thực hiện: 0 ms
2026-09-10 13:53:41.248 [http-nio-8080-exec-1] INFO  project_backend.aspect.AppAspect - User: test | Chức năng: getMyAttemptHistory() | Thời gian thực hiện: 6 ms
2026-09-10 13:53:41.249 [http-nio-8080-exec-6] INFO  project_backend.aspect.AppAspect - User: test | Chức năng: getTopRankings() | Thời gian thực hiện: 7 ms
2026-09-10 13:53:41.253 [http-nio-8080-exec-8] INFO  project_backend.aspect.AppAspect - User: Anonymous | Chức năng: isCheckBlacklist() | Thời gian thực hiện: 1 ms
2026-09-10 13:53:41.261 [http-nio-8080-exec-7] INFO  project_backend.aspect.AppAspect - User: Anonymous | Chức năng: isCheckBlacklist() | Thời gian thực hiện: 8 ms
2026-09-10 13:53:41.262 [http-nio-8080-exec-9] INFO  project_backend.aspect.AppAspect - User: Anonymous | Chức năng: isCheckBlacklist() | Thời gian thực hiện: 8 ms
2026-09-10 13:53:41.262 [http-nio-8080-exec-8] INFO  project_backend.aspect.AppAspect - User: test | Chức năng: getCurrentUser() | Thời gian thực hiện: 9 ms
2026-09-10 13:53:41.272 [http-nio-8080-exec-7] INFO  project_backend.aspect.AppAspect - User: test | Chức năng: getMyAttemptHistory() | Thời gian thực hiện: 5 ms
2026-09-10 13:53:41.273 [http-nio-8080-exec-9] INFO  project_backend.aspect.AppAspect - User: test | Chức năng: getTopRankings() | Thời gian thực hiện: 6 ms
