2026-09-04 10:28:41.895 [restartedMain] INFO  project_backend.BackendApplication - Starting BackendApplication using Java 17.0.18 with PID 20408 (D:\HOC_LAP_TRINH\AI_Application\2. Project Example Holiday\Example Project Holiday\qivora\Backend\build\classes\java\main started by HUY HOAN in D:\HOC_LAP_TRINH\AI_Application\2. Project Example Holiday\Example Project Holiday\qivora\Backend)
2026-09-04 10:28:41.898 [restartedMain] INFO  project_backend.BackendApplication - No active profile set, falling back to 1 default profile: "default"
2026-09-04 10:28:46.547 [restartedMain] INFO  com.zaxxer.hikari.HikariDataSource - HikariPool-1 - Starting...
2026-09-04 10:28:46.995 [restartedMain] INFO  com.zaxxer.hikari.pool.HikariPool - HikariPool-1 - Added connection org.postgresql.jdbc.PgConnection@34fb2097
2026-09-04 10:28:47.011 [restartedMain] INFO  com.zaxxer.hikari.HikariDataSource - HikariPool-1 - Start completed.
2026-09-04 10:28:57.432 [restartedMain] INFO  project_backend.BackendApplication - Started BackendApplication in 16.158 seconds (process running for 17.027)
2026-09-04 10:29:27.246 [http-nio-8080-exec-1] INFO  project_backend.aspect.AppAspect - User: anonymousUser | Chức năng: login() | Thời gian thực hiện: 1330 ms
2026-09-04 10:29:28.752 [http-nio-8080-exec-5] INFO  project_backend.aspect.AppAspect - User: Anonymous | Chức năng: isCheckBlacklist() | Thời gian thực hiện: 1240 ms
2026-09-04 10:29:28.752 [http-nio-8080-exec-3] INFO  project_backend.aspect.AppAspect - User: Anonymous | Chức năng: isCheckBlacklist() | Thời gian thực hiện: 1240 ms
2026-09-04 10:29:28.752 [http-nio-8080-exec-2] INFO  project_backend.aspect.AppAspect - User: Anonymous | Chức năng: isCheckBlacklist() | Thời gian thực hiện: 1240 ms
2026-09-04 10:29:28.773 [http-nio-8080-exec-2] INFO  project_backend.aspect.AppAspect - User: huyhoan1303 | Chức năng: getCurrentUser() | Thời gian thực hiện: 7 ms
2026-09-04 10:29:28.780 [http-nio-8080-exec-4] INFO  project_backend.aspect.AppAspect - User: Anonymous | Chức năng: isCheckBlacklist() | Thời gian thực hiện: 0 ms
2026-09-04 10:29:28.794 [http-nio-8080-exec-4] INFO  project_backend.aspect.AppAspect - User: huyhoan1303 | Chức năng: getCurrentUser() | Thời gian thực hiện: 7 ms
2026-09-04 10:29:28.821 [http-nio-8080-exec-3] INFO  project_backend.aspect.AppAspect - User: huyhoan1303 | Chức năng: getMyAttemptHistory() | Thời gian thực hiện: 55 ms
2026-09-04 10:29:28.829 [http-nio-8080-exec-5] INFO  project_backend.aspect.AppAspect - User: huyhoan1303 | Chức năng: getTopRankings() | Thời gian thực hiện: 63 ms
2026-09-04 10:29:28.853 [http-nio-8080-exec-7] INFO  project_backend.aspect.AppAspect - User: Anonymous | Chức năng: isCheckBlacklist() | Thời gian thực hiện: 2 ms
2026-09-04 10:29:28.853 [http-nio-8080-exec-8] INFO  project_backend.aspect.AppAspect - User: Anonymous | Chức năng: isCheckBlacklist() | Thời gian thực hiện: 2 ms
2026-09-04 10:29:28.870 [http-nio-8080-exec-7] INFO  project_backend.aspect.AppAspect - User: huyhoan1303 | Chức năng: getMyAttemptHistory() | Thời gian thực hiện: 8 ms
2026-09-04 10:29:28.871 [http-nio-8080-exec-8] INFO  project_backend.aspect.AppAspect - User: huyhoan1303 | Chức năng: getTopRankings() | Thời gian thực hiện: 9 ms
2026-09-04 10:29:43.767 [http-nio-8080-exec-6] INFO  project_backend.aspect.AppAspect - User: Anonymous | Chức năng: isCheckBlacklist() | Thời gian thực hiện: 0 ms
2026-09-04 10:29:43.779 [http-nio-8080-exec-6] INFO  project_backend.aspect.AppAspect - User: huyhoan1303 | Chức năng: getCurrentUser() | Thời gian thực hiện: 3 ms
2026-09-04 10:29:43.791 [http-nio-8080-exec-9] INFO  project_backend.aspect.AppAspect - User: Anonymous | Chức năng: isCheckBlacklist() | Thời gian thực hiện: 0 ms
2026-09-04 10:29:43.794 [http-nio-8080-exec-9] INFO  project_backend.aspect.AppAspect - User: huyhoan1303 | Chức năng: getCurrentUser() | Thời gian thực hiện: 0 ms
2026-09-04 10:29:45.921 [http-nio-8080-exec-1] INFO  project_backend.aspect.AppAspect - User: Anonymous | Chức năng: isCheckBlacklist() | Thời gian thực hiện: 0 ms
2026-09-04 10:29:45.921 [http-nio-8080-exec-10] INFO  project_backend.aspect.AppAspect - User: Anonymous | Chức năng: isCheckBlacklist() | Thời gian thực hiện: 1 ms
2026-09-04 10:29:45.924 [http-nio-8080-exec-2] INFO  project_backend.aspect.AppAspect - User: Anonymous | Chức năng: isCheckBlacklist() | Thời gian thực hiện: 2 ms
2026-09-04 10:29:45.935 [http-nio-8080-exec-10] INFO  project_backend.aspect.AppAspect - User: huyhoan1303 | Chức năng: getCurrentUser() | Thời gian thực hiện: 5 ms
2026-09-04 10:29:45.937 [http-nio-8080-exec-1] INFO  project_backend.aspect.AppAspect - User: huyhoan1303 | Chức năng: getMyAttemptHistory() | Thời gian thực hiện: 7 ms
2026-09-04 10:29:45.945 [http-nio-8080-exec-2] INFO  project_backend.aspect.AppAspect - User: huyhoan1303 | Chức năng: getTopRankings() | Thời gian thực hiện: 11 ms
2026-09-04 10:29:45.953 [http-nio-8080-exec-4] INFO  project_backend.aspect.AppAspect - User: Anonymous | Chức năng: isCheckBlacklist() | Thời gian thực hiện: 2 ms
2026-09-04 10:29:45.960 [http-nio-8080-exec-5] INFO  project_backend.aspect.AppAspect - User: Anonymous | Chức năng: isCheckBlacklist() | Thời gian thực hiện: 2 ms
2026-09-04 10:29:45.963 [http-nio-8080-exec-3] INFO  project_backend.aspect.AppAspect - User: Anonymous | Chức năng: isCheckBlacklist() | Thời gian thực hiện: 1 ms
2026-09-04 10:29:45.966 [http-nio-8080-exec-4] INFO  project_backend.aspect.AppAspect - User: huyhoan1303 | Chức năng: getCurrentUser() | Thời gian thực hiện: 3 ms
2026-09-04 10:29:45.972 [http-nio-8080-exec-3] INFO  project_backend.aspect.AppAspect - User: huyhoan1303 | Chức năng: getTopRankings() | Thời gian thực hiện: 4 ms
2026-09-04 10:29:45.972 [http-nio-8080-exec-5] INFO  project_backend.aspect.AppAspect - User: huyhoan1303 | Chức năng: getMyAttemptHistory() | Thời gian thực hiện: 5 ms
2026-09-04 10:29:58.253 [http-nio-8080-exec-7] INFO  project_backend.aspect.AppAspect - User: Anonymous | Chức năng: isCheckBlacklist() | Thời gian thực hiện: 0 ms
2026-09-04 10:29:58.262 [http-nio-8080-exec-7] INFO  project_backend.aspect.AppAspect - User: huyhoan1303 | Chức năng: getCurrentUser() | Thời gian thực hiện: 3 ms
2026-09-04 10:29:58.269 [http-nio-8080-exec-8] INFO  project_backend.aspect.AppAspect - User: Anonymous | Chức năng: isCheckBlacklist() | Thời gian thực hiện: 0 ms
2026-09-04 10:29:58.276 [http-nio-8080-exec-8] INFO  project_backend.aspect.AppAspect - User: huyhoan1303 | Chức năng: getCurrentUser() | Thời gian thực hiện: 0 ms
2026-09-04 10:30:00.317 [http-nio-8080-exec-6] INFO  project_backend.aspect.AppAspect - User: Anonymous | Chức năng: isCheckBlacklist() | Thời gian thực hiện: 1 ms
2026-09-04 10:30:00.320 [http-nio-8080-exec-9] INFO  project_backend.aspect.AppAspect - User: Anonymous | Chức năng: isCheckBlacklist() | Thời gian thực hiện: 3 ms
2026-09-04 10:30:00.320 [http-nio-8080-exec-10] INFO  project_backend.aspect.AppAspect - User: Anonymous | Chức năng: isCheckBlacklist() | Thời gian thực hiện: 3 ms
2026-09-04 10:30:00.329 [http-nio-8080-exec-6] INFO  project_backend.aspect.AppAspect - User: huyhoan1303 | Chức năng: getCurrentUser() | Thời gian thực hiện: 2 ms
2026-09-04 10:30:00.338 [http-nio-8080-exec-10] INFO  project_backend.aspect.AppAspect - User: huyhoan1303 | Chức năng: getTopRankings() | Thời gian thực hiện: 9 ms
2026-09-04 10:30:00.343 [http-nio-8080-exec-9] INFO  project_backend.aspect.AppAspect - User: huyhoan1303 | Chức năng: getMyAttemptHistory() | Thời gian thực hiện: 14 ms
2026-09-04 10:30:00.348 [http-nio-8080-exec-1] INFO  project_backend.aspect.AppAspect - User: Anonymous | Chức năng: isCheckBlacklist() | Thời gian thực hiện: 3 ms
2026-09-04 10:30:00.357 [http-nio-8080-exec-4] INFO  project_backend.aspect.AppAspect - User: Anonymous | Chức năng: isCheckBlacklist() | Thời gian thực hiện: 1 ms
2026-09-04 10:30:00.357 [http-nio-8080-exec-2] INFO  project_backend.aspect.AppAspect - User: Anonymous | Chức năng: isCheckBlacklist() | Thời gian thực hiện: 1 ms
2026-09-04 10:30:00.358 [http-nio-8080-exec-1] INFO  project_backend.aspect.AppAspect - User: huyhoan1303 | Chức năng: getCurrentUser() | Thời gian thực hiện: 3 ms
2026-09-04 10:30:00.358 [http-nio-8080-exec-4] INFO  project_backend.aspect.AppAspect - User: huyhoan1303 | Chức năng: getMyAttemptHistory() | Thời gian thực hiện: 0 ms
2026-09-04 10:30:00.358 [http-nio-8080-exec-2] INFO  project_backend.aspect.AppAspect - User: huyhoan1303 | Chức năng: getTopRankings() | Thời gian thực hiện: 0 ms
2026-09-04 10:30:01.383 [http-nio-8080-exec-5] INFO  project_backend.aspect.AppAspect - User: Anonymous | Chức năng: isCheckBlacklist() | Thời gian thực hiện: 0 ms
2026-09-04 10:30:01.395 [http-nio-8080-exec-5] INFO  project_backend.aspect.AppAspect - User: huyhoan1303 | Chức năng: getCurrentUser() | Thời gian thực hiện: 12 ms
2026-09-04 10:30:01.401 [http-nio-8080-exec-3] INFO  project_backend.aspect.AppAspect - User: Anonymous | Chức năng: isCheckBlacklist() | Thời gian thực hiện: 0 ms
2026-09-04 10:30:01.414 [http-nio-8080-exec-3] INFO  project_backend.aspect.AppAspect - User: huyhoan1303 | Chức năng: getCurrentUser() | Thời gian thực hiện: 3 ms
2026-09-04 10:30:04.286 [http-nio-8080-exec-8] INFO  project_backend.aspect.AppAspect - User: Anonymous | Chức năng: isCheckBlacklist() | Thời gian thực hiện: 1 ms
2026-09-04 10:30:04.286 [http-nio-8080-exec-7] INFO  project_backend.aspect.AppAspect - User: Anonymous | Chức năng: isCheckBlacklist() | Thời gian thực hiện: 1 ms
2026-09-04 10:30:04.286 [http-nio-8080-exec-6] INFO  project_backend.aspect.AppAspect - User: Anonymous | Chức năng: isCheckBlacklist() | Thời gian thực hiện: 1 ms
2026-09-04 10:30:04.289 [http-nio-8080-exec-7] INFO  project_backend.aspect.AppAspect - User: huyhoan1303 | Chức năng: getCurrentUser() | Thời gian thực hiện: 0 ms
2026-09-04 10:30:04.289 [http-nio-8080-exec-8] INFO  project_backend.aspect.AppAspect - User: huyhoan1303 | Chức năng: getMyAttemptHistory() | Thời gian thực hiện: 0 ms
2026-09-04 10:30:04.298 [http-nio-8080-exec-6] INFO  project_backend.aspect.AppAspect - User: huyhoan1303 | Chức năng: getTopRankings() | Thời gian thực hiện: 9 ms
2026-09-04 10:30:04.312 [http-nio-8080-exec-10] INFO  project_backend.aspect.AppAspect - User: Anonymous | Chức năng: isCheckBlacklist() | Thời gian thực hiện: 2 ms
2026-09-04 10:30:04.317 [http-nio-8080-exec-9] INFO  project_backend.aspect.AppAspect - User: Anonymous | Chức năng: isCheckBlacklist() | Thời gian thực hiện: 0 ms
2026-09-04 10:30:04.317 [http-nio-8080-exec-1] INFO  project_backend.aspect.AppAspect - User: Anonymous | Chức năng: isCheckBlacklist() | Thời gian thực hiện: 0 ms
2026-09-04 10:30:04.326 [http-nio-8080-exec-10] INFO  project_backend.aspect.AppAspect - User: huyhoan1303 | Chức năng: getCurrentUser() | Thời gian thực hiện: 9 ms
2026-09-04 10:30:04.340 [http-nio-8080-exec-9] INFO  project_backend.aspect.AppAspect - User: huyhoan1303 | Chức năng: getMyAttemptHistory() | Thời gian thực hiện: 9 ms
2026-09-04 10:30:04.344 [http-nio-8080-exec-1] INFO  project_backend.aspect.AppAspect - User: huyhoan1303 | Chức năng: getTopRankings() | Thời gian thực hiện: 12 ms
2026-09-04 10:37:14.013 [http-nio-8080-exec-5] INFO  project_backend.aspect.AppAspect - User: Anonymous | Chức năng: isCheckBlacklist() | Thời gian thực hiện: 1 ms
2026-09-04 10:37:14.013 [http-nio-8080-exec-2] INFO  project_backend.aspect.AppAspect - User: Anonymous | Chức năng: isCheckBlacklist() | Thời gian thực hiện: 1 ms
2026-09-04 10:37:14.013 [http-nio-8080-exec-4] INFO  project_backend.aspect.AppAspect - User: Anonymous | Chức năng: isCheckBlacklist() | Thời gian thực hiện: 1 ms
2026-09-04 10:37:14.023 [http-nio-8080-exec-2] INFO  project_backend.aspect.AppAspect - User: huyhoan1303 | Chức năng: getCurrentUser() | Thời gian thực hiện: 3 ms
2026-09-04 10:37:14.024 [http-nio-8080-exec-4] INFO  project_backend.aspect.AppAspect - User: huyhoan1303 | Chức năng: getMyAttemptHistory() | Thời gian thực hiện: 4 ms
2026-09-04 10:37:14.026 [http-nio-8080-exec-5] INFO  project_backend.aspect.AppAspect - User: huyhoan1303 | Chức năng: getTopRankings() | Thời gian thực hiện: 6 ms
2026-09-04 10:37:14.040 [http-nio-8080-exec-3] INFO  project_backend.aspect.AppAspect - User: Anonymous | Chức năng: isCheckBlacklist() | Thời gian thực hiện: 1 ms
2026-09-04 10:37:14.040 [http-nio-8080-exec-7] INFO  project_backend.aspect.AppAspect - User: Anonymous | Chức năng: isCheckBlacklist() | Thời gian thực hiện: 0 ms
2026-09-04 10:37:14.040 [http-nio-8080-exec-8] INFO  project_backend.aspect.AppAspect - User: Anonymous | Chức năng: isCheckBlacklist() | Thời gian thực hiện: 0 ms
2026-09-04 10:37:14.049 [http-nio-8080-exec-3] INFO  project_backend.aspect.AppAspect - User: huyhoan1303 | Chức năng: getCurrentUser() | Thời gian thực hiện: 3 ms
2026-09-04 10:37:14.050 [http-nio-8080-exec-7] INFO  project_backend.aspect.AppAspect - User: huyhoan1303 | Chức năng: getMyAttemptHistory() | Thời gian thực hiện: 5 ms
2026-09-04 10:37:14.050 [http-nio-8080-exec-8] INFO  project_backend.aspect.AppAspect - User: huyhoan1303 | Chức năng: getTopRankings() | Thời gian thực hiện: 5 ms
2026-09-04 10:37:16.459 [http-nio-8080-exec-6] INFO  project_backend.aspect.AppAspect - User: Anonymous | Chức năng: isCheckBlacklist() | Thời gian thực hiện: 3 ms
2026-09-04 10:37:16.507 [http-nio-8080-exec-6] INFO  project_backend.aspect.AppAspect - User: huyhoan1303 | Chức năng: getCurrentUser() | Thời gian thực hiện: 1 ms
2026-09-04 10:37:16.549 [http-nio-8080-exec-10] INFO  project_backend.aspect.AppAspect - User: Anonymous | Chức năng: isCheckBlacklist() | Thời gian thực hiện: 0 ms
2026-09-04 10:37:16.562 [http-nio-8080-exec-10] INFO  project_backend.aspect.AppAspect - User: huyhoan1303 | Chức năng: getCurrentUser() | Thời gian thực hiện: 4 ms
2026-09-04 10:37:19.443 [http-nio-8080-exec-9] INFO  project_backend.aspect.AppAspect - User: Anonymous | Chức năng: isCheckBlacklist() | Thời gian thực hiện: 2 ms
2026-09-04 10:37:22.794 [http-nio-8080-exec-9] INFO  project_backend.aspect.AppAspect - User: huyhoan1303 | Chức năng: uploadAvatar() | Thời gian thực hiện: 3297 ms
2026-09-04 10:37:22.818 [http-nio-8080-exec-9] INFO  project_backend.aspect.AppAspect - User: huyhoan1303 | Chức năng: updateAvatar() | Thời gian thực hiện: 3329 ms
2026-09-04 10:37:30.078 [http-nio-8080-exec-1] INFO  project_backend.aspect.AppAspect - User: Anonymous | Chức năng: isCheckBlacklist() | Thời gian thực hiện: 1 ms
2026-09-04 10:37:30.083 [http-nio-8080-exec-2] INFO  project_backend.aspect.AppAspect - User: Anonymous | Chức năng: isCheckBlacklist() | Thời gian thực hiện: 1 ms
2026-09-04 10:37:30.083 [http-nio-8080-exec-4] INFO  project_backend.aspect.AppAspect - User: Anonymous | Chức năng: isCheckBlacklist() | Thời gian thực hiện: 1 ms
2026-09-04 10:37:30.086 [http-nio-8080-exec-1] INFO  project_backend.aspect.AppAspect - User: huyhoan1303 | Chức năng: getCurrentUser() | Thời gian thực hiện: 2 ms
2026-09-04 10:37:30.094 [http-nio-8080-exec-4] INFO  project_backend.aspect.AppAspect - User: huyhoan1303 | Chức năng: getTopRankings() | Thời gian thực hiện: 4 ms
2026-09-04 10:37:30.094 [http-nio-8080-exec-2] INFO  project_backend.aspect.AppAspect - User: huyhoan1303 | Chức năng: getMyAttemptHistory() | Thời gian thực hiện: 6 ms
2026-09-04 10:37:30.094 [http-nio-8080-exec-5] INFO  project_backend.aspect.AppAspect - User: Anonymous | Chức năng: isCheckBlacklist() | Thời gian thực hiện: 0 ms
2026-09-04 10:37:30.105 [http-nio-8080-exec-5] INFO  project_backend.aspect.AppAspect - User: huyhoan1303 | Chức năng: getCurrentUser() | Thời gian thực hiện: 3 ms
2026-09-04 10:37:30.105 [http-nio-8080-exec-8] INFO  project_backend.aspect.AppAspect - User: Anonymous | Chức năng: isCheckBlacklist() | Thời gian thực hiện: 1 ms
2026-09-04 10:37:30.105 [http-nio-8080-exec-3] INFO  project_backend.aspect.AppAspect - User: Anonymous | Chức năng: isCheckBlacklist() | Thời gian thực hiện: 1 ms
2026-09-04 10:37:30.114 [http-nio-8080-exec-8] INFO  project_backend.aspect.AppAspect - User: huyhoan1303 | Chức năng: getMyAttemptHistory() | Thời gian thực hiện: 4 ms
2026-09-04 10:37:30.116 [http-nio-8080-exec-3] INFO  project_backend.aspect.AppAspect - User: huyhoan1303 | Chức năng: getTopRankings() | Thời gian thực hiện: 6 ms
2026-09-04 10:47:58.814 [http-nio-8080-exec-1] INFO  project_backend.aspect.AppAspect - User: anonymousUser | Chức năng: login() | Thời gian thực hiện: 229 ms
2026-09-04 10:47:58.911 [http-nio-8080-exec-4] INFO  project_backend.aspect.AppAspect - User: Anonymous | Chức năng: isCheckBlacklist() | Thời gian thực hiện: 2 ms
2026-09-04 10:47:58.911 [http-nio-8080-exec-2] INFO  project_backend.aspect.AppAspect - User: Anonymous | Chức năng: isCheckBlacklist() | Thời gian thực hiện: 2 ms
2026-09-04 10:47:58.911 [http-nio-8080-exec-5] INFO  project_backend.aspect.AppAspect - User: Anonymous | Chức năng: isCheckBlacklist() | Thời gian thực hiện: 2 ms
2026-09-04 10:47:58.920 [http-nio-8080-exec-4] INFO  project_backend.aspect.AppAspect - User: huyhoan1303 | Chức năng: getCurrentUser() | Thời gian thực hiện: 3 ms
2026-09-04 10:47:58.925 [http-nio-8080-exec-2] INFO  project_backend.aspect.AppAspect - User: huyhoan1303 | Chức năng: getMyAttemptHistory() | Thời gian thực hiện: 8 ms
2026-09-04 10:47:58.927 [http-nio-8080-exec-5] INFO  project_backend.aspect.AppAspect - User: huyhoan1303 | Chức năng: getTopRankings() | Thời gian thực hiện: 10 ms
2026-09-04 10:47:58.931 [http-nio-8080-exec-8] INFO  project_backend.aspect.AppAspect - User: Anonymous | Chức năng: isCheckBlacklist() | Thời gian thực hiện: 1 ms
2026-09-04 10:47:58.935 [http-nio-8080-exec-3] INFO  project_backend.aspect.AppAspect - User: Anonymous | Chức năng: isCheckBlacklist() | Thời gian thực hiện: 1 ms
2026-09-04 10:47:58.935 [http-nio-8080-exec-6] INFO  project_backend.aspect.AppAspect - User: Anonymous | Chức năng: isCheckBlacklist() | Thời gian thực hiện: 1 ms
2026-09-04 10:47:58.937 [http-nio-8080-exec-8] INFO  project_backend.aspect.AppAspect - User: huyhoan1303 | Chức năng: getCurrentUser() | Thời gian thực hiện: 2 ms
2026-09-04 10:47:58.944 [http-nio-8080-exec-3] INFO  project_backend.aspect.AppAspect - User: huyhoan1303 | Chức năng: getMyAttemptHistory() | Thời gian thực hiện: 5 ms
2026-09-04 10:47:58.944 [http-nio-8080-exec-6] INFO  project_backend.aspect.AppAspect - User: huyhoan1303 | Chức năng: getTopRankings() | Thời gian thực hiện: 5 ms
2026-09-04 10:48:01.281 [http-nio-8080-exec-10] INFO  project_backend.aspect.AppAspect - User: Anonymous | Chức năng: isCheckBlacklist() | Thời gian thực hiện: 1 ms
2026-09-04 10:48:01.281 [http-nio-8080-exec-7] INFO  project_backend.aspect.AppAspect - User: Anonymous | Chức năng: isCheckBlacklist() | Thời gian thực hiện: 1 ms
2026-09-04 10:48:01.289 [http-nio-8080-exec-7] INFO  project_backend.aspect.AppAspect - User: huyhoan1303 | Chức năng: getCurrentUser() | Thời gian thực hiện: 2 ms
2026-09-04 10:48:01.298 [http-nio-8080-exec-9] INFO  project_backend.aspect.AppAspect - User: Anonymous | Chức năng: isCheckBlacklist() | Thời gian thực hiện: 1 ms
2026-09-04 10:48:01.307 [http-nio-8080-exec-9] INFO  project_backend.aspect.AppAspect - User: huyhoan1303 | Chức năng: getCurrentUser() | Thời gian thực hiện: 7 ms
2026-09-04 10:48:01.328 [http-nio-8080-exec-10] INFO  project_backend.aspect.AppAspect - User: huyhoan1303 | Chức năng: findMyQuizzes() | Thời gian thực hiện: 38 ms
2026-09-04 10:48:01.349 [http-nio-8080-exec-1] INFO  project_backend.aspect.AppAspect - User: Anonymous | Chức năng: isCheckBlacklist() | Thời gian thực hiện: 0 ms
2026-09-04 10:48:01.364 [http-nio-8080-exec-1] INFO  project_backend.aspect.AppAspect - User: huyhoan1303 | Chức năng: findMyQuizzes() | Thời gian thực hiện: 5 ms
2026-09-04 10:48:11.077 [http-nio-8080-exec-4] INFO  project_backend.aspect.AppAspect - User: Anonymous | Chức năng: isCheckBlacklist() | Thời gian thực hiện: 1 ms
2026-09-04 10:48:11.085 [http-nio-8080-exec-4] INFO  project_backend.aspect.AppAspect - User: huyhoan1303 | Chức năng: findMyQuizzes() | Thời gian thực hiện: 2 ms
2026-09-04 10:48:17.082 [http-nio-8080-exec-2] INFO  project_backend.aspect.AppAspect - User: Anonymous | Chức năng: isCheckBlacklist() | Thời gian thực hiện: 1 ms
2026-09-04 10:48:17.090 [http-nio-8080-exec-2] INFO  project_backend.aspect.AppAspect - User: huyhoan1303 | Chức năng: getCurrentUser() | Thời gian thực hiện: 2 ms
2026-09-04 10:48:17.098 [http-nio-8080-exec-5] INFO  project_backend.aspect.AppAspect - User: Anonymous | Chức năng: isCheckBlacklist() | Thời gian thực hiện: 0 ms
2026-09-04 10:48:17.112 [http-nio-8080-exec-5] INFO  project_backend.aspect.AppAspect - User: huyhoan1303 | Chức năng: getCurrentUser() | Thời gian thực hiện: 7 ms
2026-09-04 10:50:14.794 [http-nio-8080-exec-8] INFO  project_backend.aspect.AppAspect - User: Anonymous | Chức năng: isCheckBlacklist() | Thời gian thực hiện: 2 ms
2026-09-04 10:50:14.895 [http-nio-8080-exec-8] INFO  project_backend.aspect.AppAspect - User: huyhoan1303 | Chức năng: isCheckBlacklist() | Thời gian thực hiện: 0 ms
2026-09-04 10:50:19.710 [http-nio-8080-exec-3] INFO  project_backend.aspect.AppAspect - User: Anonymous | Chức năng: isCheckBlacklist() | Thời gian thực hiện: 2 ms
2026-09-04 10:50:19.723 [http-nio-8080-exec-3] INFO  project_backend.aspect.AppAspect - User: huyhoan1303 | Chức năng: isCheckBlacklist() | Thời gian thực hiện: 1 ms
2026-09-04 10:51:11.382 [http-nio-8080-exec-6] INFO  project_backend.aspect.AppAspect - User: Anonymous | Chức năng: isCheckBlacklist() | Thời gian thực hiện: 1 ms
2026-09-04 10:51:11.397 [http-nio-8080-exec-6] INFO  project_backend.aspect.AppAspect - User: huyhoan1303 | Chức năng: isCheckBlacklist() | Thời gian thực hiện: 2 ms
2026-09-04 10:51:15.550 [http-nio-8080-exec-7] INFO  project_backend.aspect.AppAspect - User: Anonymous | Chức năng: isCheckBlacklist() | Thời gian thực hiện: 1 ms
2026-09-04 10:51:15.561 [http-nio-8080-exec-7] INFO  project_backend.aspect.AppAspect - User: huyhoan1303 | Chức năng: isCheckBlacklist() | Thời gian thực hiện: 1 ms
2026-09-04 10:51:21.352 [http-nio-8080-exec-9] INFO  project_backend.aspect.AppAspect - User: Anonymous | Chức năng: isCheckBlacklist() | Thời gian thực hiện: 1 ms
2026-09-04 10:51:21.362 [http-nio-8080-exec-9] INFO  project_backend.aspect.AppAspect - User: huyhoan1303 | Chức năng: isCheckBlacklist() | Thời gian thực hiện: 0 ms
2026-09-04 10:51:26.118 [http-nio-8080-exec-10] INFO  project_backend.aspect.AppAspect - User: Anonymous | Chức năng: isCheckBlacklist() | Thời gian thực hiện: 2 ms
2026-09-04 10:51:26.134 [http-nio-8080-exec-10] INFO  project_backend.aspect.AppAspect - User: huyhoan1303 | Chức năng: isCheckBlacklist() | Thời gian thực hiện: 3 ms
2026-09-04 10:51:26.678 [http-nio-8080-exec-10] INFO  project_backend.aspect.AppAspect - User: huyhoan1303 | Chức năng: blacklistToken() | Thời gian thực hiện: 18 ms
2026-09-04 10:51:26.678 [http-nio-8080-exec-10] INFO  project_backend.aspect.AppAspect - User: huyhoan1303 | Chức năng: blacklistToken() | Thời gian thực hiện: 0 ms
2026-09-04 10:51:26.678 [http-nio-8080-exec-10] INFO  project_backend.aspect.AppAspect - User: huyhoan1303 | Chức năng: changePassword() | Thời gian thực hiện: 547 ms
2026-09-04 10:51:44.541 [http-nio-8080-exec-4] INFO  project_backend.aspect.AppAspect - User: anonymousUser | Chức năng: login() | Thời gian thực hiện: 289 ms
2026-09-04 10:51:44.600 [http-nio-8080-exec-2] INFO  project_backend.aspect.AppAspect - User: Anonymous | Chức năng: isCheckBlacklist() | Thời gian thực hiện: 1 ms
2026-09-04 10:51:44.602 [http-nio-8080-exec-8] INFO  project_backend.aspect.AppAspect - User: Anonymous | Chức năng: isCheckBlacklist() | Thời gian thực hiện: 0 ms
2026-09-04 10:51:44.602 [http-nio-8080-exec-5] INFO  project_backend.aspect.AppAspect - User: Anonymous | Chức năng: isCheckBlacklist() | Thời gian thực hiện: 0 ms
2026-09-04 10:51:44.607 [http-nio-8080-exec-2] INFO  project_backend.aspect.AppAspect - User: huyhoan1303 | Chức năng: getCurrentUser() | Thời gian thực hiện: 5 ms
2026-09-04 10:51:44.615 [http-nio-8080-exec-5] INFO  project_backend.aspect.AppAspect - User: huyhoan1303 | Chức năng: getMyAttemptHistory() | Thời gian thực hiện: 8 ms
2026-09-04 10:51:44.616 [http-nio-8080-exec-8] INFO  project_backend.aspect.AppAspect - User: huyhoan1303 | Chức năng: getTopRankings() | Thời gian thực hiện: 9 ms
2026-09-04 10:51:44.618 [http-nio-8080-exec-3] INFO  project_backend.aspect.AppAspect - User: Anonymous | Chức năng: isCheckBlacklist() | Thời gian thực hiện: 1 ms
2026-09-04 10:51:44.624 [http-nio-8080-exec-7] INFO  project_backend.aspect.AppAspect - User: Anonymous | Chức năng: isCheckBlacklist() | Thời gian thực hiện: 0 ms
2026-09-04 10:51:44.624 [http-nio-8080-exec-6] INFO  project_backend.aspect.AppAspect - User: Anonymous | Chức năng: isCheckBlacklist() | Thời gian thực hiện: 0 ms
2026-09-04 10:51:44.625 [http-nio-8080-exec-3] INFO  project_backend.aspect.AppAspect - User: huyhoan1303 | Chức năng: getCurrentUser() | Thời gian thực hiện: 2 ms
2026-09-04 10:51:44.639 [http-nio-8080-exec-6] INFO  project_backend.aspect.AppAspect - User: huyhoan1303 | Chức năng: getMyAttemptHistory() | Thời gian thực hiện: 8 ms
2026-09-04 10:51:44.639 [http-nio-8080-exec-7] INFO  project_backend.aspect.AppAspect - User: huyhoan1303 | Chức năng: getTopRankings() | Thời gian thực hiện: 8 ms
2026-09-04 10:51:56.735 [http-nio-8080-exec-9] INFO  project_backend.aspect.AppAspect - User: Anonymous | Chức năng: isCheckBlacklist() | Thời gian thực hiện: 2 ms
2026-09-04 10:55:41.797 [http-nio-8080-exec-10] INFO  project_backend.aspect.AppAspect - User: Anonymous | Chức năng: isCheckBlacklist() | Thời gian thực hiện: 11 ms
2026-09-04 10:56:11.051 [http-nio-8080-exec-1] INFO  project_backend.aspect.AppAspect - User: Anonymous | Chức năng: isCheckBlacklist() | Thời gian thực hiện: 2 ms
2026-09-04 10:56:11.070 [http-nio-8080-exec-1] INFO  project_backend.aspect.AppAspect - User: huyhoan1303 | Chức năng: getCurrentUser() | Thời gian thực hiện: 8 ms
2026-09-04 10:56:11.088 [http-nio-8080-exec-4] INFO  project_backend.aspect.AppAspect - User: Anonymous | Chức năng: isCheckBlacklist() | Thời gian thực hiện: 3 ms
2026-09-04 10:56:11.097 [http-nio-8080-exec-4] INFO  project_backend.aspect.AppAspect - User: huyhoan1303 | Chức năng: getCurrentUser() | Thời gian thực hiện: 2 ms
2026-09-04 10:56:13.818 [http-nio-8080-exec-2] INFO  project_backend.aspect.AppAspect - User: Anonymous | Chức năng: isCheckBlacklist() | Thời gian thực hiện: 4 ms
2026-09-04 10:56:13.830 [http-nio-8080-exec-2] INFO  project_backend.aspect.AppAspect - User: huyhoan1303 | Chức năng: getCurrentUser() | Thời gian thực hiện: 6 ms
2026-09-04 10:56:13.859 [http-nio-8080-exec-8] INFO  project_backend.aspect.AppAspect - User: Anonymous | Chức năng: isCheckBlacklist() | Thời gian thực hiện: 6 ms
2026-09-04 10:56:13.886 [http-nio-8080-exec-8] INFO  project_backend.aspect.AppAspect - User: huyhoan1303 | Chức năng: getCurrentUser() | Thời gian thực hiện: 7 ms
2026-09-04 10:56:17.549 [http-nio-8080-exec-5] INFO  project_backend.aspect.AppAspect - User: Anonymous | Chức năng: isCheckBlacklist() | Thời gian thực hiện: 4 ms
2026-09-04 10:56:17.549 [http-nio-8080-exec-3] INFO  project_backend.aspect.AppAspect - User: Anonymous | Chức năng: isCheckBlacklist() | Thời gian thực hiện: 1 ms
2026-09-04 10:56:17.552 [http-nio-8080-exec-6] INFO  project_backend.aspect.AppAspect - User: Anonymous | Chức năng: isCheckBlacklist() | Thời gian thực hiện: 0 ms
2026-09-04 10:56:17.567 [http-nio-8080-exec-5] INFO  project_backend.aspect.AppAspect - User: huyhoan1303 | Chức năng: getCurrentUser() | Thời gian thực hiện: 11 ms
2026-09-04 10:56:17.577 [http-nio-8080-exec-7] INFO  project_backend.aspect.AppAspect - User: Anonymous | Chức năng: isCheckBlacklist() | Thời gian thực hiện: 1 ms
2026-09-04 10:56:17.587 [http-nio-8080-exec-3] INFO  project_backend.aspect.AppAspect - User: huyhoan1303 | Chức năng: getMyAttemptHistory() | Thời gian thực hiện: 16 ms
2026-09-04 10:56:17.587 [http-nio-8080-exec-6] INFO  project_backend.aspect.AppAspect - User: huyhoan1303 | Chức năng: getTopRankings() | Thời gian thực hiện: 11 ms
2026-09-04 10:56:17.589 [http-nio-8080-exec-7] INFO  project_backend.aspect.AppAspect - User: huyhoan1303 | Chức năng: getCurrentUser() | Thời gian thực hiện: 4 ms
2026-09-04 10:56:17.604 [http-nio-8080-exec-10] INFO  project_backend.aspect.AppAspect - User: Anonymous | Chức năng: isCheckBlacklist() | Thời gian thực hiện: 1 ms
2026-09-04 10:56:17.604 [http-nio-8080-exec-9] INFO  project_backend.aspect.AppAspect - User: Anonymous | Chức năng: isCheckBlacklist() | Thời gian thực hiện: 1 ms
2026-09-04 10:56:17.615 [http-nio-8080-exec-9] INFO  project_backend.aspect.AppAspect - User: huyhoan1303 | Chức năng: getMyAttemptHistory() | Thời gian thực hiện: 5 ms
2026-09-04 10:56:17.617 [http-nio-8080-exec-10] INFO  project_backend.aspect.AppAspect - User: huyhoan1303 | Chức năng: getTopRankings() | Thời gian thực hiện: 7 ms
2026-09-04 10:56:19.732 [http-nio-8080-exec-1] INFO  project_backend.aspect.AppAspect - User: Anonymous | Chức năng: isCheckBlacklist() | Thời gian thực hiện: 0 ms
2026-09-04 10:56:19.748 [http-nio-8080-exec-1] INFO  project_backend.aspect.AppAspect - User: huyhoan1303 | Chức năng: blacklistToken() | Thời gian thực hiện: 0 ms
2026-09-04 10:56:19.750 [http-nio-8080-exec-1] INFO  project_backend.aspect.AppAspect - User: huyhoan1303 | Chức năng: blacklistToken() | Thời gian thực hiện: 0 ms
2026-09-04 10:56:19.750 [http-nio-8080-exec-1] INFO  project_backend.aspect.AppAspect - User: huyhoan1303 | Chức năng: logout() | Thời gian thực hiện: 7 ms
2026-09-04 10:56:54.299 [http-nio-8080-exec-4] INFO  project_backend.aspect.AppAspect - User: anonymousUser | Chức năng: login() | Thời gian thực hiện: 325 ms
2026-09-04 10:56:54.451 [http-nio-8080-exec-2] INFO  project_backend.aspect.AppAspect - User: Anonymous | Chức năng: isCheckBlacklist() | Thời gian thực hiện: 5 ms
2026-09-04 10:56:54.459 [http-nio-8080-exec-8] INFO  project_backend.aspect.AppAspect - User: Anonymous | Chức năng: isCheckBlacklist() | Thời gian thực hiện: 2 ms
2026-09-04 10:56:54.459 [http-nio-8080-exec-5] INFO  project_backend.aspect.AppAspect - User: Anonymous | Chức năng: isCheckBlacklist() | Thời gian thực hiện: 0 ms
2026-09-04 10:56:54.471 [http-nio-8080-exec-2] INFO  project_backend.aspect.AppAspect - User: huyhoan1303 | Chức năng: getCurrentUser() | Thời gian thực hiện: 4 ms
2026-09-04 10:56:54.486 [http-nio-8080-exec-5] INFO  project_backend.aspect.AppAspect - User: huyhoan1303 | Chức năng: getTopRankings() | Thời gian thực hiện: 15 ms
2026-09-04 10:56:54.491 [http-nio-8080-exec-8] INFO  project_backend.aspect.AppAspect - User: huyhoan1303 | Chức năng: getMyAttemptHistory() | Thời gian thực hiện: 20 ms
2026-09-04 10:56:54.494 [http-nio-8080-exec-6] INFO  project_backend.aspect.AppAspect - User: Anonymous | Chức năng: isCheckBlacklist() | Thời gian thực hiện: 3 ms
2026-09-04 10:56:54.502 [http-nio-8080-exec-6] INFO  project_backend.aspect.AppAspect - User: huyhoan1303 | Chức năng: getCurrentUser() | Thời gian thực hiện: 0 ms
2026-09-04 10:56:54.515 [http-nio-8080-exec-3] INFO  project_backend.aspect.AppAspect - User: Anonymous | Chức năng: isCheckBlacklist() | Thời gian thực hiện: 13 ms
2026-09-04 10:56:54.520 [http-nio-8080-exec-7] INFO  project_backend.aspect.AppAspect - User: Anonymous | Chức năng: isCheckBlacklist() | Thời gian thực hiện: 5 ms
2026-09-04 10:56:54.536 [http-nio-8080-exec-3] INFO  project_backend.aspect.AppAspect - User: huyhoan1303 | Chức năng: getTopRankings() | Thời gian thực hiện: 10 ms
2026-09-04 10:56:54.548 [http-nio-8080-exec-7] INFO  project_backend.aspect.AppAspect - User: huyhoan1303 | Chức năng: getMyAttemptHistory() | Thời gian thực hiện: 17 ms
2026-09-04 10:57:12.144 [SpringApplicationShutdownHook] INFO  com.zaxxer.hikari.HikariDataSource - HikariPool-1 - Shutdown initiated...
2026-09-04 10:57:12.150 [SpringApplicationShutdownHook] INFO  com.zaxxer.hikari.HikariDataSource - HikariPool-1 - Shutdown completed.
