2026-08-30 09:23:26.969 [restartedMain] INFO  project_backend.BackendApplication - Starting BackendApplication using Java 17.0.18 with PID 19472 (D:\HOC_LAP_TRINH\AI_Application\2. Project Example Holiday\Example Project Holiday\qivora\Backend\build\classes\java\main started by HUY HOAN in D:\HOC_LAP_TRINH\AI_Application\2. Project Example Holiday\Example Project Holiday\qivora\Backend)
2026-08-30 09:23:26.988 [restartedMain] INFO  project_backend.BackendApplication - No active profile set, falling back to 1 default profile: "default"
2026-08-30 09:24:00.276 [restartedMain] INFO  com.zaxxer.hikari.HikariDataSource - HikariPool-1 - Starting...
2026-08-30 09:24:01.894 [restartedMain] INFO  com.zaxxer.hikari.pool.HikariPool - HikariPool-1 - Added connection org.postgresql.jdbc.PgConnection@f6106af
2026-08-30 09:24:01.911 [restartedMain] INFO  com.zaxxer.hikari.HikariDataSource - HikariPool-1 - Start completed.
2026-08-30 09:24:24.925 [restartedMain] INFO  project_backend.BackendApplication - Started BackendApplication in 60.873 seconds (process running for 63.72)
2026-08-30 09:25:54.894 [http-nio-8080-exec-2] INFO  project_backend.aspect.AppAspect - User: anonymousUser | Chức năng: register() | Thời gian thực hiện: 605 ms
2026-08-30 09:26:09.961 [http-nio-8080-exec-3] INFO  project_backend.aspect.AppAspect - User: anonymousUser | Chức năng: login() | Thời gian thực hiện: 10586 ms
2026-08-30 09:26:14.757 [http-nio-8080-exec-4] INFO  project_backend.aspect.AppAspect - User: Anonymous | Chức năng: isCheckBlacklist() | Thời gian thực hiện: 2811 ms
2026-08-30 09:26:14.757 [http-nio-8080-exec-5] INFO  project_backend.aspect.AppAspect - User: Anonymous | Chức năng: isCheckBlacklist() | Thời gian thực hiện: 2807 ms
2026-08-30 09:26:14.757 [http-nio-8080-exec-6] INFO  project_backend.aspect.AppAspect - User: Anonymous | Chức năng: isCheckBlacklist() | Thời gian thực hiện: 2801 ms
2026-08-30 09:26:14.795 [http-nio-8080-exec-5] INFO  project_backend.aspect.AppAspect - User: huyhoan1303 | Chức năng: getCurrentUser() | Thời gian thực hiện: 13 ms
2026-08-30 09:26:14.834 [http-nio-8080-exec-7] INFO  project_backend.aspect.AppAspect - User: Anonymous | Chức năng: isCheckBlacklist() | Thời gian thực hiện: 5 ms
2026-08-30 09:26:14.857 [http-nio-8080-exec-7] INFO  project_backend.aspect.AppAspect - User: huyhoan1303 | Chức năng: getCurrentUser() | Thời gian thực hiện: 12 ms
2026-08-30 09:26:14.920 [http-nio-8080-exec-4] INFO  project_backend.aspect.AppAspect - User: huyhoan1303 | Chức năng: getMyAttemptHistory() | Thời gian thực hiện: 138 ms
2026-08-30 09:26:14.963 [http-nio-8080-exec-8] INFO  project_backend.aspect.AppAspect - User: Anonymous | Chức năng: isCheckBlacklist() | Thời gian thực hiện: 6 ms
2026-08-30 09:26:14.967 [http-nio-8080-exec-6] INFO  project_backend.aspect.AppAspect - User: huyhoan1303 | Chức năng: getTopRankings() | Thời gian thực hiện: 185 ms
2026-08-30 09:26:15.040 [http-nio-8080-exec-9] INFO  project_backend.aspect.AppAspect - User: Anonymous | Chức năng: isCheckBlacklist() | Thời gian thực hiện: 6 ms
2026-08-30 09:26:15.045 [http-nio-8080-exec-8] INFO  project_backend.aspect.AppAspect - User: huyhoan1303 | Chức năng: getMyAttemptHistory() | Thời gian thực hiện: 50 ms
2026-08-30 09:26:15.104 [http-nio-8080-exec-9] INFO  project_backend.aspect.AppAspect - User: huyhoan1303 | Chức năng: getTopRankings() | Thời gian thực hiện: 34 ms
2026-08-30 09:32:23.028 [http-nio-8080-exec-1] INFO  project_backend.aspect.AppAspect - User: Anonymous | Chức năng: isCheckBlacklist() | Thời gian thực hiện: 0 ms
2026-08-30 09:32:23.028 [http-nio-8080-exec-10] INFO  project_backend.aspect.AppAspect - User: Anonymous | Chức năng: isCheckBlacklist() | Thời gian thực hiện: 0 ms
2026-08-30 09:32:23.134 [http-nio-8080-exec-10] INFO  project_backend.aspect.AppAspect - User: huyhoan1303 | Chức năng: getCurrentUser() | Thời gian thực hiện: 12 ms
2026-08-30 09:32:23.166 [http-nio-8080-exec-2] INFO  project_backend.aspect.AppAspect - User: Anonymous | Chức năng: isCheckBlacklist() | Thời gian thực hiện: 0 ms
2026-08-30 09:32:23.178 [http-nio-8080-exec-2] INFO  project_backend.aspect.AppAspect - User: huyhoan1303 | Chức năng: getCurrentUser() | Thời gian thực hiện: 2 ms
2026-08-30 09:32:23.230 [http-nio-8080-exec-1] INFO  project_backend.aspect.AppAspect - User: huyhoan1303 | Chức năng: findMyQuizzes() | Thời gian thực hiện: 92 ms
2026-08-30 09:32:23.263 [http-nio-8080-exec-3] INFO  project_backend.aspect.AppAspect - User: Anonymous | Chức năng: isCheckBlacklist() | Thời gian thực hiện: 0 ms
2026-08-30 09:32:23.283 [http-nio-8080-exec-3] INFO  project_backend.aspect.AppAspect - User: huyhoan1303 | Chức năng: findMyQuizzes() | Thời gian thực hiện: 0 ms
2026-08-30 10:08:57.063 [http-nio-8080-exec-4] INFO  project_backend.aspect.AppAspect - User: anonymousUser | Chức năng: login() | Thời gian thực hiện: 294 ms
2026-08-30 10:08:57.185 [http-nio-8080-exec-9] INFO  project_backend.aspect.AppAspect - User: Anonymous | Chức năng: isCheckBlacklist() | Thời gian thực hiện: 8 ms
2026-08-30 10:08:57.185 [http-nio-8080-exec-8] INFO  project_backend.aspect.AppAspect - User: Anonymous | Chức năng: isCheckBlacklist() | Thời gian thực hiện: 8 ms
2026-08-30 10:08:57.185 [http-nio-8080-exec-6] INFO  project_backend.aspect.AppAspect - User: Anonymous | Chức năng: isCheckBlacklist() | Thời gian thực hiện: 24 ms
2026-08-30 10:08:57.209 [http-nio-8080-exec-6] INFO  project_backend.aspect.AppAspect - User: huyhoan1303 | Chức năng: getCurrentUser() | Thời gian thực hiện: 0 ms
2026-08-30 10:08:57.227 [http-nio-8080-exec-10] INFO  project_backend.aspect.AppAspect - User: Anonymous | Chức năng: isCheckBlacklist() | Thời gian thực hiện: 0 ms
2026-08-30 10:08:57.244 [http-nio-8080-exec-10] INFO  project_backend.aspect.AppAspect - User: huyhoan1303 | Chức năng: getCurrentUser() | Thời gian thực hiện: 0 ms
2026-08-30 10:08:57.254 [http-nio-8080-exec-8] INFO  project_backend.aspect.AppAspect - User: huyhoan1303 | Chức năng: getMyAttemptHistory() | Thời gian thực hiện: 45 ms
2026-08-30 10:08:57.261 [http-nio-8080-exec-9] INFO  project_backend.aspect.AppAspect - User: huyhoan1303 | Chức năng: getTopRankings() | Thời gian thực hiện: 52 ms
2026-08-30 10:08:57.294 [http-nio-8080-exec-2] INFO  project_backend.aspect.AppAspect - User: Anonymous | Chức năng: isCheckBlacklist() | Thời gian thực hiện: 7 ms
2026-08-30 10:08:57.303 [http-nio-8080-exec-1] INFO  project_backend.aspect.AppAspect - User: Anonymous | Chức năng: isCheckBlacklist() | Thời gian thực hiện: 9 ms
2026-08-30 10:08:57.327 [http-nio-8080-exec-2] INFO  project_backend.aspect.AppAspect - User: huyhoan1303 | Chức năng: getMyAttemptHistory() | Thời gian thực hiện: 22 ms
2026-08-30 10:08:57.358 [http-nio-8080-exec-1] INFO  project_backend.aspect.AppAspect - User: huyhoan1303 | Chức năng: getTopRankings() | Thời gian thực hiện: 21 ms
2026-08-30 10:09:09.013 [http-nio-8080-exec-3] INFO  project_backend.aspect.AppAspect - User: Anonymous | Chức năng: isCheckBlacklist() | Thời gian thực hiện: 0 ms
2026-08-30 10:09:09.031 [http-nio-8080-exec-3] INFO  project_backend.aspect.AppAspect - User: huyhoan1303 | Chức năng: getCurrentUser() | Thời gian thực hiện: 11 ms
2026-08-30 10:09:09.038 [http-nio-8080-exec-5] INFO  project_backend.aspect.AppAspect - User: Anonymous | Chức năng: isCheckBlacklist() | Thời gian thực hiện: 0 ms
2026-08-30 10:09:09.049 [http-nio-8080-exec-5] INFO  project_backend.aspect.AppAspect - User: huyhoan1303 | Chức năng: getCurrentUser() | Thời gian thực hiện: 0 ms
2026-08-30 10:09:18.127 [http-nio-8080-exec-7] INFO  project_backend.aspect.AppAspect - User: Anonymous | Chức năng: isCheckBlacklist() | Thời gian thực hiện: 1 ms
2026-08-30 10:09:18.407 [http-nio-8080-exec-7] INFO  project_backend.aspect.AppAspect - User: huyhoan1303 | Chức năng: login() | Thời gian thực hiện: 270 ms
2026-08-30 10:09:18.447 [http-nio-8080-exec-10] INFO  project_backend.aspect.AppAspect - User: Anonymous | Chức năng: isCheckBlacklist() | Thời gian thực hiện: 3 ms
2026-08-30 10:09:18.447 [http-nio-8080-exec-6] INFO  project_backend.aspect.AppAspect - User: Anonymous | Chức năng: isCheckBlacklist() | Thời gian thực hiện: 3 ms
2026-08-30 10:09:18.447 [http-nio-8080-exec-4] INFO  project_backend.aspect.AppAspect - User: Anonymous | Chức năng: isCheckBlacklist() | Thời gian thực hiện: 3 ms
2026-08-30 10:09:18.465 [http-nio-8080-exec-4] INFO  project_backend.aspect.AppAspect - User: huyhoan1303 | Chức năng: getCurrentUser() | Thời gian thực hiện: 4 ms
2026-08-30 10:09:18.465 [http-nio-8080-exec-6] INFO  project_backend.aspect.AppAspect - User: huyhoan1303 | Chức năng: getMyAttemptHistory() | Thời gian thực hiện: 6 ms
2026-08-30 10:09:18.475 [http-nio-8080-exec-10] INFO  project_backend.aspect.AppAspect - User: huyhoan1303 | Chức năng: getTopRankings() | Thời gian thực hiện: 16 ms
2026-08-30 10:09:18.475 [http-nio-8080-exec-8] INFO  project_backend.aspect.AppAspect - User: Anonymous | Chức năng: isCheckBlacklist() | Thời gian thực hiện: 0 ms
2026-08-30 10:09:18.475 [http-nio-8080-exec-9] INFO  project_backend.aspect.AppAspect - User: Anonymous | Chức năng: isCheckBlacklist() | Thời gian thực hiện: 0 ms
2026-08-30 10:09:18.487 [http-nio-8080-exec-2] INFO  project_backend.aspect.AppAspect - User: Anonymous | Chức năng: isCheckBlacklist() | Thời gian thực hiện: 2 ms
2026-08-30 10:09:18.488 [http-nio-8080-exec-8] INFO  project_backend.aspect.AppAspect - User: huyhoan1303 | Chức năng: getCurrentUser() | Thời gian thực hiện: 1 ms
2026-08-30 10:09:18.495 [http-nio-8080-exec-9] INFO  project_backend.aspect.AppAspect - User: huyhoan1303 | Chức năng: getMyAttemptHistory() | Thời gian thực hiện: 7 ms
2026-08-30 10:09:18.502 [http-nio-8080-exec-2] INFO  project_backend.aspect.AppAspect - User: huyhoan1303 | Chức năng: getTopRankings() | Thời gian thực hiện: 9 ms
2026-08-30 10:09:20.565 [http-nio-8080-exec-1] INFO  project_backend.aspect.AppAspect - User: Anonymous | Chức năng: isCheckBlacklist() | Thời gian thực hiện: 0 ms
2026-08-30 10:09:20.577 [http-nio-8080-exec-1] INFO  project_backend.aspect.AppAspect - User: huyhoan1303 | Chức năng: getCurrentUser() | Thời gian thực hiện: 0 ms
2026-08-30 10:09:20.591 [http-nio-8080-exec-3] INFO  project_backend.aspect.AppAspect - User: Anonymous | Chức năng: isCheckBlacklist() | Thời gian thực hiện: 0 ms
2026-08-30 10:09:20.599 [http-nio-8080-exec-3] INFO  project_backend.aspect.AppAspect - User: huyhoan1303 | Chức năng: getCurrentUser() | Thời gian thực hiện: 0 ms
2026-08-30 10:38:44.803 [http-nio-8080-exec-6] INFO  project_backend.aspect.AppAspect - User: anonymousUser | Chức năng: login() | Thời gian thực hiện: 181 ms
2026-08-30 10:38:44.853 [http-nio-8080-exec-10] INFO  project_backend.aspect.AppAspect - User: Anonymous | Chức năng: isCheckBlacklist() | Thời gian thực hiện: 2 ms
2026-08-30 10:38:44.853 [http-nio-8080-exec-4] INFO  project_backend.aspect.AppAspect - User: Anonymous | Chức năng: isCheckBlacklist() | Thời gian thực hiện: 2 ms
2026-08-30 10:38:44.858 [http-nio-8080-exec-8] INFO  project_backend.aspect.AppAspect - User: Anonymous | Chức năng: isCheckBlacklist() | Thời gian thực hiện: 2 ms
2026-08-30 10:38:44.869 [http-nio-8080-exec-4] INFO  project_backend.aspect.AppAspect - User: huyhoan1303 | Chức năng: getMyAttemptHistory() | Thời gian thực hiện: 8 ms
2026-08-30 10:38:44.869 [http-nio-8080-exec-10] INFO  project_backend.aspect.AppAspect - User: huyhoan1303 | Chức năng: getCurrentUser() | Thời gian thực hiện: 0 ms
2026-08-30 10:38:44.869 [http-nio-8080-exec-8] INFO  project_backend.aspect.AppAspect - User: huyhoan1303 | Chức năng: getTopRankings() | Thời gian thực hiện: 0 ms
2026-08-30 10:38:44.877 [http-nio-8080-exec-9] INFO  project_backend.aspect.AppAspect - User: Anonymous | Chức năng: isCheckBlacklist() | Thời gian thực hiện: 8 ms
2026-08-30 10:38:44.877 [http-nio-8080-exec-8] INFO  project_backend.aspect.AppAspect - User: Anonymous | Chức năng: isCheckBlacklist() | Thời gian thực hiện: 0 ms
2026-08-30 10:38:44.877 [http-nio-8080-exec-9] INFO  project_backend.aspect.AppAspect - User: huyhoan1303 | Chức năng: getMyAttemptHistory() | Thời gian thực hiện: 0 ms
2026-08-30 10:38:44.877 [http-nio-8080-exec-1] INFO  project_backend.aspect.AppAspect - User: Anonymous | Chức năng: isCheckBlacklist() | Thời gian thực hiện: 0 ms
2026-08-30 10:38:44.877 [http-nio-8080-exec-8] INFO  project_backend.aspect.AppAspect - User: huyhoan1303 | Chức năng: getCurrentUser() | Thời gian thực hiện: 0 ms
2026-08-30 10:38:44.902 [http-nio-8080-exec-1] INFO  project_backend.aspect.AppAspect - User: huyhoan1303 | Chức năng: getTopRankings() | Thời gian thực hiện: 8 ms
2026-08-30 10:38:53.615 [http-nio-8080-exec-3] INFO  project_backend.aspect.AppAspect - User: Anonymous | Chức năng: isCheckBlacklist() | Thời gian thực hiện: 1 ms
2026-08-30 10:38:53.829 [http-nio-8080-exec-3] INFO  project_backend.aspect.AppAspect - User: huyhoan1303 | Chức năng: login() | Thời gian thực hiện: 203 ms
2026-08-30 10:38:53.882 [http-nio-8080-exec-7] INFO  project_backend.aspect.AppAspect - User: Anonymous | Chức năng: isCheckBlacklist() | Thời gian thực hiện: 0 ms
2026-08-30 10:38:53.882 [http-nio-8080-exec-6] INFO  project_backend.aspect.AppAspect - User: Anonymous | Chức năng: isCheckBlacklist() | Thời gian thực hiện: 0 ms
2026-08-30 10:38:53.882 [http-nio-8080-exec-5] INFO  project_backend.aspect.AppAspect - User: Anonymous | Chức năng: isCheckBlacklist() | Thời gian thực hiện: 0 ms
2026-08-30 10:38:53.895 [http-nio-8080-exec-5] INFO  project_backend.aspect.AppAspect - User: huyhoan1303 | Chức năng: getCurrentUser() | Thời gian thực hiện: 3 ms
2026-08-30 10:38:53.897 [http-nio-8080-exec-6] INFO  project_backend.aspect.AppAspect - User: huyhoan1303 | Chức năng: getTopRankings() | Thời gian thực hiện: 5 ms
2026-08-30 10:38:53.897 [http-nio-8080-exec-7] INFO  project_backend.aspect.AppAspect - User: huyhoan1303 | Chức năng: getMyAttemptHistory() | Thời gian thực hiện: 5 ms
2026-08-30 10:38:53.909 [http-nio-8080-exec-4] INFO  project_backend.aspect.AppAspect - User: Anonymous | Chức năng: isCheckBlacklist() | Thời gian thực hiện: 2 ms
2026-08-30 10:38:53.909 [http-nio-8080-exec-2] INFO  project_backend.aspect.AppAspect - User: Anonymous | Chức năng: isCheckBlacklist() | Thời gian thực hiện: 0 ms
2026-08-30 10:38:53.909 [http-nio-8080-exec-10] INFO  project_backend.aspect.AppAspect - User: Anonymous | Chức năng: isCheckBlacklist() | Thời gian thực hiện: 0 ms
2026-08-30 10:38:53.916 [http-nio-8080-exec-4] INFO  project_backend.aspect.AppAspect - User: huyhoan1303 | Chức năng: getCurrentUser() | Thời gian thực hiện: 3 ms
2026-08-30 10:38:53.916 [http-nio-8080-exec-10] INFO  project_backend.aspect.AppAspect - User: huyhoan1303 | Chức năng: getTopRankings() | Thời gian thực hiện: 3 ms
2026-08-30 10:38:53.921 [http-nio-8080-exec-2] INFO  project_backend.aspect.AppAspect - User: huyhoan1303 | Chức năng: getMyAttemptHistory() | Thời gian thực hiện: 5 ms
2026-08-30 10:38:55.529 [http-nio-8080-exec-9] INFO  project_backend.aspect.AppAspect - User: Anonymous | Chức năng: isCheckBlacklist() | Thời gian thực hiện: 1 ms
2026-08-30 10:38:55.539 [http-nio-8080-exec-9] INFO  project_backend.aspect.AppAspect - User: huyhoan1303 | Chức năng: getCurrentUser() | Thời gian thực hiện: 2 ms
2026-08-30 10:38:55.550 [http-nio-8080-exec-8] INFO  project_backend.aspect.AppAspect - User: Anonymous | Chức năng: isCheckBlacklist() | Thời gian thực hiện: 2 ms
2026-08-30 10:38:55.550 [http-nio-8080-exec-8] INFO  project_backend.aspect.AppAspect - User: huyhoan1303 | Chức năng: getCurrentUser() | Thời gian thực hiện: 0 ms
2026-08-30 10:38:57.129 [http-nio-8080-exec-1] INFO  project_backend.aspect.AppAspect - User: Anonymous | Chức năng: isCheckBlacklist() | Thời gian thực hiện: 3 ms
2026-08-30 10:38:57.220 [http-nio-8080-exec-1] INFO  project_backend.aspect.AppAspect - User: huyhoan1303 | Chức năng: findPublicQuizzes() | Thời gian thực hiện: 81 ms
2026-08-30 10:38:58.738 [http-nio-8080-exec-3] INFO  project_backend.aspect.AppAspect - User: Anonymous | Chức năng: isCheckBlacklist() | Thời gian thực hiện: 1 ms
2026-08-30 10:38:58.821 [http-nio-8080-exec-3] INFO  project_backend.aspect.AppAspect - User: huyhoan1303 | Chức năng: findQuizSummaryByCode() | Thời gian thực hiện: 65 ms
2026-08-30 10:38:58.833 [http-nio-8080-exec-7] INFO  project_backend.aspect.AppAspect - User: Anonymous | Chức năng: isCheckBlacklist() | Thời gian thực hiện: 0 ms
2026-08-30 10:38:58.840 [http-nio-8080-exec-5] INFO  project_backend.aspect.AppAspect - User: Anonymous | Chức năng: isCheckBlacklist() | Thời gian thực hiện: 7 ms
2026-08-30 10:38:58.870 [http-nio-8080-exec-5] INFO  project_backend.aspect.AppAspect - User: huyhoan1303 | Chức năng: findQuizSummaryByCode() | Thời gian thực hiện: 21 ms
2026-08-30 10:38:58.933 [http-nio-8080-exec-7] INFO  project_backend.aspect.AppAspect - User: huyhoan1303 | Chức năng: startQuizByCode() | Thời gian thực hiện: 79 ms
2026-08-30 10:39:23.355 [http-nio-8080-exec-6] INFO  project_backend.aspect.AppAspect - User: Anonymous | Chức năng: isCheckBlacklist() | Thời gian thực hiện: 2 ms
2026-08-30 10:39:23.664 [http-nio-8080-exec-6] INFO  project_backend.aspect.AppAspect - User: huyhoan1303 | Chức năng: submitQuiz() | Thời gian thực hiện: 146 ms
2026-08-30 10:50:41.509 [http-nio-8080-exec-2] INFO  project_backend.aspect.AppAspect - User: anonymousUser | Chức năng: login() | Thời gian thực hiện: 271 ms
2026-08-30 10:50:41.563 [http-nio-8080-exec-9] INFO  project_backend.aspect.AppAspect - User: Anonymous | Chức năng: isCheckBlacklist() | Thời gian thực hiện: 0 ms
2026-08-30 10:50:41.574 [http-nio-8080-exec-1] INFO  project_backend.aspect.AppAspect - User: Anonymous | Chức năng: isCheckBlacklist() | Thời gian thực hiện: 2 ms
2026-08-30 10:50:41.574 [http-nio-8080-exec-8] INFO  project_backend.aspect.AppAspect - User: Anonymous | Chức năng: isCheckBlacklist() | Thời gian thực hiện: 2 ms
2026-08-30 10:50:41.581 [http-nio-8080-exec-9] INFO  project_backend.aspect.AppAspect - User: huyhoan1303 | Chức năng: getCurrentUser() | Thời gian thực hiện: 6 ms
2026-08-30 10:50:41.588 [http-nio-8080-exec-3] INFO  project_backend.aspect.AppAspect - User: Anonymous | Chức năng: isCheckBlacklist() | Thời gian thực hiện: 0 ms
2026-08-30 10:50:41.590 [http-nio-8080-exec-3] INFO  project_backend.aspect.AppAspect - User: huyhoan1303 | Chức năng: getCurrentUser() | Thời gian thực hiện: 0 ms
2026-08-30 10:50:41.590 [http-nio-8080-exec-1] INFO  project_backend.aspect.AppAspect - User: huyhoan1303 | Chức năng: getTopRankings() | Thời gian thực hiện: 2 ms
2026-08-30 10:50:41.597 [http-nio-8080-exec-8] INFO  project_backend.aspect.AppAspect - User: huyhoan1303 | Chức năng: getMyAttemptHistory() | Thời gian thực hiện: 7 ms
2026-08-30 10:50:41.606 [http-nio-8080-exec-5] INFO  project_backend.aspect.AppAspect - User: Anonymous | Chức năng: isCheckBlacklist() | Thời gian thực hiện: 0 ms
2026-08-30 10:50:41.606 [http-nio-8080-exec-7] INFO  project_backend.aspect.AppAspect - User: Anonymous | Chức năng: isCheckBlacklist() | Thời gian thực hiện: 0 ms
2026-08-30 10:50:41.624 [http-nio-8080-exec-7] INFO  project_backend.aspect.AppAspect - User: huyhoan1303 | Chức năng: getMyAttemptHistory() | Thời gian thực hiện: 18 ms
2026-08-30 10:50:41.624 [http-nio-8080-exec-5] INFO  project_backend.aspect.AppAspect - User: huyhoan1303 | Chức năng: getTopRankings() | Thời gian thực hiện: 18 ms
2026-08-30 10:50:49.912 [http-nio-8080-exec-6] INFO  project_backend.aspect.AppAspect - User: Anonymous | Chức năng: isCheckBlacklist() | Thời gian thực hiện: 3 ms
2026-08-30 10:50:50.104 [http-nio-8080-exec-6] INFO  project_backend.aspect.AppAspect - User: huyhoan1303 | Chức năng: login() | Thời gian thực hiện: 180 ms
2026-08-30 10:50:50.157 [http-nio-8080-exec-4] INFO  project_backend.aspect.AppAspect - User: Anonymous | Chức năng: isCheckBlacklist() | Thời gian thực hiện: 1 ms
2026-08-30 10:50:50.157 [http-nio-8080-exec-10] INFO  project_backend.aspect.AppAspect - User: Anonymous | Chức năng: isCheckBlacklist() | Thời gian thực hiện: 1 ms
2026-08-30 10:50:50.159 [http-nio-8080-exec-2] INFO  project_backend.aspect.AppAspect - User: Anonymous | Chức năng: isCheckBlacklist() | Thời gian thực hiện: 2 ms
2026-08-30 10:50:50.167 [http-nio-8080-exec-4] INFO  project_backend.aspect.AppAspect - User: huyhoan1303 | Chức năng: getCurrentUser() | Thời gian thực hiện: 2 ms
2026-08-30 10:50:50.167 [http-nio-8080-exec-10] INFO  project_backend.aspect.AppAspect - User: huyhoan1303 | Chức năng: getMyAttemptHistory() | Thời gian thực hiện: 2 ms
2026-08-30 10:50:50.167 [http-nio-8080-exec-2] INFO  project_backend.aspect.AppAspect - User: huyhoan1303 | Chức năng: getTopRankings() | Thời gian thực hiện: 1 ms
2026-08-30 10:50:50.182 [http-nio-8080-exec-9] INFO  project_backend.aspect.AppAspect - User: Anonymous | Chức năng: isCheckBlacklist() | Thời gian thực hiện: 7 ms
2026-08-30 10:50:50.184 [http-nio-8080-exec-3] INFO  project_backend.aspect.AppAspect - User: Anonymous | Chức năng: isCheckBlacklist() | Thời gian thực hiện: 0 ms
2026-08-30 10:50:50.184 [http-nio-8080-exec-1] INFO  project_backend.aspect.AppAspect - User: Anonymous | Chức năng: isCheckBlacklist() | Thời gian thực hiện: 0 ms
2026-08-30 10:50:50.188 [http-nio-8080-exec-9] INFO  project_backend.aspect.AppAspect - User: huyhoan1303 | Chức năng: getCurrentUser() | Thời gian thực hiện: 2 ms
2026-08-30 10:50:50.202 [http-nio-8080-exec-1] INFO  project_backend.aspect.AppAspect - User: huyhoan1303 | Chức năng: getMyAttemptHistory() | Thời gian thực hiện: 14 ms
2026-08-30 10:50:50.205 [http-nio-8080-exec-3] INFO  project_backend.aspect.AppAspect - User: huyhoan1303 | Chức năng: getTopRankings() | Thời gian thực hiện: 17 ms
2026-08-30 10:50:53.224 [http-nio-8080-exec-8] INFO  project_backend.aspect.AppAspect - User: Anonymous | Chức năng: isCheckBlacklist() | Thời gian thực hiện: 3 ms
2026-08-30 10:50:53.228 [http-nio-8080-exec-8] INFO  project_backend.aspect.AppAspect - User: huyhoan1303 | Chức năng: getCurrentUser() | Thời gian thực hiện: 0 ms
2026-08-30 10:50:53.249 [http-nio-8080-exec-7] INFO  project_backend.aspect.AppAspect - User: Anonymous | Chức năng: isCheckBlacklist() | Thời gian thực hiện: 0 ms
2026-08-30 10:50:53.264 [http-nio-8080-exec-7] INFO  project_backend.aspect.AppAspect - User: huyhoan1303 | Chức năng: getCurrentUser() | Thời gian thực hiện: 0 ms
2026-08-30 11:15:12.661 [http-nio-8080-exec-9] INFO  project_backend.aspect.AppAspect - User: anonymousUser | Chức năng: login() | Thời gian thực hiện: 199 ms
2026-08-30 11:15:12.755 [http-nio-8080-exec-1] INFO  project_backend.aspect.AppAspect - User: Anonymous | Chức năng: isCheckBlacklist() | Thời gian thực hiện: 3 ms
2026-08-30 11:15:12.755 [http-nio-8080-exec-3] INFO  project_backend.aspect.AppAspect - User: Anonymous | Chức năng: isCheckBlacklist() | Thời gian thực hiện: 3 ms
2026-08-30 11:15:12.774 [http-nio-8080-exec-3] INFO  project_backend.aspect.AppAspect - User: admin | Chức năng: getCurrentUser() | Thời gian thực hiện: 3 ms
2026-08-30 11:15:12.781 [http-nio-8080-exec-8] INFO  project_backend.aspect.AppAspect - User: Anonymous | Chức năng: isCheckBlacklist() | Thời gian thực hiện: 0 ms
2026-08-30 11:15:12.787 [http-nio-8080-exec-8] INFO  project_backend.aspect.AppAspect - User: admin | Chức năng: getCurrentUser() | Thời gian thực hiện: 2 ms
2026-08-30 11:15:12.887 [http-nio-8080-exec-1] INFO  project_backend.aspect.AppAspect - User: admin | Chức năng: getStatistics() | Thời gian thực hiện: 117 ms
2026-08-30 11:15:12.904 [http-nio-8080-exec-7] INFO  project_backend.aspect.AppAspect - User: Anonymous | Chức năng: isCheckBlacklist() | Thời gian thực hiện: 4 ms
2026-08-30 11:15:12.929 [http-nio-8080-exec-7] INFO  project_backend.aspect.AppAspect - User: admin | Chức năng: getStatistics() | Thời gian thực hiện: 21 ms
2026-08-30 12:12:53.211 [SpringApplicationShutdownHook] INFO  com.zaxxer.hikari.HikariDataSource - HikariPool-1 - Shutdown initiated...
2026-08-30 12:12:53.214 [SpringApplicationShutdownHook] INFO  com.zaxxer.hikari.HikariDataSource - HikariPool-1 - Shutdown completed.
