2026-07-31 11:21:43.269 [restartedMain] INFO  project_backend.BackendApplication - Starting BackendApplication using Java 17.0.18 with PID 18776 (D:\HOC_LAP_TRINH\AI_Application\2. Project Example Holiday\Example Project Holiday\qivora\Backend\build\classes\java\main started by HUY HOAN in D:\HOC_LAP_TRINH\AI_Application\2. Project Example Holiday\Example Project Holiday\qivora\Backend)
2026-07-31 11:21:43.273 [restartedMain] INFO  project_backend.BackendApplication - No active profile set, falling back to 1 default profile: "default"
2026-07-31 11:21:47.212 [restartedMain] INFO  com.zaxxer.hikari.HikariDataSource - HikariPool-1 - Starting...
2026-07-31 11:21:48.633 [restartedMain] INFO  com.zaxxer.hikari.pool.HikariPool - HikariPool-1 - Added connection org.postgresql.jdbc.PgConnection@34d7a6
2026-07-31 11:21:48.643 [restartedMain] INFO  com.zaxxer.hikari.HikariDataSource - HikariPool-1 - Start completed.
2026-07-31 11:22:21.207 [restartedMain] INFO  project_backend.BackendApplication - Started BackendApplication in 38.574 seconds (process running for 40.024)
2026-07-31 11:24:31.143 [http-nio-8080-exec-1] INFO  project_backend.aspect.AppAspect - User: anonymousUser | Chức năng: login() | Thời gian thực hiện: 2238 ms
2026-07-31 11:40:26.394 [http-nio-8080-exec-8] INFO  project_backend.aspect.AppAspect - User: anonymousUser | Chức năng: login() | Thời gian thực hiện: 213 ms
2026-07-31 11:41:08.564 [http-nio-8080-exec-10] INFO  project_backend.aspect.AppAspect - User: Anonymous | Chức năng: isCheckBlacklist() | Thời gian thực hiện: 158 ms
2026-07-31 11:41:08.814 [http-nio-8080-exec-10] INFO  project_backend.aspect.AppAspect - User: admin | Chức năng: login() | Thời gian thực hiện: 240 ms
2026-07-31 11:41:08.911 [http-nio-8080-exec-3] INFO  project_backend.aspect.AppAspect - User: Anonymous | Chức năng: isCheckBlacklist() | Thời gian thực hiện: 10 ms
2026-07-31 11:41:08.913 [http-nio-8080-exec-1] INFO  project_backend.aspect.AppAspect - User: Anonymous | Chức năng: isCheckBlacklist() | Thời gian thực hiện: 2 ms
2026-07-31 11:41:08.934 [http-nio-8080-exec-3] INFO  project_backend.aspect.AppAspect - User: admin | Chức năng: getCurrentUser() | Thời gian thực hiện: 0 ms
2026-07-31 11:41:08.955 [http-nio-8080-exec-2] INFO  project_backend.aspect.AppAspect - User: Anonymous | Chức năng: isCheckBlacklist() | Thời gian thực hiện: 4 ms
2026-07-31 11:41:08.974 [http-nio-8080-exec-2] INFO  project_backend.aspect.AppAspect - User: admin | Chức năng: getCurrentUser() | Thời gian thực hiện: 4 ms
2026-07-31 11:41:09.044 [http-nio-8080-exec-1] INFO  project_backend.aspect.AppAspect - User: admin | Chức năng: getStatistics() | Thời gian thực hiện: 119 ms
2026-07-31 11:41:09.082 [http-nio-8080-exec-5] INFO  project_backend.aspect.AppAspect - User: Anonymous | Chức năng: isCheckBlacklist() | Thời gian thực hiện: 2 ms
2026-07-31 11:41:09.124 [http-nio-8080-exec-5] INFO  project_backend.aspect.AppAspect - User: admin | Chức năng: getStatistics() | Thời gian thực hiện: 32 ms
2026-07-31 11:41:11.199 [http-nio-8080-exec-4] INFO  project_backend.aspect.AppAspect - User: Anonymous | Chức năng: isCheckBlacklist() | Thời gian thực hiện: 0 ms
2026-07-31 11:41:11.421 [http-nio-8080-exec-4] INFO  project_backend.aspect.AppAspect - User: admin | Chức năng: login() | Thời gian thực hiện: 212 ms
2026-07-31 11:41:11.461 [http-nio-8080-exec-6] INFO  project_backend.aspect.AppAspect - User: Anonymous | Chức năng: isCheckBlacklist() | Thời gian thực hiện: 0 ms
2026-07-31 11:41:11.463 [http-nio-8080-exec-7] INFO  project_backend.aspect.AppAspect - User: Anonymous | Chức năng: isCheckBlacklist() | Thời gian thực hiện: 2 ms
2026-07-31 11:41:11.472 [http-nio-8080-exec-6] INFO  project_backend.aspect.AppAspect - User: admin | Chức năng: getCurrentUser() | Thời gian thực hiện: 4 ms
2026-07-31 11:41:11.488 [http-nio-8080-exec-8] INFO  project_backend.aspect.AppAspect - User: Anonymous | Chức năng: isCheckBlacklist() | Thời gian thực hiện: 1 ms
2026-07-31 11:41:11.495 [http-nio-8080-exec-8] INFO  project_backend.aspect.AppAspect - User: admin | Chức năng: getCurrentUser() | Thời gian thực hiện: 0 ms
2026-07-31 11:41:11.506 [http-nio-8080-exec-7] INFO  project_backend.aspect.AppAspect - User: admin | Chức năng: getStatistics() | Thời gian thực hiện: 38 ms
2026-07-31 11:41:11.519 [http-nio-8080-exec-9] INFO  project_backend.aspect.AppAspect - User: Anonymous | Chức năng: isCheckBlacklist() | Thời gian thực hiện: 0 ms
2026-07-31 11:41:11.545 [http-nio-8080-exec-9] INFO  project_backend.aspect.AppAspect - User: admin | Chức năng: getStatistics() | Thời gian thực hiện: 21 ms
2026-07-31 11:41:15.999 [http-nio-8080-exec-2] INFO  project_backend.aspect.AppAspect - User: Anonymous | Chức năng: isCheckBlacklist() | Thời gian thực hiện: 0 ms
2026-07-31 11:41:15.999 [http-nio-8080-exec-10] INFO  project_backend.aspect.AppAspect - User: Anonymous | Chức năng: isCheckBlacklist() | Thời gian thực hiện: 0 ms
2026-07-31 11:41:15.999 [http-nio-8080-exec-3] INFO  project_backend.aspect.AppAspect - User: Anonymous | Chức năng: isCheckBlacklist() | Thời gian thực hiện: 0 ms
2026-07-31 11:41:16.018 [http-nio-8080-exec-10] INFO  project_backend.aspect.AppAspect - User: admin | Chức năng: getCurrentUser() | Thời gian thực hiện: 6 ms
2026-07-31 11:41:16.032 [http-nio-8080-exec-1] INFO  project_backend.aspect.AppAspect - User: Anonymous | Chức năng: isCheckBlacklist() | Thời gian thực hiện: 0 ms
2026-07-31 11:41:16.044 [http-nio-8080-exec-1] INFO  project_backend.aspect.AppAspect - User: admin | Chức năng: getCurrentUser() | Thời gian thực hiện: 5 ms
2026-07-31 11:41:16.056 [http-nio-8080-exec-3] INFO  project_backend.aspect.AppAspect - User: admin | Chức năng: getStatistics() | Thời gian thực hiện: 30 ms
2026-07-31 11:41:16.075 [http-nio-8080-exec-5] INFO  project_backend.aspect.AppAspect - User: Anonymous | Chức năng: isCheckBlacklist() | Thời gian thực hiện: 0 ms
2026-07-31 11:41:16.102 [http-nio-8080-exec-5] INFO  project_backend.aspect.AppAspect - User: admin | Chức năng: getStatistics() | Thời gian thực hiện: 13 ms
2026-07-31 11:41:16.135 [http-nio-8080-exec-2] INFO  project_backend.aspect.AppAspect - User: admin | Chức năng: getUsers() | Thời gian thực hiện: 117 ms
2026-07-31 11:41:16.155 [http-nio-8080-exec-4] INFO  project_backend.aspect.AppAspect - User: Anonymous | Chức năng: isCheckBlacklist() | Thời gian thực hiện: 0 ms
2026-07-31 11:41:16.191 [http-nio-8080-exec-4] INFO  project_backend.aspect.AppAspect - User: admin | Chức năng: getUsers() | Thời gian thực hiện: 16 ms
2026-07-31 11:41:16.477 [http-nio-8080-exec-6] INFO  project_backend.aspect.AppAspect - User: Anonymous | Chức năng: isCheckBlacklist() | Thời gian thực hiện: 2 ms
2026-07-31 11:41:16.481 [http-nio-8080-exec-8] INFO  project_backend.aspect.AppAspect - User: Anonymous | Chức năng: isCheckBlacklist() | Thời gian thực hiện: 1 ms
2026-07-31 11:41:16.481 [http-nio-8080-exec-7] INFO  project_backend.aspect.AppAspect - User: Anonymous | Chức năng: isCheckBlacklist() | Thời gian thực hiện: 1 ms
2026-07-31 11:41:16.486 [http-nio-8080-exec-6] INFO  project_backend.aspect.AppAspect - User: admin | Chức năng: getCurrentUser() | Thời gian thực hiện: 5 ms
2026-07-31 11:41:16.501 [http-nio-8080-exec-9] INFO  project_backend.aspect.AppAspect - User: Anonymous | Chức năng: isCheckBlacklist() | Thời gian thực hiện: 3 ms
2026-07-31 11:41:16.515 [http-nio-8080-exec-8] INFO  project_backend.aspect.AppAspect - User: admin | Chức năng: getStatistics() | Thời gian thực hiện: 25 ms
2026-07-31 11:41:16.521 [http-nio-8080-exec-9] INFO  project_backend.aspect.AppAspect - User: admin | Chức năng: getCurrentUser() | Thời gian thực hiện: 6 ms
2026-07-31 11:41:16.532 [http-nio-8080-exec-10] INFO  project_backend.aspect.AppAspect - User: Anonymous | Chức năng: isCheckBlacklist() | Thời gian thực hiện: 0 ms
2026-07-31 11:41:16.564 [http-nio-8080-exec-10] INFO  project_backend.aspect.AppAspect - User: admin | Chức năng: getStatistics() | Thời gian thực hiện: 25 ms
2026-07-31 11:41:16.606 [http-nio-8080-exec-7] INFO  project_backend.aspect.AppAspect - User: admin | Chức năng: getQuizzes() | Thời gian thực hiện: 116 ms
2026-07-31 11:41:16.620 [http-nio-8080-exec-1] INFO  project_backend.aspect.AppAspect - User: Anonymous | Chức năng: isCheckBlacklist() | Thời gian thực hiện: 0 ms
2026-07-31 11:41:16.684 [http-nio-8080-exec-1] INFO  project_backend.aspect.AppAspect - User: admin | Chức năng: getQuizzes() | Thời gian thực hiện: 47 ms
2026-07-31 11:41:17.046 [http-nio-8080-exec-3] INFO  project_backend.aspect.AppAspect - User: Anonymous | Chức năng: isCheckBlacklist() | Thời gian thực hiện: 5 ms
2026-07-31 11:41:17.046 [http-nio-8080-exec-5] INFO  project_backend.aspect.AppAspect - User: Anonymous | Chức năng: isCheckBlacklist() | Thời gian thực hiện: 0 ms
2026-07-31 11:41:17.046 [http-nio-8080-exec-2] INFO  project_backend.aspect.AppAspect - User: Anonymous | Chức năng: isCheckBlacklist() | Thời gian thực hiện: 0 ms
2026-07-31 11:41:17.059 [http-nio-8080-exec-3] INFO  project_backend.aspect.AppAspect - User: admin | Chức năng: getCurrentUser() | Thời gian thực hiện: 6 ms
2026-07-31 11:41:17.072 [http-nio-8080-exec-4] INFO  project_backend.aspect.AppAspect - User: Anonymous | Chức năng: isCheckBlacklist() | Thời gian thực hiện: 0 ms
2026-07-31 11:41:17.072 [http-nio-8080-exec-5] INFO  project_backend.aspect.AppAspect - User: admin | Chức năng: getStatistics() | Thời gian thực hiện: 16 ms
2026-07-31 11:41:17.086 [http-nio-8080-exec-4] INFO  project_backend.aspect.AppAspect - User: admin | Chức năng: getCurrentUser() | Thời gian thực hiện: 14 ms
2026-07-31 11:41:17.093 [http-nio-8080-exec-6] INFO  project_backend.aspect.AppAspect - User: Anonymous | Chức năng: isCheckBlacklist() | Thời gian thực hiện: 0 ms
2026-07-31 11:41:17.117 [http-nio-8080-exec-6] INFO  project_backend.aspect.AppAspect - User: admin | Chức năng: getStatistics() | Thời gian thực hiện: 13 ms
2026-07-31 11:41:17.133 [http-nio-8080-exec-2] INFO  project_backend.aspect.AppAspect - User: admin | Chức năng: getAllFeedback() | Thời gian thực hiện: 77 ms
2026-07-31 11:41:17.150 [http-nio-8080-exec-8] INFO  project_backend.aspect.AppAspect - User: Anonymous | Chức năng: isCheckBlacklist() | Thời gian thực hiện: 1 ms
2026-07-31 11:41:17.165 [http-nio-8080-exec-8] INFO  project_backend.aspect.AppAspect - User: admin | Chức năng: getAllFeedback() | Thời gian thực hiện: 6 ms
2026-07-31 11:41:17.461 [http-nio-8080-exec-9] INFO  project_backend.aspect.AppAspect - User: Anonymous | Chức năng: isCheckBlacklist() | Thời gian thực hiện: 0 ms
2026-07-31 11:41:17.461 [http-nio-8080-exec-10] INFO  project_backend.aspect.AppAspect - User: Anonymous | Chức năng: isCheckBlacklist() | Thời gian thực hiện: 0 ms
2026-07-31 11:41:17.461 [http-nio-8080-exec-7] INFO  project_backend.aspect.AppAspect - User: Anonymous | Chức năng: isCheckBlacklist() | Thời gian thực hiện: 0 ms
2026-07-31 11:41:17.474 [http-nio-8080-exec-9] INFO  project_backend.aspect.AppAspect - User: admin | Chức năng: getCurrentUser() | Thời gian thực hiện: 2 ms
2026-07-31 11:41:17.488 [http-nio-8080-exec-1] INFO  project_backend.aspect.AppAspect - User: Anonymous | Chức năng: isCheckBlacklist() | Thời gian thực hiện: 0 ms
2026-07-31 11:41:17.488 [http-nio-8080-exec-10] INFO  project_backend.aspect.AppAspect - User: admin | Chức năng: getStatistics() | Thời gian thực hiện: 27 ms
2026-07-31 11:41:17.502 [http-nio-8080-exec-1] INFO  project_backend.aspect.AppAspect - User: admin | Chức năng: getCurrentUser() | Thời gian thực hiện: 14 ms
2026-07-31 11:41:17.512 [http-nio-8080-exec-3] INFO  project_backend.aspect.AppAspect - User: Anonymous | Chức năng: isCheckBlacklist() | Thời gian thực hiện: 4 ms
2026-07-31 11:41:17.523 [http-nio-8080-exec-7] INFO  project_backend.aspect.AppAspect - User: admin | Chức năng: getQuizzes() | Thời gian thực hiện: 51 ms
2026-07-31 11:41:17.534 [http-nio-8080-exec-3] INFO  project_backend.aspect.AppAspect - User: admin | Chức năng: getStatistics() | Thời gian thực hiện: 15 ms
2026-07-31 11:41:17.537 [http-nio-8080-exec-5] INFO  project_backend.aspect.AppAspect - User: Anonymous | Chức năng: isCheckBlacklist() | Thời gian thực hiện: 3 ms
2026-07-31 11:41:17.589 [http-nio-8080-exec-5] INFO  project_backend.aspect.AppAspect - User: admin | Chức năng: getQuizzes() | Thời gian thực hiện: 48 ms
2026-07-31 11:41:18.156 [http-nio-8080-exec-4] INFO  project_backend.aspect.AppAspect - User: Anonymous | Chức năng: isCheckBlacklist() | Thời gian thực hiện: 1 ms
2026-07-31 11:41:18.158 [http-nio-8080-exec-6] INFO  project_backend.aspect.AppAspect - User: Anonymous | Chức năng: isCheckBlacklist() | Thời gian thực hiện: 1 ms
2026-07-31 11:41:18.159 [http-nio-8080-exec-2] INFO  project_backend.aspect.AppAspect - User: Anonymous | Chức năng: isCheckBlacklist() | Thời gian thực hiện: 0 ms
2026-07-31 11:41:18.159 [http-nio-8080-exec-4] INFO  project_backend.aspect.AppAspect - User: admin | Chức năng: getCurrentUser() | Thời gian thực hiện: 0 ms
2026-07-31 11:41:18.173 [http-nio-8080-exec-2] INFO  project_backend.aspect.AppAspect - User: admin | Chức năng: getAllFeedback() | Thời gian thực hiện: 14 ms
2026-07-31 11:41:18.173 [http-nio-8080-exec-8] INFO  project_backend.aspect.AppAspect - User: Anonymous | Chức năng: isCheckBlacklist() | Thời gian thực hiện: 0 ms
2026-07-31 11:41:18.185 [http-nio-8080-exec-6] INFO  project_backend.aspect.AppAspect - User: admin | Chức năng: getStatistics() | Thời gian thực hiện: 26 ms
2026-07-31 11:41:18.190 [http-nio-8080-exec-8] INFO  project_backend.aspect.AppAspect - User: admin | Chức năng: getCurrentUser() | Thời gian thực hiện: 7 ms
2026-07-31 11:41:18.195 [http-nio-8080-exec-9] INFO  project_backend.aspect.AppAspect - User: Anonymous | Chức năng: isCheckBlacklist() | Thời gian thực hiện: 0 ms
2026-07-31 11:41:18.204 [http-nio-8080-exec-10] INFO  project_backend.aspect.AppAspect - User: Anonymous | Chức năng: isCheckBlacklist() | Thời gian thực hiện: 2 ms
2026-07-31 11:41:18.220 [http-nio-8080-exec-9] INFO  project_backend.aspect.AppAspect - User: admin | Chức năng: getAllFeedback() | Thời gian thực hiện: 14 ms
2026-07-31 11:41:18.220 [http-nio-8080-exec-10] INFO  project_backend.aspect.AppAspect - User: admin | Chức năng: getStatistics() | Thời gian thực hiện: 14 ms
2026-07-31 11:41:34.832 [http-nio-8080-exec-1] INFO  project_backend.aspect.AppAspect - User: Anonymous | Chức năng: isCheckBlacklist() | Thời gian thực hiện: 0 ms
2026-07-31 11:41:34.868 [http-nio-8080-exec-1] INFO  project_backend.aspect.AppAspect - User: admin | Chức năng: markAsRead() | Thời gian thực hiện: 22 ms
2026-07-31 11:41:34.930 [http-nio-8080-exec-7] INFO  project_backend.aspect.AppAspect - User: Anonymous | Chức năng: isCheckBlacklist() | Thời gian thực hiện: 0 ms
2026-07-31 11:41:34.961 [http-nio-8080-exec-7] INFO  project_backend.aspect.AppAspect - User: admin | Chức năng: getStatistics() | Thời gian thực hiện: 22 ms
2026-07-31 11:41:37.507 [http-nio-8080-exec-5] INFO  project_backend.aspect.AppAspect - User: Anonymous | Chức năng: isCheckBlacklist() | Thời gian thực hiện: 2 ms
2026-07-31 11:41:37.507 [http-nio-8080-exec-4] INFO  project_backend.aspect.AppAspect - User: Anonymous | Chức năng: isCheckBlacklist() | Thời gian thực hiện: 0 ms
2026-07-31 11:41:37.507 [http-nio-8080-exec-3] INFO  project_backend.aspect.AppAspect - User: Anonymous | Chức năng: isCheckBlacklist() | Thời gian thực hiện: 2 ms
2026-07-31 11:41:37.519 [http-nio-8080-exec-3] INFO  project_backend.aspect.AppAspect - User: admin | Chức năng: getCurrentUser() | Thời gian thực hiện: 4 ms
2026-07-31 11:41:37.535 [http-nio-8080-exec-5] INFO  project_backend.aspect.AppAspect - User: admin | Chức năng: getStatistics() | Thời gian thực hiện: 20 ms
2026-07-31 11:41:37.535 [http-nio-8080-exec-2] INFO  project_backend.aspect.AppAspect - User: Anonymous | Chức năng: isCheckBlacklist() | Thời gian thực hiện: 2 ms
2026-07-31 11:41:37.560 [http-nio-8080-exec-6] INFO  project_backend.aspect.AppAspect - User: Anonymous | Chức năng: isCheckBlacklist() | Thời gian thực hiện: 0 ms
2026-07-31 11:41:37.561 [http-nio-8080-exec-2] INFO  project_backend.aspect.AppAspect - User: admin | Chức năng: getCurrentUser() | Thời gian thực hiện: 2 ms
2026-07-31 11:41:37.574 [http-nio-8080-exec-4] INFO  project_backend.aspect.AppAspect - User: admin | Chức năng: getQuizzes() | Thời gian thực hiện: 55 ms
2026-07-31 11:41:37.588 [http-nio-8080-exec-8] INFO  project_backend.aspect.AppAspect - User: Anonymous | Chức năng: isCheckBlacklist() | Thời gian thực hiện: 4 ms
2026-07-31 11:41:37.592 [http-nio-8080-exec-6] INFO  project_backend.aspect.AppAspect - User: admin | Chức năng: getStatistics() | Thời gian thực hiện: 14 ms
2026-07-31 11:41:37.674 [http-nio-8080-exec-8] INFO  project_backend.aspect.AppAspect - User: admin | Chức năng: getQuizzes() | Thời gian thực hiện: 69 ms
2026-07-31 11:41:38.328 [http-nio-8080-exec-9] INFO  project_backend.aspect.AppAspect - User: Anonymous | Chức năng: isCheckBlacklist() | Thời gian thực hiện: 3 ms
2026-07-31 11:41:38.328 [http-nio-8080-exec-10] INFO  project_backend.aspect.AppAspect - User: Anonymous | Chức năng: isCheckBlacklist() | Thời gian thực hiện: 0 ms
2026-07-31 11:41:38.328 [http-nio-8080-exec-1] INFO  project_backend.aspect.AppAspect - User: Anonymous | Chức năng: isCheckBlacklist() | Thời gian thực hiện: 0 ms
2026-07-31 11:41:38.335 [http-nio-8080-exec-9] INFO  project_backend.aspect.AppAspect - User: admin | Chức năng: getCurrentUser() | Thời gian thực hiện: 4 ms
2026-07-31 11:41:38.341 [http-nio-8080-exec-1] INFO  project_backend.aspect.AppAspect - User: admin | Chức năng: getAllFeedback() | Thời gian thực hiện: 7 ms
2026-07-31 11:41:38.346 [http-nio-8080-exec-10] INFO  project_backend.aspect.AppAspect - User: admin | Chức năng: getStatistics() | Thời gian thực hiện: 13 ms
2026-07-31 11:41:38.349 [http-nio-8080-exec-7] INFO  project_backend.aspect.AppAspect - User: Anonymous | Chức năng: isCheckBlacklist() | Thời gian thực hiện: 2 ms
2026-07-31 11:41:38.365 [http-nio-8080-exec-7] INFO  project_backend.aspect.AppAspect - User: admin | Chức năng: getCurrentUser() | Thời gian thực hiện: 5 ms
2026-07-31 11:41:38.367 [http-nio-8080-exec-3] INFO  project_backend.aspect.AppAspect - User: Anonymous | Chức năng: isCheckBlacklist() | Thời gian thực hiện: 7 ms
2026-07-31 11:41:38.367 [http-nio-8080-exec-5] INFO  project_backend.aspect.AppAspect - User: Anonymous | Chức năng: isCheckBlacklist() | Thời gian thực hiện: 2 ms
2026-07-31 11:41:38.383 [http-nio-8080-exec-3] INFO  project_backend.aspect.AppAspect - User: admin | Chức năng: getAllFeedback() | Thời gian thực hiện: 10 ms
2026-07-31 11:41:38.387 [http-nio-8080-exec-5] INFO  project_backend.aspect.AppAspect - User: admin | Chức năng: getStatistics() | Thời gian thực hiện: 14 ms
2026-07-31 11:41:43.478 [http-nio-8080-exec-2] INFO  project_backend.aspect.AppAspect - User: Anonymous | Chức năng: isCheckBlacklist() | Thời gian thực hiện: 0 ms
2026-07-31 11:41:43.482 [http-nio-8080-exec-4] INFO  project_backend.aspect.AppAspect - User: Anonymous | Chức năng: isCheckBlacklist() | Thời gian thực hiện: 4 ms
2026-07-31 11:41:43.483 [http-nio-8080-exec-6] INFO  project_backend.aspect.AppAspect - User: Anonymous | Chức năng: isCheckBlacklist() | Thời gian thực hiện: 5 ms
2026-07-31 11:41:43.488 [http-nio-8080-exec-2] INFO  project_backend.aspect.AppAspect - User: admin | Chức năng: getCurrentUser() | Thời gian thực hiện: 0 ms
2026-07-31 11:41:43.501 [http-nio-8080-exec-8] INFO  project_backend.aspect.AppAspect - User: Anonymous | Chức năng: isCheckBlacklist() | Thời gian thực hiện: 1 ms
2026-07-31 11:41:43.501 [http-nio-8080-exec-4] INFO  project_backend.aspect.AppAspect - User: admin | Chức năng: getStatistics() | Thời gian thực hiện: 13 ms
2026-07-31 11:41:43.509 [http-nio-8080-exec-6] INFO  project_backend.aspect.AppAspect - User: admin | Chức năng: getQuizzes() | Thời gian thực hiện: 21 ms
2026-07-31 11:41:43.512 [http-nio-8080-exec-8] INFO  project_backend.aspect.AppAspect - User: admin | Chức năng: getCurrentUser() | Thời gian thực hiện: 3 ms
2026-07-31 11:41:43.512 [http-nio-8080-exec-9] INFO  project_backend.aspect.AppAspect - User: Anonymous | Chức năng: isCheckBlacklist() | Thời gian thực hiện: 0 ms
2026-07-31 11:41:43.522 [http-nio-8080-exec-1] INFO  project_backend.aspect.AppAspect - User: Anonymous | Chức năng: isCheckBlacklist() | Thời gian thực hiện: 0 ms
2026-07-31 11:41:43.526 [http-nio-8080-exec-9] INFO  project_backend.aspect.AppAspect - User: admin | Chức năng: getStatistics() | Thời gian thực hiện: 8 ms
2026-07-31 11:41:43.549 [http-nio-8080-exec-1] INFO  project_backend.aspect.AppAspect - User: admin | Chức năng: getQuizzes() | Thời gian thực hiện: 23 ms
2026-07-31 11:53:34.163 [http-nio-8080-exec-6] INFO  project_backend.aspect.AppAspect - User: anonymousUser | Chức năng: login() | Thời gian thực hiện: 221 ms
2026-07-31 11:53:34.219 [http-nio-8080-exec-9] INFO  project_backend.aspect.AppAspect - User: Anonymous | Chức năng: isCheckBlacklist() | Thời gian thực hiện: 4 ms
2026-07-31 11:53:34.219 [http-nio-8080-exec-8] INFO  project_backend.aspect.AppAspect - User: Anonymous | Chức năng: isCheckBlacklist() | Thời gian thực hiện: 4 ms
2026-07-31 11:53:34.238 [http-nio-8080-exec-8] INFO  project_backend.aspect.AppAspect - User: admin | Chức năng: getCurrentUser() | Thời gian thực hiện: 8 ms
2026-07-31 11:53:34.248 [http-nio-8080-exec-9] INFO  project_backend.aspect.AppAspect - User: admin | Chức năng: getStatistics() | Thời gian thực hiện: 24 ms
2026-07-31 11:53:34.253 [http-nio-8080-exec-1] INFO  project_backend.aspect.AppAspect - User: Anonymous | Chức năng: isCheckBlacklist() | Thời gian thực hiện: 1 ms
2026-07-31 11:53:34.260 [http-nio-8080-exec-10] INFO  project_backend.aspect.AppAspect - User: Anonymous | Chức năng: isCheckBlacklist() | Thời gian thực hiện: 1 ms
2026-07-31 11:53:34.266 [http-nio-8080-exec-1] INFO  project_backend.aspect.AppAspect - User: admin | Chức năng: getCurrentUser() | Thời gian thực hiện: 6 ms
2026-07-31 11:53:34.277 [http-nio-8080-exec-10] INFO  project_backend.aspect.AppAspect - User: admin | Chức năng: getStatistics() | Thời gian thực hiện: 10 ms
2026-07-31 11:53:39.239 [http-nio-8080-exec-7] INFO  project_backend.aspect.AppAspect - User: Anonymous | Chức năng: isCheckBlacklist() | Thời gian thực hiện: 0 ms
2026-07-31 11:53:39.239 [http-nio-8080-exec-2] INFO  project_backend.aspect.AppAspect - User: Anonymous | Chức năng: isCheckBlacklist() | Thời gian thực hiện: 0 ms
2026-07-31 11:53:39.239 [http-nio-8080-exec-3] INFO  project_backend.aspect.AppAspect - User: Anonymous | Chức năng: isCheckBlacklist() | Thời gian thực hiện: 0 ms
2026-07-31 11:53:39.251 [http-nio-8080-exec-7] INFO  project_backend.aspect.AppAspect - User: admin | Chức năng: getCurrentUser() | Thời gian thực hiện: 3 ms
2026-07-31 11:53:39.261 [http-nio-8080-exec-3] INFO  project_backend.aspect.AppAspect - User: admin | Chức năng: getStatistics() | Thời gian thực hiện: 13 ms
2026-07-31 11:53:39.264 [http-nio-8080-exec-5] INFO  project_backend.aspect.AppAspect - User: Anonymous | Chức năng: isCheckBlacklist() | Thời gian thực hiện: 0 ms
2026-07-31 11:53:39.270 [http-nio-8080-exec-5] INFO  project_backend.aspect.AppAspect - User: admin | Chức năng: getCurrentUser() | Thời gian thực hiện: 0 ms
2026-07-31 11:53:39.273 [http-nio-8080-exec-2] INFO  project_backend.aspect.AppAspect - User: admin | Chức năng: getUsers() | Thời gian thực hiện: 12 ms
2026-07-31 11:53:39.274 [http-nio-8080-exec-4] INFO  project_backend.aspect.AppAspect - User: Anonymous | Chức năng: isCheckBlacklist() | Thời gian thực hiện: 1 ms
2026-07-31 11:53:39.285 [http-nio-8080-exec-6] INFO  project_backend.aspect.AppAspect - User: Anonymous | Chức năng: isCheckBlacklist() | Thời gian thực hiện: 5 ms
2026-07-31 11:53:39.288 [http-nio-8080-exec-4] INFO  project_backend.aspect.AppAspect - User: admin | Chức năng: getStatistics() | Thời gian thực hiện: 8 ms
2026-07-31 11:53:39.301 [http-nio-8080-exec-6] INFO  project_backend.aspect.AppAspect - User: admin | Chức năng: getUsers() | Thời gian thực hiện: 12 ms
2026-07-31 11:54:00.571 [http-nio-8080-exec-8] INFO  project_backend.aspect.AppAspect - User: Anonymous | Chức năng: isCheckBlacklist() | Thời gian thực hiện: 5 ms
2026-07-31 11:54:00.582 [http-nio-8080-exec-8] INFO  project_backend.aspect.AppAspect - User: admin | Chức năng: lockUser() | Thời gian thực hiện: 5 ms
2026-07-31 11:54:02.280 [http-nio-8080-exec-9] INFO  project_backend.aspect.AppAspect - User: Anonymous | Chức năng: isCheckBlacklist() | Thời gian thực hiện: 0 ms
2026-07-31 11:54:02.289 [http-nio-8080-exec-9] INFO  project_backend.aspect.AppAspect - User: admin | Chức năng: lockUser() | Thời gian thực hiện: 0 ms
2026-07-31 11:54:05.221 [http-nio-8080-exec-1] INFO  project_backend.aspect.AppAspect - User: Anonymous | Chức năng: isCheckBlacklist() | Thời gian thực hiện: 0 ms
2026-07-31 11:54:05.238 [http-nio-8080-exec-1] INFO  project_backend.aspect.AppAspect - User: admin | Chức năng: lockUser() | Thời gian thực hiện: 0 ms
2026-07-31 11:54:06.813 [http-nio-8080-exec-10] INFO  project_backend.aspect.AppAspect - User: Anonymous | Chức năng: isCheckBlacklist() | Thời gian thực hiện: 0 ms
2026-07-31 11:54:06.826 [http-nio-8080-exec-10] INFO  project_backend.aspect.AppAspect - User: admin | Chức năng: lockUser() | Thời gian thực hiện: 0 ms
2026-07-31 11:54:12.734 [http-nio-8080-exec-7] INFO  project_backend.aspect.AppAspect - User: Anonymous | Chức năng: isCheckBlacklist() | Thời gian thực hiện: 3 ms
2026-07-31 11:54:12.739 [http-nio-8080-exec-7] INFO  project_backend.aspect.AppAspect - User: admin | Chức năng: unlockUser() | Thời gian thực hiện: 0 ms
2026-07-31 11:54:14.730 [http-nio-8080-exec-3] INFO  project_backend.aspect.AppAspect - User: Anonymous | Chức năng: isCheckBlacklist() | Thời gian thực hiện: 0 ms
2026-07-31 11:54:14.742 [http-nio-8080-exec-3] INFO  project_backend.aspect.AppAspect - User: admin | Chức năng: lockUser() | Thời gian thực hiện: 3 ms
2026-07-31 13:23:10.972 [SpringApplicationShutdownHook] INFO  com.zaxxer.hikari.HikariDataSource - HikariPool-1 - Shutdown initiated...
2026-07-31 13:23:10.995 [SpringApplicationShutdownHook] INFO  com.zaxxer.hikari.HikariDataSource - HikariPool-1 - Shutdown completed.
