2026-09-25 11:28:24.241 [restartedMain] WARN  org.hibernate.orm.deprecation - HHH90000025: PostgreSQLDialect does not need to be specified explicitly using 'hibernate.dialect' (remove the property setting and it will be selected by default)
2026-09-25 11:28:27.626 [restartedMain] WARN  o.s.s.c.a.a.c.InitializeUserDetailsBeanManagerConfigurer$InitializeUserDetailsManagerConfigurer - Global AuthenticationManager configured with an AuthenticationProvider bean. UserDetailsService beans will not be used by Spring Security for automatically configuring username/password login. Consider removing the AuthenticationProvider bean. Alternatively, consider using the UserDetailsService in a manually instantiated DaoAuthenticationProvider. If the current configuration is intentional, to turn off this warning, increase the logging level of 'org.springframework.security.config.annotation.authentication.configuration.InitializeUserDetailsBeanManagerConfigurer' to ERROR
2026-09-25 11:28:27.799 [restartedMain] WARN  o.s.b.j.a.JpaBaseConfiguration$JpaWebConfiguration - spring.jpa.open-in-view is enabled by default. Therefore, database queries may be performed during view rendering. Explicitly configure spring.jpa.open-in-view to disable this warning
2026-09-25 11:49:25.820 [http-nio-8080-exec-1] WARN  o.s.w.s.m.m.a.ExceptionHandlerExceptionResolver - Resolved [project_backend.exception.NotFoundException: Khong tim thay quiz voi id: 10]
2026-09-25 11:49:25.832 [http-nio-8080-exec-8] WARN  o.s.w.s.m.m.a.ExceptionHandlerExceptionResolver - Resolved [project_backend.exception.NotFoundException: Khong tim thay quiz voi id: 10]
2026-09-25 11:49:56.171 [http-nio-8080-exec-5] WARN  o.s.w.s.m.m.a.ExceptionHandlerExceptionResolver - Resolved [project_backend.exception.NotFoundException: Khong tim thay quiz voi id: 3]
2026-09-25 11:49:56.187 [http-nio-8080-exec-10] WARN  o.s.w.s.m.m.a.ExceptionHandlerExceptionResolver - Resolved [project_backend.exception.NotFoundException: Khong tim thay quiz voi id: 3]
2026-09-25 12:28:21.460 [http-nio-8080-exec-2] WARN  o.s.w.s.m.m.a.ExceptionHandlerExceptionResolver - Resolved [org.springframework.data.core.PropertyReferenceException: No property 'created' found for type 'Document']
2026-09-25 12:28:21.474 [http-nio-8080-exec-6] WARN  o.s.w.s.m.m.a.ExceptionHandlerExceptionResolver - Resolved [org.springframework.data.core.PropertyReferenceException: No property 'created' found for type 'Document']
2026-09-25 12:30:59.455 [http-nio-8080-exec-10] WARN  o.s.w.s.m.m.a.ExceptionHandlerExceptionResolver - Resolved [org.springframework.data.core.PropertyReferenceException: No property 'created' found for type 'Document']
2026-09-25 12:31:17.459 [http-nio-8080-exec-9] WARN  o.s.w.s.m.m.a.ExceptionHandlerExceptionResolver - Resolved [org.springframework.data.core.PropertyReferenceException: No property 'created' found for type 'Document']
2026-09-25 12:31:26.444 [http-nio-8080-exec-4] WARN  o.s.w.s.m.m.a.ExceptionHandlerExceptionResolver - Resolved [org.springframework.data.core.PropertyReferenceException: No property 'created' found for type 'Document']
2026-09-25 12:32:47.076 [http-nio-8080-exec-5] WARN  o.s.w.s.m.m.a.ExceptionHandlerExceptionResolver - Resolved [org.springframework.data.core.PropertyReferenceException: No property 'created' found for type 'Document']
2026-09-25 12:32:47.088 [http-nio-8080-exec-6] WARN  o.s.w.s.m.m.a.ExceptionHandlerExceptionResolver - Resolved [org.springframework.data.core.PropertyReferenceException: No property 'created' found for type 'Document']
2026-09-25 12:38:06.480 [http-nio-8080-exec-10] WARN  o.s.w.s.m.m.a.ExceptionHandlerExceptionResolver - Resolved [org.springframework.data.core.PropertyReferenceException: No property 'created' found for type 'Document']
2026-09-25 12:38:10.310 [http-nio-8080-exec-9] WARN  o.s.w.s.m.m.a.ExceptionHandlerExceptionResolver - Resolved [org.springframework.data.core.PropertyReferenceException: No property 'created' found for type 'Document']
2026-09-25 12:38:10.317 [http-nio-8080-exec-8] WARN  o.s.w.s.m.m.a.ExceptionHandlerExceptionResolver - Resolved [org.springframework.data.core.PropertyReferenceException: No property 'created' found for type 'Document']
2026-09-25 12:38:27.300 [http-nio-8080-exec-3] WARN  o.s.w.s.m.m.a.ExceptionHandlerExceptionResolver - Resolved [org.springframework.data.core.PropertyReferenceException: No property 'created' found for type 'Document']
2026-09-25 12:38:27.313 [http-nio-8080-exec-5] WARN  o.s.w.s.m.m.a.ExceptionHandlerExceptionResolver - Resolved [org.springframework.data.core.PropertyReferenceException: No property 'created' found for type 'Document']
2026-09-25 12:38:33.203 [http-nio-8080-exec-7] WARN  o.s.w.s.m.m.a.ExceptionHandlerExceptionResolver - Resolved [org.springframework.data.core.PropertyReferenceException: No property 'created' found for type 'Document']
2026-09-25 12:38:33.215 [http-nio-8080-exec-1] WARN  o.s.w.s.m.m.a.ExceptionHandlerExceptionResolver - Resolved [org.springframework.data.core.PropertyReferenceException: No property 'created' found for type 'Document']
2026-09-25 12:39:09.888 [http-nio-8080-exec-8] WARN  o.s.w.s.m.m.a.ExceptionHandlerExceptionResolver - Resolved [org.springframework.data.core.PropertyReferenceException: No property 'created' found for type 'Document']
2026-09-25 12:39:09.900 [http-nio-8080-exec-3] WARN  o.s.w.s.m.m.a.ExceptionHandlerExceptionResolver - Resolved [org.springframework.data.core.PropertyReferenceException: No property 'created' found for type 'Document']
2026-09-25 12:40:32.905 [http-nio-8080-exec-5] WARN  o.s.w.s.m.m.a.ExceptionHandlerExceptionResolver - Resolved [org.springframework.data.core.PropertyReferenceException: No property 'created' found for type 'Document']
2026-09-25 12:40:33.594 [http-nio-8080-exec-7] WARN  o.s.w.s.m.m.a.ExceptionHandlerExceptionResolver - Resolved [org.springframework.data.core.PropertyReferenceException: No property 'created' found for type 'Document']
2026-09-25 12:40:33.606 [http-nio-8080-exec-1] WARN  o.s.w.s.m.m.a.ExceptionHandlerExceptionResolver - Resolved [org.springframework.data.core.PropertyReferenceException: No property 'created' found for type 'Document']
2026-09-25 12:40:39.442 [http-nio-8080-exec-8] WARN  o.s.w.s.m.m.a.ExceptionHandlerExceptionResolver - Resolved [org.springframework.data.core.PropertyReferenceException: No property 'created' found for type 'Document']
2026-09-25 12:40:50.313 [http-nio-8080-exec-3] WARN  o.s.w.s.m.m.a.ExceptionHandlerExceptionResolver - Resolved [org.springframework.data.core.PropertyReferenceException: No property 'created' found for type 'Document']
2026-09-25 12:40:50.327 [http-nio-8080-exec-5] WARN  o.s.w.s.m.m.a.ExceptionHandlerExceptionResolver - Resolved [org.springframework.data.core.PropertyReferenceException: No property 'created' found for type 'Document']
2026-09-25 12:40:51.289 [http-nio-8080-exec-2] WARN  o.s.w.s.m.m.a.ExceptionHandlerExceptionResolver - Resolved [org.springframework.data.core.PropertyReferenceException: No property 'created' found for type 'Document']
2026-09-25 12:40:51.302 [http-nio-8080-exec-1] WARN  o.s.w.s.m.m.a.ExceptionHandlerExceptionResolver - Resolved [org.springframework.data.core.PropertyReferenceException: No property 'created' found for type 'Document']
2026-09-25 12:41:51.714 [http-nio-8080-exec-9] WARN  o.s.w.s.m.m.a.ExceptionHandlerExceptionResolver - Resolved [org.springframework.data.core.PropertyReferenceException: No property 'created' found for type 'Document']
2026-09-25 12:41:51.726 [http-nio-8080-exec-4] WARN  o.s.w.s.m.m.a.ExceptionHandlerExceptionResolver - Resolved [org.springframework.data.core.PropertyReferenceException: No property 'created' found for type 'Document']
2026-09-25 12:42:00.685 [http-nio-8080-exec-6] WARN  o.s.w.s.m.m.a.ExceptionHandlerExceptionResolver - Resolved [org.springframework.data.core.PropertyReferenceException: No property 'created' found for type 'Document']
2026-09-25 12:42:00.696 [http-nio-8080-exec-2] WARN  o.s.w.s.m.m.a.ExceptionHandlerExceptionResolver - Resolved [org.springframework.data.core.PropertyReferenceException: No property 'created' found for type 'Document']
2026-09-25 12:42:01.530 [http-nio-8080-exec-10] WARN  o.s.w.s.m.m.a.ExceptionHandlerExceptionResolver - Resolved [org.springframework.data.core.PropertyReferenceException: No property 'created' found for type 'Document']
2026-09-25 12:42:01.541 [http-nio-8080-exec-9] WARN  o.s.w.s.m.m.a.ExceptionHandlerExceptionResolver - Resolved [org.springframework.data.core.PropertyReferenceException: No property 'created' found for type 'Document']
2026-09-25 12:42:02.416 [http-nio-8080-exec-3] WARN  o.s.w.s.m.m.a.ExceptionHandlerExceptionResolver - Resolved [org.springframework.data.core.PropertyReferenceException: No property 'created' found for type 'Document']
2026-09-25 12:42:02.429 [http-nio-8080-exec-5] WARN  o.s.w.s.m.m.a.ExceptionHandlerExceptionResolver - Resolved [org.springframework.data.core.PropertyReferenceException: No property 'created' found for type 'Document']
2026-09-25 12:42:15.086 [http-nio-8080-exec-2] WARN  o.s.w.s.m.m.a.ExceptionHandlerExceptionResolver - Resolved [org.springframework.data.core.PropertyReferenceException: No property 'created' found for type 'Document']
2026-09-25 12:42:18.840 [http-nio-8080-exec-10] WARN  o.s.w.s.m.m.a.ExceptionHandlerExceptionResolver - Resolved [org.springframework.data.core.PropertyReferenceException: No property 'created' found for type 'Document']
2026-09-25 12:42:18.850 [http-nio-8080-exec-8] WARN  o.s.w.s.m.m.a.ExceptionHandlerExceptionResolver - Resolved [org.springframework.data.core.PropertyReferenceException: No property 'created' found for type 'Document']
2026-09-25 12:42:19.832 [http-nio-8080-exec-4] WARN  o.s.w.s.m.m.a.ExceptionHandlerExceptionResolver - Resolved [org.springframework.data.core.PropertyReferenceException: No property 'created' found for type 'Document']
2026-09-25 12:42:19.843 [http-nio-8080-exec-6] WARN  o.s.w.s.m.m.a.ExceptionHandlerExceptionResolver - Resolved [org.springframework.data.core.PropertyReferenceException: No property 'created' found for type 'Document']
2026-09-25 12:42:47.605 [restartedMain] WARN  org.hibernate.orm.deprecation - HHH90000025: PostgreSQLDialect does not need to be specified explicitly using 'hibernate.dialect' (remove the property setting and it will be selected by default)
2026-09-25 12:42:53.808 [restartedMain] WARN  o.s.s.c.a.a.c.InitializeUserDetailsBeanManagerConfigurer$InitializeUserDetailsManagerConfigurer - Global AuthenticationManager configured with an AuthenticationProvider bean. UserDetailsService beans will not be used by Spring Security for automatically configuring username/password login. Consider removing the AuthenticationProvider bean. Alternatively, consider using the UserDetailsService in a manually instantiated DaoAuthenticationProvider. If the current configuration is intentional, to turn off this warning, increase the logging level of 'org.springframework.security.config.annotation.authentication.configuration.InitializeUserDetailsBeanManagerConfigurer' to ERROR
2026-09-25 12:42:54.142 [restartedMain] WARN  o.s.b.j.a.JpaBaseConfiguration$JpaWebConfiguration - spring.jpa.open-in-view is enabled by default. Therefore, database queries may be performed during view rendering. Explicitly configure spring.jpa.open-in-view to disable this warning
2026-09-25 14:16:46.208 [restartedMain] WARN  org.hibernate.orm.deprecation - HHH90000025: PostgreSQLDialect does not need to be specified explicitly using 'hibernate.dialect' (remove the property setting and it will be selected by default)
2026-09-25 14:16:54.163 [restartedMain] WARN  o.s.s.c.a.a.c.InitializeUserDetailsBeanManagerConfigurer$InitializeUserDetailsManagerConfigurer - Global AuthenticationManager configured with an AuthenticationProvider bean. UserDetailsService beans will not be used by Spring Security for automatically configuring username/password login. Consider removing the AuthenticationProvider bean. Alternatively, consider using the UserDetailsService in a manually instantiated DaoAuthenticationProvider. If the current configuration is intentional, to turn off this warning, increase the logging level of 'org.springframework.security.config.annotation.authentication.configuration.InitializeUserDetailsBeanManagerConfigurer' to ERROR
2026-09-25 14:16:54.371 [restartedMain] WARN  o.s.b.j.a.JpaBaseConfiguration$JpaWebConfiguration - spring.jpa.open-in-view is enabled by default. Therefore, database queries may be performed during view rendering. Explicitly configure spring.jpa.open-in-view to disable this warning
